******************************************************************************
                  TI ARM Linker Unix v16.9.0                   
******************************************************************************
>> Linked Sat Feb 25 06:47:23 2017

OUTPUT FILE NAME:   <Randy_MechHandy.out>
ENTRY POINT SYMBOL: "_c_int00"  address: 2000d119


MEMORY CONFIGURATION

         name            origin    length      used     unused   attr    fill
----------------------  --------  ---------  --------  --------  ----  --------
  SRAM_CODE             20004000   00013000  0000d098  00005f68  RW X
  SRAM_DATA             20017000   00019000  0000baa1  0000d55f  RW X


SEGMENT ALLOCATION MAP

run origin  load origin   length   init length attrs members
----------  ----------- ---------- ----------- ----- -------
20004000    20004000    0000d0a0   0000d0a0    r-x
  20004000    20004000    0000030c   0000030c    r-- .resetVecs
  20004310    20004310    0000a9c2   0000a9c2    r-x .text
  2000ecd4    2000ecd4    00002202   00002202    r-- .const
  20010ed8    20010ed8    000001c8   000001c8    r-- .cinit
20017000    20017000    00009aa4   00000000    rw-
  20017000    20017000    000096a1   00000000    rw- .bss
  200206a4    200206a4    00000400   00000000    rw- .data
2002e000    2002e000    00002000   00000000    rw-
  2002e000    2002e000    00002000   00000000    rw- .stack


SECTION ALLOCATION MAP

 output                                  attributes/
section   page    origin      length       input sections
--------  ----  ----------  ----------   ----------------
.init_array 
*          0    20004000    00000000     UNINITIALIZED

.text      0    20004310    0000a9c2     
                  20004310    000005ec     simplelink.a : driver.obj (.text:_SlDrvMsgRead)
                  200048fc    00000544     ti_rtos.a : osi_tirtos.obj (.text)
                  20004e40    00000430     sysbios.aem4 : BIOS.obj (.text:ti_sysbios_family_arm_m3_Hwi_excDumpRegs__I)
                  20005270    0000039c     task_wifi.obj (.text)
                  2000560c    0000033c     ti.targets.arm.rtsarm.aem4 : System.oem4 (.text:xdc_runtime_System_doPrint__I)
                  20005948    00000324     rtsv7M4_T_le_eabi.lib : trgdrv.obj (.text)
                  20005c6c    00000004     ti.targets.arm.rtsarm.aem4 : LoggerBuf.oem4 (.text:LoggerBuf_instanceStartup)
                  20005c70    00000314     sysbios.aem4 : BIOS.obj (.text:ti_sysbios_knl_Semaphore_pend__E)
                  20005f84    00000004     app_pem4.oem4 (.text:ti_sysbios_BIOS_RtsGateProxy_enter__E)
                  20005f88    00000258     sysbios.aem4 : BIOS.obj (.text:ti_sysbios_heaps_HeapMem_free__E)
                  200061e0    00000248     simplelink.a : driver.obj (.text:_SlDrvRxHdrRead)
                  20006428    00000240     sysbios.aem4 : BIOS.obj (.text:ti_sysbios_heaps_HeapMem_alloc__E)
                  20006668    00000234     Communicator.obj (.text)
                  2000689c    00000004     app_pem4.oem4 (.text:ti_sysbios_BIOS_RtsGateProxy_leave__E)
                  200068a0    00000224     sysbios.aem4 : BIOS.obj (.text:ti_sysbios_knl_Task_Instance_finalize__E)
                  20006ac4    00000004     app_pem4.oem4 (.text:ti_sysbios_family_arm_m3_Hwi_delete)
                  20006ac8    00000200     sysbios.aem4 : BIOS.obj (.text:ti_sysbios_knl_Task_sleep__E)
                  20006cc8    000001fc     Timer.obj (.text)
                  20006ec4    00000004     app_pem4.oem4 (.text:ti_sysbios_family_arm_m3_TaskSupport_Module__startupDone__S)
                  20006ec8    000001fc     sysbios.aem4 : BIOS.obj (.text:ti_sysbios_family_arm_m3_Hwi_excHandlerMax__I)
                  200070c4    000001d0     simplelink.a : driver.obj (.text:_SlDrvReleasePoolObj)
                  20007294    000001cc                  : driver.obj (.text:_SlDrvMsgWrite)
                  20007460    000001c8     sysbios.aem4 : BIOS.obj (.text:ti_sysbios_knl_Task_Instance_init__E)
                  20007628    0000019c                  : BIOS.obj (.text:ti_sysbios_knl_Task_Module_startup__E)
                  200077c4    00000190     simplelink.a : driver.obj (.text:_SlDrvWaitForPoolObj)
                  20007954    00000174                  : driver.obj (.text:_SlDrvDriverCBInit)
                  20007ac8    00000174     sysbios.aem4 : BIOS.obj (.text:ti_sysbios_family_arm_m3_Hwi_excBusFault__I)
                  20007c3c    00000170     simplelink.a : driver.obj (.text:_SlFindAndSetActiveObj)
                  20007dac    00000004     app_pem4.oem4 (.text:ti_sysbios_heaps_HeapMem_Module_GateProxy_enter__E)
                  20007db0    00000164     sysbios.aem4 : BIOS.obj (.text:ti_sysbios_family_arm_m3_Hwi_excUsageFault__I)
                  20007f14    00000004     app_pem4.oem4 (.text:ti_sysbios_heaps_HeapMem_Module_GateProxy_leave__E)
                  20007f18    00000158     sysbios.aem4 : BIOS.obj (.text:ti_sysbios_knl_Mailbox_Instance_init__E)
                  20008070    00000150     simplelink.a : cc_pal.obj (.text:spi_Open)
                  200081c0    0000014c     rom_pin_mux_config.obj (.text)
                  2000830c    00000004     app_pem4.oem4 (.text:ti_sysbios_knl_Clock_TimerProxy_getMaxTicks__E)
                  20008310    0000014c     sysbios.aem4 : BIOS.obj (.text:ti_sysbios_family_arm_m3_Hwi_dispatchC__I)
                  2000845c    00000004     app_pem4.oem4 (.text:ti_sysbios_knl_Mailbox_delete)
                  20008460    00000148     sysbios.aem4 : BIOS.obj (.text:ti_sysbios_family_arm_m3_Hwi_excMemFault__I)
                  200085a8    00000140                  : BIOS.obj (.text:ti_sysbios_knl_Semaphore_post__E)
                  200086e8    0000013c                  : BIOS.obj (.text:ti_sysbios_heaps_HeapMem_Instance_init__E)
                  20008824    00000004     app_pem4.oem4 (.text:ti_sysbios_knl_Queue_destruct)
                  20008828    0000013c     sysbios.aem4 : BIOS.obj (.text:ti_sysbios_knl_Clock_workFunc__E)
                  20008964    00000138     simplelink.a : socket.obj (.text:sl_Accept)
                  20008a9c    00000134     driverlib.a : prcm.obj (.text:PRCMCC3200MCUInit)
                  20008bd0    00000130     ti.targets.arm.rtsarm.aem4 : LoggerBuf.oem4 (.text:xdc_runtime_LoggerBuf_write8__E)
                  20008d00    00000128     simplelink.a : driver.obj (.text:_SlDrvDataReadOp)
                  20008e28    00000120     ti.targets.arm.rtsarm.aem4 : Error.oem4 (.text:xdc_runtime_Error_policyDefault__E)
                  20008f48    0000011c     sysbios.aem4 : BIOS.obj (.text:ti_sysbios_knl_Swi_run__I)
                  20009064    00000108     simplelink.a : socket.obj (.text:sl_Send)
                  2000916c    00000104                  : driver.obj (.text:_SlDrvDataWriteOp)
                  20009270    00000104     ti.targets.arm.rtsarm.aem4 : Core-mem.oem4 (.text:xdc_runtime_Core_createObject__I)
                  20009374    000000fe     simplelink.a : netapp.obj (.text:_SlDrvNetAppEventHandler)
                  20009472    00000002     rtsv7M4_T_le_eabi.lib : i_div0.obj (.text)
                  20009474    000000fc     ti.targets.arm.rtsarm.aem4 : Startup.oem4 (.text:xdc_runtime_Startup_startMods__I)
                  20009570    000000fa     rtsv7M4_T_le_eabi.lib : fs_add_t2.obj (.text)
                  2000966a    000000f8     app_pem4.oem4 (.text:xdc_runtime_System_printfExtend__I)
                  20009762    00000002     app_pem4.oem4 (.text:ti_sysbios_BIOS_nullFunc__I)
                  20009764    000000f4     simplelink.a : driver.obj (.text:_SlDrvDriverCBDeinit)
                  20009858    000000f0     driverlib.a : udma.obj (.text:uDMAChannelTransferSet)
                  20009948    000000dc     simplelink.a : cc_pal.obj (.text:spi_Read)
                  20009a24    000000d8                  : driver.obj (.text:_SlDrvClassifyRxMsg)
                  20009afc    000000d4                  : device.obj (.text:sl_Stop)
                  20009bd0    000000d4     ti.targets.arm.rtsarm.aem4 : LoggerBuf.oem4 (.text:xdc_runtime_LoggerBuf_write4__E)
                  20009ca4    000000d0     sysbios.aem4 : m3_Hwi_asm.obj (.text:ti_sysbios_family_arm_m3_Hwi_dispatch__I)
                  20009d74    00000004     app_pem4.oem4 (.text:ti_sysbios_knl_Semaphore_delete)
                  20009d78    000000cc     sysbios.aem4 : BIOS.obj (.text:ti_sysbios_knl_Task_schedule__I)
                  20009e44    000000cc     ti.targets.arm.rtsarm.aem4 : Core-smem.oem4 (.text:xdc_runtime_Core_constructObject__I)
                  20009f10    000000c8     simplelink.a : netapp.obj (.text:_sl_HandleAsync_DnsGetHostByService)
                  20009fd8    000000c4                  : driver.obj (.text:_SlRemoveFromList)
                  2000a09c    00000004     app_pem4.oem4 (.text:ti_sysbios_knl_Semaphore_destruct)
                  2000a0a0    000000c4     sysbios.aem4 : BIOS.obj (.text:ti_sysbios_family_arm_m3_Hwi_Module_startup__E)
                  2000a164    00000004     app_pem4.oem4 (.text:ti_sysbios_knl_Task_delete)
                  2000a168    000000c0     sysbios.aem4 : BIOS.obj (.text:ti_sysbios_knl_Task_exit__E)
                  2000a228    000000bc     simplelink.a : driver.obj (.text:_SlDrvMsgReadCmdCtx)
                  2000a2e4    000000bc                  : device.obj (.text:sl_Start)
                  2000a3a0    000000bc     sysbios.aem4 : BIOS.obj (.text:ti_sysbios_family_arm_m3_Hwi_excDebugMon__I)
                  2000a45c    00000004     ti.targets.arm.rtsarm.aem4 : Error.oem4 (.text:xdc_runtime_Error_getSite__E)
                  2000a460    000000bc     sysbios.aem4 : BIOS.obj (.text:ti_sysbios_family_arm_m3_Hwi_excHardFault__I)
                  2000a51c    00000004     app_pem4.oem4 (.text:xdc_runtime_LoggerBuf_Module_GateProxy_enter__E)
                  2000a520    000000bc     sysbios.aem4 : BIOS.obj (.text:ti_sysbios_knl_Task_startCore__E)
                  2000a5dc    000000b8     simplelink.a : driver.obj (.text:_SlAsyncEventGenericHandler)
                  2000a694    00000004     app_pem4.oem4 (.text:xdc_runtime_LoggerBuf_Module_GateProxy_leave__E)
                  2000a698    000000b4     sysbios.aem4 : BIOS.obj (.text:ti_sysbios_gates_GateMutex_enter__E)
                  2000a74c    00000004     app_pem4.oem4 (.text:xdc_runtime_System_Module_GateProxy_enter__E)
                  2000a750    000000b4     sysbios.aem4 : BIOS.obj (.text:ti_sysbios_knl_Task_checkStacks__E)
                  2000a804    00000004     app_pem4.oem4 (.text:xdc_runtime_System_Module_GateProxy_leave__E)
                  2000a808    000000b4     sysbios.aem4 : BIOS.obj (.text:ti_sysbios_knl_Task_yield__E)
                  2000a8bc    00000004     ti.targets.arm.rtsarm.aem4 : System.oem4 (.text:xdc_runtime_System_aprintf_va__F)
                  2000a8c0    000000b0     sysbios.aem4 : BIOS.obj (.text:ti_sysbios_knl_Task_postInit__I)
                  2000a970    000000ac                  : BIOS.obj (.text:ti_sysbios_knl_Swi_post__E)
                  2000aa1c    000000a8     driverlib.a : interrupt.obj (.text:IntEnable)
                  2000aac4    00000004     ti.targets.arm.rtsarm.aem4 : System.oem4 (.text:xdc_runtime_System_printf_va__F)
                  2000aac8    000000a8     sysbios.aem4 : BIOS.obj (.text:ti_sysbios_knl_Task_blockI__E)
                  2000ab70    000000a0     driverlib.a : spi.obj (.text:SPIConfigSetExpClk)
                  2000ac10    000000a0     auto_init.aem4 : auto_init.oem4 (.text)
                  2000acb0    000000a0     sysbios.aem4 : BIOS.obj (.text:ti_sysbios_family_arm_m3_Hwi_Instance_init__E)
                  2000ad50    0000009c     simplelink.a : driver.obj (.text:_SlDrvMsgReadSpawnCtx)
                  2000adec    0000009c     rtsv7M4_T_le_eabi.lib : memcpy_t2.obj (.text)
                  2000ae88    0000009c     sysbios.aem4 : BIOS.obj (.text:ti_sysbios_knl_Semaphore_Instance_init__E)
                  2000af24    0000009a     ti.targets.arm.rtsarm.aem4 : Text.oem4 (.text:xdc_runtime_Text_putSite__E)
                  2000afbe    00000002     app_pem4.oem4 (.text:xdc_runtime_Startup_reset__I)
                  2000afc0    00000098     sysbios.aem4 : BIOS.obj (.text:ti_sysbios_knl_Mailbox_post__E)
                  2000b058    00000094     driverlib.a : prcm.obj (.text:PRCMPeripheralClockGet)
                  2000b0ec    00000094     ti.targets.arm.rtsarm.aem4 : Text.oem4 (.text:xdc_runtime_Text_putMod__E)
                  2000b180    00000090     sysbios.aem4 : BIOS.obj (.text:ti_sysbios_knl_Task_unblockI__E)
                  2000b210    0000008c     simplelink.a : cc_pal.obj (.text:SetupDMAReceive)
                  2000b29c    0000008c                  : cc_pal.obj (.text:SetupDMASend)
                  2000b328    0000008c                  : netapp.obj (.text:_sl_HandleAsync_DnsGetHostByName)
                  2000b3b4    0000008c                  : netapp.obj (.text:_sl_HandleAsync_PingResponse)
                  2000b440    0000008c                  : cc_pal.obj (.text:spi_Write)
                  2000b4cc    00000004     --HOLE-- [fill = 0]
                  2000b4d0    0000008c     sysbios.aem4 : BIOS.obj (.text:ti_sysbios_knl_Mailbox_pend__E)
                  2000b55c    00000088     driverlib.a : pin.obj (.text:PinConfigSet)
                  2000b5e4    00000088     simplelink.a : socket.obj (.text:sl_Bind)
                  2000b66c    00000004     --HOLE-- [fill = 0]
                  2000b670    00000088     sysbios.aem4 : BIOS.obj (.text:ti_sysbios_family_arm_m3_Hwi_initNVIC__E)
                  2000b6f8    00000088                  : BIOS.obj (.text:ti_sysbios_knl_Mailbox_Module_startup__E)
                  2000b780    00000084     simplelink.a : cc_pal.obj (.text:NwpPowerOnPreamble)
                  2000b804    00000080                  : driver.obj (.text:_SlDrvCmdOp)
                  2000b884    00000080                  : cc_pal.obj (.text:spi_Read_CPU)
                  2000b904    00000080                  : cc_pal.obj (.text:spi_Write_CPU)
                  2000b984    00000080     ti.targets.arm.rtsarm.aem4 : LoggerBuf.oem4 (.text:xdc_runtime_LoggerBuf_setFilterLevel__E)
                  2000ba04    0000007c     simplelink.a : device.obj (.text:_sl_HandleAsync_InitComplete)
                  2000ba80    0000007a     rtsv7M4_T_le_eabi.lib : fs_mul_t2.obj (.text)
                  2000bafa    0000007a                           : memset_t2.obj (.text)
                  2000bb74    00000078     simplelink.a : socket.obj (.text:_sl_HandleAsync_Connect)
                  2000bbec    00000078                  : cc_pal.obj (.text:spi_Close)
                  2000bc64    00000074                  : socket.obj (.text:sl_Recv)
                  2000bcd8    00000074     sysbios.aem4 : BIOS.obj (.text:ti_sysbios_family_arm_m3_Hwi_postInit__I)
                  2000bd4c    00000004     --HOLE-- [fill = 0]
                  2000bd50    00000070                  : BIOS.obj (.text:ti_sysbios_knl_Mailbox_Instance_finalize__E)
                  2000bdc0    00000070     ti.targets.arm.rtsarm.aem4 : Memory.oem4 (.text:xdc_runtime_Memory_alloc__E)
                  2000be30    0000006c     simplelink.a : driver.obj (.text:_SlDrvCmdSend)
                  2000be9c    0000006c     main.obj (.text)
                  2000bf08    0000006c     ti.targets.arm.rtsarm.aem4 : Error.oem4 (.text:xdc_runtime_Error_print__E)
                  2000bf74    0000006c                                : LoggerBuf.oem4 (.text:xdc_runtime_LoggerBuf_getFilterLevel__E)
                  2000bfe0    00000068     simplelink.a : netapp.obj (.text:_sl_NetAppSendTokenValue)
                  2000c048    00000068     rtsv7M4_T_le_eabi.lib : copy_decompress_lzss.obj (.text:decompress:lzss)
                  2000c0b0    00000068                           : trgmsg.obj (.text)
                  2000c118    00000068     simplelink.a : socket.obj (.text:sl_SetSockOpt)
                  2000c180    00000068                  : wlan.obj (.text:sl_WlanSet)
                  2000c1e8    00000066     ti.targets.arm.rtsarm.aem4 : Core-mem.oem4 (.text:xdc_runtime_Core_deleteObject__I)
                  2000c24e    00000002     --HOLE-- [fill = 0]
                  2000c250    00000064     app_pem4.oem4 (.text:ti_sysbios_family_arm_m3_Hwi_create)
                  2000c2b4    00000004     --HOLE-- [fill = 0]
                  2000c2b8    00000064     sysbios.aem4 : BIOS.obj (.text:ti_sysbios_family_arm_m3_TimestampProvider_get64__E)
                  2000c31c    00000064     app_pem4.oem4 (.text:ti_sysbios_knl_Mailbox_create)
                  2000c380    00000064     driverlib.a : udma.obj (.text:uDMAChannelAttributeDisable)
                  2000c3e4    00000064                 : udma.obj (.text:uDMAChannelAttributeEnable)
                  2000c448    00000060     rtsv7M4_T_le_eabi.lib : fs_cmp_t2.obj (.text:__aeabi_cfcmple)
                  2000c4a8    00000060                           : fs_cmp_t2.obj (.text:__aeabi_cfrcmple)
                  2000c508    00000060     simplelink.a : socket.obj (.text:_sl_HandleAsync_Accept)
                  2000c568    00000060     sysbios.aem4 : BIOS.obj (.text:ti_sysbios_knl_Clock_logTick__E)
                  2000c5c8    00000060     ti.targets.arm.rtsarm.aem4 : System.oem4 (.text:xdc_runtime_System_formatNum__I)
                  2000c628    0000005c     simplelink.a : socket.obj (.text:sl_Socket)
                  2000c684    00000004     --HOLE-- [fill = 0]
                  2000c688    0000005c     sysbios.aem4 : BIOS.obj (.text:ti_sysbios_knl_Swi_restoreHwi__E)
                  2000c6e4    00000004     --HOLE-- [fill = 0]
                  2000c6e8    0000005c                  : BIOS.obj (.text:ti_sysbios_knl_Swi_schedule__I)
                  2000c744    0000005c     app_pem4.oem4 (.text:ti_sysbios_knl_Task_create)
                  2000c7a0    0000005c     app_pem4.oem4 (.text:xdc_runtime_LoggerBuf_Object__create__S)
                  2000c7fc    0000005b     ti.targets.arm.rtsarm.aem4 : Text.oem4 (.text:xdc_runtime_Text_putLab__E)
                  2000c857    00000001     --HOLE-- [fill = 0]
                  2000c858    00000058     driverlib.a : interrupt.obj (.text:IntPendClear)
                  2000c8b0    00000058                 : prcm.obj (.text:PRCMPeripheralReset)
                  2000c908    00000058     sysbios.aem4 : BIOS.obj (.text:ti_sysbios_family_arm_m3_Timer_setPeriod__E)
                  2000c960    00000054     simplelink.a : socket.obj (.text:_sl_HandleAsync_Select)
                  2000c9b4    00000054     rtsv7M4_T_le_eabi.lib : exit.obj (.text)
                  2000ca08    00000054     sysbios.aem4 : BIOS.obj (.text:ti_sysbios_family_arm_m3_Timer_start__E)
                  2000ca5c    00000050     simplelink.a : device.obj (.text:_sl_HandleAsync_Stop)
                  2000caac    00000050     ti.targets.arm.rtsarm.aem4 : Startup.oem4 (.text:xdc_runtime_Startup_exec__E)
                  2000cafc    00000050                                : Text.oem4 (.text:xdc_runtime_Text_visitRope2__I)
                  2000cb4c    0000004c     driverlib.a : spi.obj (.text:SPIIntEnable)
                  2000cb98    0000004c     simplelink.a : driver.obj (.text:_SlDrvProtectAsyncRespSetting)
                  2000cbe4    0000004c                  : driver.obj (.text:_SlDrvRxIrqHandler)
                  2000cc30    0000004c                  : socket.obj (.text:_sl_BuildAddress)
                  2000cc7c    0000004c     rtsv7M4_T_le_eabi.lib : cpy_tbl.obj (.text)
                  2000ccc8    0000004c     sysbios.aem4 : m3_TaskSupport_asm.obj (.text:ti_sysbios_family_arm_m3_TaskSupport_buildTaskStack)
                  2000cd14    00000004     --HOLE-- [fill = 0]
                  2000cd18    0000004c                  : BIOS.obj (.text:ti_sysbios_heaps_HeapMem_getStats__E)
                  2000cd64    00000004     --HOLE-- [fill = 0]
                  2000cd68    0000004c                  : BIOS.obj (.text:ti_sysbios_knl_Swi_runLoop__I)
                  2000cdb4    00000004     --HOLE-- [fill = 0]
                  2000cdb8    0000004c                  : BIOS.obj (.text:ti_sysbios_knl_Task_allBlockedFunction__I)
                  2000ce04    0000004c     driverlib.a : udma.obj (.text:uDMAChannelAssign)
                  2000ce50    00000048                 : spi.obj (.text:SPIIntClear)
                  2000ce98    00000048     sysbios.aem4 : BIOS.obj (.text:ti_sysbios_family_arm_m3_Hwi_disableInterrupt__E)
                  2000cee0    00000048                  : BIOS.obj (.text:ti_sysbios_family_arm_m3_Hwi_enableInterrupt__E)
                  2000cf28    00000048                  : BIOS.obj (.text:ti_sysbios_family_arm_m3_Hwi_excReserved__I)
                  2000cf70    00000048                  : m3_Hwi_asm_switch.obj (.text:ti_sysbios_family_arm_m3_Hwi_initStacks__E)
                  2000cfb8    00000048                  : BIOS.obj (.text:ti_sysbios_family_arm_m3_Timer_initDevice__I)
                  2000d000    00000048     ti.targets.arm.rtsarm.aem4 : Assert.oem4 (.text:xdc_runtime_Assert_raise__I)
                  2000d048    00000046                                : Core-params.oem4 (.text:xdc_runtime_Core_assignParams__I)
                  2000d08e    00000002     --HOLE-- [fill = 0]
                  2000d090    00000044     driverlib.a : spi.obj (.text:SPIDmaMaskGet)
                  2000d0d4    00000044                 : timer.obj (.text:TimerConfigure)
                  2000d118    00000044     boot.aem4 : boot.oem4 (.text)
                  2000d15c    00000044     simplelink.a : cc_pal.obj (.text:cc_SetupTransfer)
                  2000d1a0    00000044     sysbios.aem4 : BIOS.obj (.text:ti_sysbios_family_arm_m3_Hwi_getStackInfo__E)
                  2000d1e4    00000004     --HOLE-- [fill = 0]
                  2000d1e8    00000044                  : BIOS.obj (.text:ti_sysbios_knl_Mailbox_postInit__I)
                  2000d22c    00000044     ti.targets.arm.rtsarm.aem4 : Error.oem4 (.text:xdc_runtime_Error_setX__E)
                  2000d270    00000044                                : LoggerBuf.oem4 (.text:xdc_runtime_LoggerBuf_filterOutEvent__I)
                  2000d2b4    00000044                                : SysMin.oem4 (.text:xdc_runtime_SysMin_flush__E)
                  2000d2f8    00000040     driverlib.a : pin.obj (.text:PinModeSet)
                  2000d338    00000040     rtsv7M4_T_le_eabi.lib : u_divt2.obj (.text)
                  2000d378    00000040     sysbios.aem4 : BIOS.obj (.text:ti_sysbios_family_arm_m3_Timer_Module_startup__E)
                  2000d3b8    0000003c     simplelink.a : netapp.obj (.text:CopyPingResultsToReport)
                  2000d3f4    0000003c     driverlib.a : prcm.obj (.text:PRCMPeripheralClkEnable)
                  2000d430    0000003c     simplelink.a : socket.obj (.text:_sl_TruncatePayloadByProtocol)
                  2000d46c    0000003c                  : socket.obj (.text:sl_Htons)
                  2000d4a8    0000003c                  : socket.obj (.text:sl_Listen)
                  2000d4e4    00000004     --HOLE-- [fill = 0]
                  2000d4e8    0000003c     sysbios.aem4 : BIOS.obj (.text:ti_sysbios_family_arm_m3_Hwi_excSvCall__I)
                  2000d524    00000004     --HOLE-- [fill = 0]
                  2000d528    0000003c                  : BIOS.obj (.text:ti_sysbios_family_arm_m3_TaskSupport_start__E)
                  2000d564    00000004     --HOLE-- [fill = 0]
                  2000d568    0000003c                  : BIOS.obj (.text:ti_sysbios_heaps_HeapMem_init__I)
                  2000d5a4    00000004     --HOLE-- [fill = 0]
                  2000d5a8    0000003c                  : BIOS.obj (.text:ti_sysbios_knl_Swi_startup__E)
                  2000d5e4    0000003c     driverlib.a : udma.obj (.text:uDMAChannelControlSet)
                  2000d620    0000003c     ti.targets.arm.rtsarm.aem4 : Text.oem4 (.text:xdc_runtime_Text_xprintf__I)
                  2000d65c    0000003a                                : LoggerBuf.oem4 (.text:xdc_runtime_LoggerBuf_Instance_init__E)
                  2000d696    00000002     --HOLE-- [fill = 0]
                  2000d698    00000038     simplelink.a : cc_pal.obj (.text:NwpPowerOff)
                  2000d6d0    00000038     rtsv7M4_T_le_eabi.lib : fs_toi_t2.obj (.text)
                  2000d708    00000038     sysbios.aem4 : BIOS.obj (.text:ti_sysbios_family_arm_m3_Hwi_excNoIsr__I)
                  2000d740    00000038                  : BIOS.obj (.text:ti_sysbios_knl_Task_processVitalTaskFlag__I)
                  2000d778    00000038     ti.targets.arm.rtsarm.aem4 : SysMin.oem4 (.text:xdc_runtime_SysMin_putch__E)
                  2000d7b0    00000038                                : System.oem4 (.text:xdc_runtime_System_atexit__E)
                  2000d7e8    00000036     driverlib.a : gpio.obj (.text:GPIODirModeSet)
                  2000d81e    00000002     --HOLE-- [fill = 0]
                  2000d820    00000034                 : prcm.obj (.text:PRCMPeripheralStatusGet)
                  2000d854    00000034                 : spi.obj (.text:SPIFIFOLevelSet)
                  2000d888    00000034     rtsv7M4_T_le_eabi.lib : fs_tou_t2.obj (.text)
                  2000d8bc    00000004     --HOLE-- [fill = 0]
                  2000d8c0    00000034     sysbios.aem4 : BIOS.obj (.text:ti_sysbios_family_arm_m3_Hwi_excNmi__I)
                  2000d8f4    00000004     --HOLE-- [fill = 0]
                  2000d8f8    00000034                  : BIOS.obj (.text:ti_sysbios_family_arm_m3_Timer_periodicStub__I)
                  2000d92c    00000004     --HOLE-- [fill = 0]
                  2000d930    00000034                  : BIOS.obj (.text:ti_sysbios_hal_Hwi_checkStack)
                  2000d964    00000034     app_pem4.oem4 (.text:ti_sysbios_knl_Semaphore_create)
                  2000d998    00000034     ti.targets.arm.rtsarm.aem4 : Core-label.oem4 (.text:xdc_runtime_Core_assignLabel__I)
                  2000d9cc    00000033                                : Text.oem4 (.text:xdc_runtime_Text_printVisFxn__I)
                  2000d9ff    00000001     --HOLE-- [fill = 0]
                  2000da00    00000032     sysbios.aem4 : BIOS.obj (.text:ti_sysbios_hal_Hwi_initStack)
                  2000da32    00000006     driverlib.a : utils.obj (.text:UtilsDelay)
                  2000da38    00000032     sysbios.aem4 : BIOS.obj (.text:ti_sysbios_knl_Semaphore_pendTimeout__I)
                  2000da6a    00000030     driverlib.a : pin.obj (.text:PinTypeGPIO)
                  2000da9a    00000030     simplelink.a : device.obj (.text:_SlDrvDeviceEventHandler)
                  2000daca    00000002     --HOLE-- [fill = 0]
                  2000dacc    00000030                  : socket.obj (.text:sl_Close)
                  2000dafc    00000030                  : wlan.obj (.text:sl_WlanSetMode)
                  2000db2c    00000030     app_pem4.oem4 (.text:ti_sysbios_BIOS_atExitFunc__I)
                  2000db5c    00000030     app_pem4.oem4 (.text:ti_sysbios_gates_GateHwi_Object__create__S)
                  2000db8c    00000030     app_pem4.oem4 (.text:ti_sysbios_gates_GateMutex_Object__create__S)
                  2000dbbc    00000030     app_pem4.oem4 (.text:ti_sysbios_heaps_HeapMem_Object__create__S)
                  2000dbec    00000030     app_pem4.oem4 (.text:ti_sysbios_knl_Semaphore_construct)
                  2000dc1c    00000030     ti.targets.arm.rtsarm.aem4 : SysMin.oem4 (.text:xdc_runtime_SysMin_abort__E)
                  2000dc4c    00000030                                : System.oem4 (.text:xdc_runtime_System_processAtExit__E)
                  2000dc7c    0000002e     app_pem4.oem4 (.text:malloc)
                  2000dcaa    00000002     --HOLE-- [fill = 0]
                  2000dcac    0000002c     simplelink.a : cc_pal.obj (.text:DmaSpiSwIntHandler)
                  2000dcd8    0000002c                  : cc_pal.obj (.text:NwpPowerOn)
                  2000dd04    0000002c     driverlib.a : prcm.obj (.text:PRCMSysResetCauseGet)
                  2000dd30    0000002c     app_pem4.oem4 (.text:ti_sysbios_knl_Clock_doTick__I)
                  2000dd5c    0000002c     app_pem4.oem4 (.text:ti_sysbios_knl_Queue_construct)
                  2000dd88    0000002c     sysbios.aem4 : BIOS.obj (.text:ti_sysbios_knl_Task_restore__E)
                  2000ddb4    0000002c     ti.targets.arm.rtsarm.aem4 : Text.oem4 (.text:xdc_runtime_Text_cordText__E)
                  2000dde0    0000002a     driverlib.a : timer.obj (.text:TimerLoadSet)
                  2000de0a    0000002a                 : timer.obj (.text:TimerMatchSet)
                  2000de34    0000002a                 : timer.obj (.text:TimerPrescaleMatchSet)
                  2000de5e    0000002a                 : timer.obj (.text:TimerPrescaleSet)
                  2000de88    0000002a     ti.targets.arm.rtsarm.aem4 : System.oem4 (.text:xdc_runtime_System_putchar__I)
                  2000deb2    00000002     --HOLE-- [fill = 0]
                  2000deb4    00000028     driverlib.a : prcm.obj (.text:PRCMPeripheralClkDisable)
                  2000dedc    00000028     simplelink.a : netapp.obj (.text:sl_NetAppStart)
                  2000df04    00000004     --HOLE-- [fill = 0]
                  2000df08    00000028     sysbios.aem4 : BIOS.obj (.text:ti_sysbios_family_arm_m3_Hwi_Instance_finalize__E)
                  2000df30    00000028                  : BIOS.obj (.text:ti_sysbios_knl_Swi_Module_startup__E)
                  2000df58    00000028     ti.targets.arm.rtsarm.aem4 : LoggerBuf.oem4 (.text:xdc_runtime_LoggerBuf_Module_startup__E)
                  2000df80    00000026     simplelink.a : cc_pal.obj (.text:NwpRegisterInterruptHandler)
                  2000dfa6    00000026     ti.targets.arm.rtsarm.aem4 : System.oem4 (.text:xdc_runtime_System_avprintf__E)
                  2000dfcc    00000024     simplelink.a : driver.obj (.text:_SlDrvProtectionObjLockWaitForever)
                  2000dff0    00000024     app_pem4.oem4 (.text:ti_sysbios_BIOS_errorRaiseHook__I)
                  2000e014    00000024     app_pem4.oem4 (.text:ti_sysbios_BIOS_registerRTSLock__I)
                  2000e038    00000024     app_pem4.oem4 (.text:ti_sysbios_BIOS_removeRTSLock__I)
                  2000e05c    00000024     app_pem4.oem4 (.text:ti_sysbios_BIOS_startFunc__I)
                  2000e080    00000024     sysbios.aem4 : BIOS.obj (.text:ti_sysbios_family_arm_m3_Hwi_doTaskRestore__I)
                  2000e0a4    00000004     --HOLE-- [fill = 0]
                  2000e0a8    00000024                  : BIOS.obj (.text:ti_sysbios_family_arm_m3_Timer_startup__E)
                  2000e0cc    00000024     app_pem4.oem4 (.text:ti_sysbios_gates_GateMutex_Object__delete__S)
                  2000e0f0    00000024     sysbios.aem4 : BIOS.obj (.text:ti_sysbios_knl_Clock_Module_startup__E)
                  2000e114    00000024     app_pem4.oem4 (.text:ti_sysbios_knl_Semaphore_Object__delete__S)
                  2000e138    00000024     ti.targets.arm.rtsarm.aem4 : System.oem4 (.text:xdc_runtime_System_vprintf__E)
                  2000e15c    00000022     driverlib.a : spi.obj (.text:SPIReset)
                  2000e17e    00000022                 : spi.obj (.text:SPIWordCountSet)
                  2000e1a0    00000022     app_pem4.oem4 (.text:xdc_runtime_SysMin_output__I)
                  2000e1c2    00000020     driverlib.a : gpio.obj (.text:GPIOPinWrite)
                  2000e1e2    00000002     --HOLE-- [fill = 0]
                  2000e1e4    00000020     simplelink.a : driver.obj (.text:_SlDrvProtectionObjUnLock)
                  2000e204    00000020     app_pem4.oem4 (.text:ti_sysbios_BIOS_rtsLock__I)
                  2000e224    00000020     app_pem4.oem4 (.text:ti_sysbios_family_arm_m3_Hwi_Object__delete__S)
                  2000e244    00000020     sysbios.aem4 : m3_Hwi_asm.obj (.text:ti_sysbios_family_arm_m3_Hwi_excHandlerAsm__I)
                  2000e264    00000004     --HOLE-- [fill = 0]
                  2000e268    00000020                  : BIOS.obj (.text:ti_sysbios_family_arm_m3_Hwi_excHandler__I)
                  2000e288    00000020                  : BIOS.obj (.text:ti_sysbios_family_arm_m3_TimestampProvider_Module_startup__E)
                  2000e2a8    00000020     app_pem4.oem4 (.text:ti_sysbios_gates_GateHwi_Object__delete__S)
                  2000e2c8    00000020     app_pem4.oem4 (.text:ti_sysbios_heaps_HeapMem_Object__delete__S)
                  2000e2e8    00000020     sysbios.aem4 : BIOS.obj (.text:ti_sysbios_knl_Idle_run__E)
                  2000e308    00000020     app_pem4.oem4 (.text:ti_sysbios_knl_Mailbox_Object__delete__S)
                  2000e328    00000020     app_pem4.oem4 (.text:ti_sysbios_knl_Semaphore_Object__destruct__S)
                  2000e348    00000020     app_pem4.oem4 (.text:ti_sysbios_knl_Task_Object__delete__S)
                  2000e368    00000020     app_pem4.oem4 (.text:xdc_runtime_LoggerBuf_Object__delete__S)
                  2000e388    00000020     ti.targets.arm.rtsarm.aem4 : LoggerBuf.oem4 (.text:xdc_runtime_LoggerBuf_reset__E)
                  2000e3a8    00000020                                : Registry.oem4 (.text:xdc_runtime_Registry_findById__E)
                  2000e3c8    00000020                                : SysMin.oem4 (.text:xdc_runtime_SysMin_Module_startup__E)
                  2000e3e8    0000001e     driverlib.a : timer.obj (.text:TimerEnable)
                  2000e406    0000001e     simplelink.a : cc_pal.obj (.text:cc_UDMAChannelSelect)
                  2000e424    0000001e     sysbios.aem4 : m3_Hwi_asm_switch.obj (.text:ti_sysbios_family_xxx_Hwi_switchAndRunFunc)
                  2000e442    0000001c     simplelink.a : driver.obj (.text:_SlDrvObjLockWaitForever)
                  2000e45e    0000001c                  : driver.obj (.text:_SlDrvSyncObjWaitForever)
                  2000e47a    00000006     ti.targets.arm.rtsarm.aem4 : System.oem4 (.text:xdc_runtime_System_Module_startup__E)
                  2000e480    0000001c     sysbios.aem4 : BIOS.obj (.text:ti_sysbios_family_arm_m3_Hwi_setPriority__E)
                  2000e49c    00000004     --HOLE-- [fill = 0]
                  2000e4a0    0000001c                  : BIOS.obj (.text:ti_sysbios_gates_GateMutex_Instance_init__E)
                  2000e4bc    0000001c     app_pem4.oem4 (.text:ti_sysbios_knl_Queue_Object__destruct__S)
                  2000e4d8    0000001c     sysbios.aem4 : BIOS.obj (.text:ti_sysbios_knl_Task_enter__I)
                  2000e4f4    0000001c     driverlib.a : udma.obj (.text:uDMAChannelEnable)
                  2000e510    0000001c     ti.targets.arm.rtsarm.aem4 : Error.oem4 (.text:xdc_runtime_Error_raiseX__E)
                  2000e52c    0000001c                                : Memory.oem4 (.text:xdc_runtime_Memory_valloc__E)
                  2000e548    0000001c                                : SysMin.oem4 (.text:xdc_runtime_SysMin_exit__E)
                  2000e564    0000001c                                : System.oem4 (.text:xdc_runtime_System_abort__E)
                  2000e580    0000001a     driverlib.a : pin.obj (.text:PinTypeTimer)
                  2000e59a    0000001a                 : spi.obj (.text:SPIDmaDisable)
                  2000e5b4    0000001a                 : spi.obj (.text:SPIDmaEnable)
                  2000e5ce    0000001a                 : spi.obj (.text:SPIFIFODisable)
                  2000e5e8    0000001a                 : spi.obj (.text:SPIFIFOEnable)
                  2000e602    0000001a     app_pem4.oem4 (.text:ti_sysbios_family_arm_m3_Hwi_Handle__label__S)
                  2000e61c    0000001a     sysbios.aem4 : m3_Hwi_asm.obj (.text:ti_sysbios_family_arm_m3_Hwi_pendSV__I)
                  2000e636    0000001a     app_pem4.oem4 (.text:ti_sysbios_gates_GateHwi_Handle__label__S)
                  2000e650    0000001a     app_pem4.oem4 (.text:ti_sysbios_gates_GateMutex_Handle__label__S)
                  2000e66a    0000001a     app_pem4.oem4 (.text:ti_sysbios_heaps_HeapMem_Handle__label__S)
                  2000e684    0000001a     app_pem4.oem4 (.text:ti_sysbios_knl_Swi_Handle__label__S)
                  2000e69e    0000001a     app_pem4.oem4 (.text:ti_sysbios_knl_Task_Handle__label__S)
                  2000e6b8    0000001a     sysbios.aem4 : BIOS.obj (.text:ti_sysbios_knl_Task_sleepTimeout__I)
                  2000e6d2    0000001a     app_pem4.oem4 (.text:xdc_runtime_LoggerBuf_Handle__label__S)
                  2000e6ec    0000001a     app_pem4.oem4 (.text:xdc_runtime_System_aprintf__E)
                  2000e706    0000001a     app_pem4.oem4 (.text:xdc_runtime_System_printf__E)
                  2000e720    00000018     driverlib.a : spi.obj (.text:SPICSDisable)
                  2000e738    00000018                 : spi.obj (.text:SPICSEnable)
                  2000e750    00000018                 : spi.obj (.text:SPIDisable)
                  2000e768    00000018                 : spi.obj (.text:SPIEnable)
                  2000e780    00000018     simplelink.a : driver.obj (.text:_SlDrvObjUnLock)
                  2000e798    00000018                  : driver.obj (.text:_SlDrvSyncObjSignal)
                  2000e7b0    00000018                  : device.obj (.text:_sl_GetStartResponseConvert)
                  2000e7c8    00000018     app_pem4.oem4 (.text:free)
                  2000e7e0    00000018     rtsv7M4_T_le_eabi.lib : args_main.obj (.text)
                  2000e7f8    00000018     app_pem4.oem4 (.text:ti_sysbios_BIOS_rtsUnlock__I)
                  2000e810    00000018     app_pem4.oem4 (.text:ti_sysbios_family_arm_m3_Hwi_Module__startupDone__F)
                  2000e828    00000018     app_pem4.oem4 (.text:ti_sysbios_family_arm_m3_Timer_Module__startupDone__F)
                  2000e840    00000018     sysbios.aem4 : BIOS.obj (.text:ti_sysbios_gates_GateMutex_leave__E)
                  2000e858    00000018     ti.targets.arm.rtsarm.aem4 : Error.oem4 (.text:xdc_runtime_Error_check__E)
                  2000e870    00000018                                : System.oem4 (.text:xdc_runtime_System_exit__E)
                  2000e888    00000018                                : Text.oem4 (.text:xdc_runtime_Text_ropeText__E)
                  2000e8a0    00000016     driverlib.a : prcm.obj (.text:PRCMHIBRegRead)
                  2000e8b6    00000016                 : prcm.obj (.text:PRCMHIBRegWrite)
                  2000e8cc    00000016     simplelink.a : driver.obj (.text:_SlDrvMemZero)
                  2000e8e2    00000016     app_pem4.oem4 (.text:ti_sysbios_BIOS_exitFunc__I)
                  2000e8f8    00000014     driverlib.a : cpu.obj (.text:CPUcpsie)
                  2000e90c    00000014                 : pin.obj (.text:PinTypeADC)
                  2000e920    00000014     rtsv7M4_T_le_eabi.lib : _lock.obj (.text)
                  2000e934    00000014                           : strcpy.obj (.text)
                  2000e948    00000014                           : strlen.obj (.text)
                  2000e95c    00000014     app_pem4.oem4 (.text:ti_sysbios_family_arm_m3_Hwi_Object__get__S)
                  2000e970    00000014     sysbios.aem4 : BIOS.obj (.text:ti_sysbios_family_arm_m3_Hwi_switchFromBootStack__E)
                  2000e984    00000014     app_pem4.oem4 (.text:ti_sysbios_heaps_HeapMem_Object__get__S)
                  2000e998    00000014     app_pem4.oem4 (.text:ti_sysbios_knl_Swi_Object__get__S)
                  2000e9ac    00000014     app_pem4.oem4 (.text:xdc_runtime_LoggerBuf_Object__get__S)
                  2000e9c0    00000012     sysbios.aem4 : BIOS.obj (.text:ti_sysbios_hal_Hwi_Module_startup__E)
                  2000e9d2    00000006     --HOLE-- [fill = 0]
                  2000e9d8    00000012                  : BIOS.obj (.text:ti_sysbios_hal_Timer_Module_startup__E)
                  2000e9ea    00000012     ti.targets.arm.rtsarm.aem4 : LoggerBuf.oem4 (.text:xdc_runtime_LoggerBuf_Instance_finalize__E)
                  2000e9fc    00000012                                : LoggerBuf.oem4 (.text:xdc_runtime_LoggerBuf_write1__E)
                  2000ea0e    00000012                                : LoggerBuf.oem4 (.text:xdc_runtime_LoggerBuf_write2__E)
                  2000ea20    00000012     app_pem4.oem4 (.text:xdc_runtime_Startup_exec__I)
                  2000ea32    00000006     --HOLE-- [fill = 0]
                  2000ea38    00000010     sysbios.aem4 : BIOS.obj (.text:ti_sysbios_BIOS_setThreadType__E)
                  2000ea48    00000010                  : BIOS.obj (.text:ti_sysbios_BIOS_start__E)
                  2000ea58    00000010                  : BIOS.obj (.text:ti_sysbios_family_arm_m3_Hwi_getHandle__E)
                  2000ea68    00000010                  : m3_TaskSupport_asm.obj (.text:ti_sysbios_family_arm_m3_TaskSupport_glue)
                  2000ea78    00000010                  : m3_TaskSupport_asm.obj (.text:ti_sysbios_family_arm_m3_TaskSupport_swap__E)
                  2000ea88    00000010                  : BIOS.obj (.text:ti_sysbios_gates_GateMutex_Instance_finalize__E)
                  2000ea98    00000010     app_pem4.oem4 (.text:ti_sysbios_knl_Mailbox_Object__get__S)
                  2000eaa8    00000010     sysbios.aem4 : BIOS.obj (.text:ti_sysbios_knl_Semaphore_Instance_finalize__E)
                  2000eab8    00000010                  : BIOS.obj (.text:ti_sysbios_knl_Swi_disable__E)
                  2000eac8    00000010     app_pem4.oem4 (.text:ti_sysbios_knl_Task_Object__get__S)
                  2000ead8    00000010     sysbios.aem4 : BIOS.obj (.text:ti_sysbios_knl_Task_disable__E)
                  2000eae8    00000010     ti.targets.arm.rtsarm.aem4 : Gate.oem4 (.text:xdc_runtime_Gate_leaveSystem__E)
                  2000eaf8    00000010                                : LoggerBuf.oem4 (.text:xdc_runtime_LoggerBuf_write0__E)
                  2000eb08    00000010                                : Memory.oem4 (.text:xdc_runtime_Memory_free__E)
                  2000eb18    00000010                                : SysMin.oem4 (.text:xdc_runtime_SysMin_ready__E)
                  2000eb28    00000010                                : System.oem4 (.text:xdc_runtime_System_vsnprintf__E)
                  2000eb38    00000010     app_pem4.oem4 (.text:xdc_runtime_Text_visitRope__I)
                  2000eb48    0000000e     simplelink.a : driver.obj (.text:_SlDrvResetCmdExt)
                  2000eb56    0000000e     rtsv7M4_T_le_eabi.lib : copy_decompress_none.obj (.text:decompress:none)
                  2000eb64    00000004     --HOLE-- [fill = 0]
                  2000eb68    0000000e     sysbios.aem4 : BIOS.obj (.text:ti_sysbios_knl_Idle_loop__E)
                  2000eb76    00000002     --HOLE-- [fill = 0]
                  2000eb78    0000000e                  : BIOS.obj (.text:ti_sysbios_knl_Queue_empty__E)
                  2000eb86    00000002     --HOLE-- [fill = 0]
                  2000eb88    0000000c     simplelink.a : cc_pal.obj (.text:NwpMaskInterrupt)
                  2000eb94    0000000c                  : cc_pal.obj (.text:NwpUnMaskInterrupt)
                  2000eba0    0000000c     rtsv7M4_T_le_eabi.lib : copy_zero_init.obj (.text:decompress:ZI)
                  2000ebac    0000000c     app_pem4.oem4 (.text:ti_sysbios_family_arm_m3_Hwi_Params__init__S)
                  2000ebb8    0000000c     sysbios.aem4 : BIOS.obj (.text:ti_sysbios_family_arm_m3_Hwi_disableFxn__E)
                  2000ebc4    00000004     --HOLE-- [fill = 0]
                  2000ebc8    0000000c                  : BIOS.obj (.text:ti_sysbios_family_arm_m3_TaskSupport_checkStack__E)
                  2000ebd4    00000004     --HOLE-- [fill = 0]
                  2000ebd8    0000000c                  : BIOS.obj (.text:ti_sysbios_family_arm_m3_TaskSupport_getStackAlignment__E)
                  2000ebe4    00000004     --HOLE-- [fill = 0]
                  2000ebe8    0000000c                  : BIOS.obj (.text:ti_sysbios_gates_GateHwi_enter__E)
                  2000ebf4    0000000c     app_pem4.oem4 (.text:ti_sysbios_knl_Queue_Object__get__S)
                  2000ec00    0000000c     app_pem4.oem4 (.text:ti_sysbios_knl_Semaphore_Params__init__S)
                  2000ec0c    0000000c     app_pem4.oem4 (.text:ti_sysbios_knl_Task_Params__init__S)
                  2000ec18    0000000c     ti.targets.arm.rtsarm.aem4 : Error.oem4 (.text:xdc_runtime_Error_init__E)
                  2000ec24    0000000c                                : Gate.oem4 (.text:xdc_runtime_Gate_enterSystem__E)
                  2000ec30    0000000c                                : Memory.oem4 (.text:xdc_runtime_Memory_calloc__E)
                  2000ec3c    0000000c                                : Memory.oem4 (.text:xdc_runtime_Memory_getMaxDefaultTypeAlign__E)
                  2000ec48    0000000a     driverlib.a : interrupt.obj (.text:IntMasterEnable)
                  2000ec52    0000000a     app_pem4.oem4 (.text:xdc_runtime_IHeap_alloc)
                  2000ec5c    0000000a     app_pem4.oem4 (.text:xdc_runtime_IHeap_free)
                  2000ec66    0000000a     ti.targets.arm.rtsarm.aem4 : LoggerBuf.oem4 (.text:xdc_runtime_LoggerBuf_disable__E)
                  2000ec70    0000000a                                : LoggerBuf.oem4 (.text:xdc_runtime_LoggerBuf_enable__E)
                  2000ec7a    00000006     --HOLE-- [fill = 0]
                  2000ec80    00000008     sysbios.aem4 : BIOS.obj (.text:ti_sysbios_family_arm_m3_Hwi_doSwiRestore__I)
                  2000ec88    00000008                  : BIOS.obj (.text:ti_sysbios_family_arm_m3_Hwi_startup__E)
                  2000ec90    00000006                  : BIOS.obj (.text:ti_sysbios_family_arm_m3_Hwi_restoreFxn__E)
                  2000ec96    00000002     --HOLE-- [fill = 0]
                  2000ec98    00000006                  : BIOS.obj (.text:ti_sysbios_gates_GateHwi_leave__E)
                  2000ec9e    00000002     --HOLE-- [fill = 0]
                  2000eca0    00000006                  : BIOS.obj (.text:ti_sysbios_heaps_HeapMem_isBlocking__E)
                  2000eca6    00000002     --HOLE-- [fill = 0]
                  2000eca8    00000006                  : BIOS.obj (.text:ti_sysbios_knl_Queue_Instance_init__E)
                  2000ecae    00000002     --HOLE-- [fill = 0]
                  2000ecb0    00000004                  : BIOS.obj (.text:ti_sysbios_family_arm_m3_Timer_getMaxTicks__E)
                  2000ecb4    00000004     --HOLE-- [fill = 0]
                  2000ecb8    00000004                  : BIOS.obj (.text:ti_sysbios_gates_GateHwi_query__E)
                  2000ecbc    00000004     --HOLE-- [fill = 0]
                  2000ecc0    00000004                  : BIOS.obj (.text:ti_sysbios_gates_GateMutex_query__E)
                  2000ecc4    00000004     --HOLE-- [fill = 0]
                  2000ecc8    00000004                  : BIOS.obj (.text:ti_sysbios_knl_Task_startup__E)
                  2000eccc    00000004     --HOLE-- [fill = 0]
                  2000ecd0    00000002                  : BIOS.obj (.text:ti_sysbios_gates_GateHwi_Instance_init__E)

.const     0    2000ecd4    00002202     
                  2000ecd4    0000178e     app_pem4.oem4 (.const:xdc_runtime_Text_charTab__A)
                  20010462    00000002     app_pem4.oem4 (.const:ti_sysbios_family_arm_m3_Hwi_Module__id__C)
                  20010464    00000100     driverlib.a : pin.obj (.const:g_ulPinToPadMap)
                  20010564    000000b8     app_pem4.oem4 (.const:xdc_runtime_Text_nodeTab__A)
                  2001061c    000000a8     driverlib.a : prcm.obj (.const:PRCM_PeriphRegsList)
                  200106c4    00000048     app_pem4.oem4 (.const:.string)
                  2001070c    0000003c     simplelink.a : driver.obj (.const:OpcodeTranslateTable)
                  20010748    0000003c     app_pem4.oem4 (.const:ti_sysbios_knl_Task_Object__PARAMS__C)
                  20010784    0000003c     app_pem4.oem4 (.const:xdc_runtime_LoggerBuf_Module__FXNS__C)
                  200107c0    00000038     simplelink.a : driver.obj (.const:_SlActionLookupTable)
                  200107f8    00000034     app_pem4.oem4 (.const:ti_sysbios_knl_Mailbox_Object__PARAMS__C)
                  2001082c    00000030     app_pem4.oem4 (.const:ti_sysbios_family_arm_m3_Hwi_Object__PARAMS__C)
                  2001085c    00000030     app_pem4.oem4 (.const:xdc_runtime_Startup_sfxnTab__A)
                  2001088c    00000028     app_pem4.oem4 (.const:ti_sysbios_heaps_HeapMem_Module__FXNS__C)
                  200108b4    00000024     app_pem4.oem4 (.const:ti_sysbios_gates_GateHwi_Module__FXNS__C)
                  200108d8    00000024     app_pem4.oem4 (.const:ti_sysbios_gates_GateMutex_Module__FXNS__C)
                  200108fc    00000024     app_pem4.oem4 (.const:ti_sysbios_heaps_HeapMem_Object__PARAMS__C)
                  20010920    00000024     app_pem4.oem4 (.const:ti_sysbios_knl_Semaphore_Object__PARAMS__C)
                  20010944    00000024     app_pem4.oem4 (.const:xdc_runtime_LoggerBuf_Object__PARAMS__C)
                  20010968    00000020     simplelink.a : driver.obj (.const:RxMsgClassLUT)
                  20010988    00000020     app_pem4.oem4 (.const:ti_sysbios_family_arm_m3_Hwi_Object__DESC__C)
                  200109a8    00000020     app_pem4.oem4 (.const:ti_sysbios_gates_GateHwi_Object__DESC__C)
                  200109c8    00000020     app_pem4.oem4 (.const:ti_sysbios_gates_GateMutex_Object__DESC__C)
                  200109e8    00000020     app_pem4.oem4 (.const:ti_sysbios_heaps_HeapMem_Object__DESC__C)
                  20010a08    00000020     app_pem4.oem4 (.const:ti_sysbios_knl_Mailbox_Object__DESC__C)
                  20010a28    00000020     app_pem4.oem4 (.const:ti_sysbios_knl_Queue_Object__DESC__C)
                  20010a48    00000020     app_pem4.oem4 (.const:ti_sysbios_knl_Semaphore_Object__DESC__C)
                  20010a68    00000020     app_pem4.oem4 (.const:ti_sysbios_knl_Task_Object__DESC__C)
                  20010a88    00000020     app_pem4.oem4 (.const:xdc_runtime_LoggerBuf_Object__DESC__C)
                  20010aa8    00000018     driverlib.a : interrupt.obj (.const:g_pulEnRegs)
                  20010ac0    00000018                 : interrupt.obj (.const:g_pulUnpendRegs)
                  20010ad8    00000018                 : spi.obj (.const:g_ulSPIDmaMaskMap)
                  20010af0    00000018     app_pem4.oem4 (.const:ti_sysbios_gates_GateHwi_Object__PARAMS__C)
                  20010b08    00000018     app_pem4.oem4 (.const:ti_sysbios_gates_GateMutex_Object__PARAMS__C)
                  20010b20    00000018     app_pem4.oem4 (.const:ti_sysbios_knl_Queue_Object__PARAMS__C)
                  20010b38    00000018     app_pem4.oem4 (.const:xdc_runtime_Startup_sfxnRts__A)
                  20010b50    00000014     Timer.obj (.const:GPIO_PORTS)
                  20010b64    00000014     Timer.obj (.const:TIMERS)
                  20010b78    00000014     Timer.obj (.const:TIMER_INSTANCES)
                  20010b8c    00000011     ti.targets.arm.rtsarm.aem4 : System.oem4 (.const:.string)
                  20010b9d    00000010     simplelink.a : socket.obj (.const:.string:_SlPayloadByProtocolLUT)
                  20010bad    00000001     app_pem4.oem4 (.const:xdc_runtime_Error_policy__C)
                  20010bae    00000002     app_pem4.oem4 (.const:ti_sysbios_family_arm_m3_Hwi_Module__loggerDefined__C)
                  20010bb0    0000000c     app_pem4.oem4 (.const:xdc_runtime_Startup_firstFxns__A)
                  20010bbc    00000008     simplelink.a : device.obj (.const:.string:StartResponseLUT)
                  20010bc4    00000008                  : driver.obj (.const:g_H2NCnysPattern)
                  20010bcc    00000008                  : driver.obj (.const:g_H2NSyncPattern)
                  20010bd4    00000008     app_pem4.oem4 (.const:ti_sysbios_family_arm_m3_Hwi_excHookFuncs__A)
                  20010bdc    00000008     app_pem4.oem4 (.const:ti_sysbios_knl_Idle_funcList__C)
                  20010be4    00000008     app_pem4.oem4 (.const:xdc_runtime_Startup_firstFxns__C)
                  20010bec    00000008     app_pem4.oem4 (.const:xdc_runtime_Startup_lastFxns__C)
                  20010bf4    00000005     Timer.obj (.const:.string:GPIO_PINS)
                  20010bf9    00000001     --HOLE-- [fill = 0]
                  20010bfa    00000004     simplelink.a : socket.obj (.const:$P$T0$1)
                  20010bfe    00000004                  : socket.obj (.const:_SlAcceptCmdCtrl)
                  20010c02    00000004                  : socket.obj (.const:_SlListenCmdCtrl)
                  20010c06    00000004                  : netapp.obj (.const:_SlNetAppSendTokenValueCmdCtrl)
                  20010c0a    00000004                  : netapp.obj (.const:_SlNetAppStartCtrl)
                  20010c0e    00000004                  : socket.obj (.const:_SlRecvCmdCtrl)
                  20010c12    00000004                  : socket.obj (.const:_SlSendCmdCtrl)
                  20010c16    00000004                  : socket.obj (.const:_SlSetSockOptCmdCtrl)
                  20010c1a    00000004                  : socket.obj (.const:_SlSockCloseCmdCtrl)
                  20010c1e    00000004                  : socket.obj (.const:_SlSockSocketCmdCtrl)
                  20010c22    00000004                  : device.obj (.const:_SlStopCmdCtrl)
                  20010c26    00000004                  : wlan.obj (.const:_SlWlanCfgSetCmdCtrl)
                  20010c2a    00000004                  : wlan.obj (.const:_SlWlanSetModeCmdCtrl)
                  20010c2e    00000002     app_pem4.oem4 (.const:ti_sysbios_family_arm_m3_Timer_Module__id__C)
                  20010c30    00000004     app_pem4.oem4 (.const:ti_sysbios_family_arm_m3_Hwi_E_NMI__C)
                  20010c34    00000004     app_pem4.oem4 (.const:ti_sysbios_family_arm_m3_Hwi_E_alreadyDefined__C)
                  20010c38    00000004     app_pem4.oem4 (.const:ti_sysbios_family_arm_m3_Hwi_E_busFault__C)
                  20010c3c    00000004     app_pem4.oem4 (.const:ti_sysbios_family_arm_m3_Hwi_E_debugMon__C)
                  20010c40    00000004     app_pem4.oem4 (.const:ti_sysbios_family_arm_m3_Hwi_E_hardFault__C)
                  20010c44    00000004     app_pem4.oem4 (.const:ti_sysbios_family_arm_m3_Hwi_E_memFault__C)
                  20010c48    00000004     app_pem4.oem4 (.const:ti_sysbios_family_arm_m3_Hwi_E_noIsr__C)
                  20010c4c    00000004     app_pem4.oem4 (.const:ti_sysbios_family_arm_m3_Hwi_E_reserved__C)
                  20010c50    00000004     app_pem4.oem4 (.const:ti_sysbios_family_arm_m3_Hwi_E_svCall__C)
                  20010c54    00000004     app_pem4.oem4 (.const:ti_sysbios_family_arm_m3_Hwi_E_usageFault__C)
                  20010c58    00000004     app_pem4.oem4 (.const:ti_sysbios_family_arm_m3_Hwi_LD_end__C)
                  20010c5c    00000004     app_pem4.oem4 (.const:ti_sysbios_family_arm_m3_Hwi_LM_begin__C)
                  20010c60    00000004     app_pem4.oem4 (.const:ti_sysbios_family_arm_m3_Hwi_Module__diagsEnabled__C)
                  20010c64    00000004     app_pem4.oem4 (.const:ti_sysbios_family_arm_m3_Hwi_Module__diagsIncluded__C)
                  20010c68    00000004     app_pem4.oem4 (.const:ti_sysbios_family_arm_m3_Hwi_Module__diagsMask__C)
                  20010c6c    00000004     app_pem4.oem4 (.const:ti_sysbios_family_arm_m3_Hwi_Module__loggerFxn1__C)
                  20010c70    00000004     app_pem4.oem4 (.const:ti_sysbios_family_arm_m3_Hwi_Module__loggerFxn8__C)
                  20010c74    00000004     app_pem4.oem4 (.const:ti_sysbios_family_arm_m3_Hwi_Module__loggerObj__C)
                  20010c78    00000004     app_pem4.oem4 (.const:ti_sysbios_family_arm_m3_Hwi_NUM_INTERRUPTS__C)
                  20010c7c    00000004     app_pem4.oem4 (.const:ti_sysbios_family_arm_m3_Hwi_Object__count__C)
                  20010c80    00000004     app_pem4.oem4 (.const:ti_sysbios_family_arm_m3_Hwi_ccr__C)
                  20010c84    00000004     app_pem4.oem4 (.const:ti_sysbios_family_arm_m3_Hwi_excHandlerFunc__C)
                  20010c88    00000004     app_pem4.oem4 (.const:ti_sysbios_family_arm_m3_Hwi_excHookFuncs__C)
                  20010c8c    00000004     app_pem4.oem4 (.const:ti_sysbios_family_arm_m3_Hwi_nullIsrFunc__C)
                  20010c90    00000004     app_pem4.oem4 (.const:ti_sysbios_family_arm_m3_Hwi_priGroup__C)
                  20010c94    00000004     app_pem4.oem4 (.const:ti_sysbios_family_arm_m3_TaskSupport_stackAlignment__C)
                  20010c98    00000004     app_pem4.oem4 (.const:ti_sysbios_family_arm_m3_Timer_E_cannotSupport__C)
                  20010c9c    00000004     app_pem4.oem4 (.const:ti_sysbios_family_arm_m3_Timer_startupNeeded__C)
                  20010ca0    00000004     app_pem4.oem4 (.const:ti_sysbios_gates_GateMutex_A_badContext__C)
                  20010ca4    00000004     app_pem4.oem4 (.const:ti_sysbios_gates_GateMutex_Instance_State_sem__O)
                  20010ca8    00000004     app_pem4.oem4 (.const:ti_sysbios_gates_GateMutex_Module__diagsEnabled__C)
                  20010cac    00000004     app_pem4.oem4 (.const:ti_sysbios_gates_GateMutex_Module__diagsIncluded__C)
                  20010cb0    00000004     app_pem4.oem4 (.const:ti_sysbios_gates_GateMutex_Module__diagsMask__C)
                  20010cb4    00000004     app_pem4.oem4 (.const:ti_sysbios_hal_Hwi_E_stackOverflow__C)
                  20010cb8    00000004     app_pem4.oem4 (.const:ti_sysbios_heaps_HeapMem_A_align__C)
                  20010cbc    00000004     app_pem4.oem4 (.const:ti_sysbios_heaps_HeapMem_A_heapSize__C)
                  20010cc0    00000004     app_pem4.oem4 (.const:ti_sysbios_heaps_HeapMem_A_invalidFree__C)
                  20010cc4    00000004     app_pem4.oem4 (.const:ti_sysbios_heaps_HeapMem_A_zeroBlock__C)
                  20010cc8    00000004     app_pem4.oem4 (.const:ti_sysbios_heaps_HeapMem_E_memory__C)
                  20010ccc    00000004     app_pem4.oem4 (.const:ti_sysbios_heaps_HeapMem_Module__diagsEnabled__C)
                  20010cd0    00000004     app_pem4.oem4 (.const:ti_sysbios_heaps_HeapMem_Module__diagsIncluded__C)
                  20010cd4    00000004     app_pem4.oem4 (.const:ti_sysbios_heaps_HeapMem_Module__diagsMask__C)
                  20010cd8    00000004     app_pem4.oem4 (.const:ti_sysbios_heaps_HeapMem_Module__gateObj__C)
                  20010cdc    00000004     app_pem4.oem4 (.const:ti_sysbios_heaps_HeapMem_Object__count__C)
                  20010ce0    00000004     app_pem4.oem4 (.const:ti_sysbios_heaps_HeapMem_reqAlign__C)
                  20010ce4    00000004     app_pem4.oem4 (.const:ti_sysbios_knl_Clock_LM_begin__C)
                  20010ce8    00000004     app_pem4.oem4 (.const:ti_sysbios_knl_Clock_LM_tick__C)
                  20010cec    00000004     app_pem4.oem4 (.const:ti_sysbios_knl_Clock_LW_delayed__C)
                  20010cf0    00000004     app_pem4.oem4 (.const:ti_sysbios_knl_Clock_Module_State_clockQ__O)
                  20010cf4    00000004     app_pem4.oem4 (.const:ti_sysbios_knl_Clock_Module__diagsEnabled__C)
                  20010cf8    00000004     app_pem4.oem4 (.const:ti_sysbios_knl_Clock_Module__diagsIncluded__C)
                  20010cfc    00000004     app_pem4.oem4 (.const:ti_sysbios_knl_Clock_Module__diagsMask__C)
                  20010d00    00000004     app_pem4.oem4 (.const:ti_sysbios_knl_Clock_Module__loggerFxn1__C)
                  20010d04    00000004     app_pem4.oem4 (.const:ti_sysbios_knl_Clock_Module__loggerFxn2__C)
                  20010d08    00000004     app_pem4.oem4 (.const:ti_sysbios_knl_Clock_Module__loggerObj__C)
                  20010d0c    00000004     app_pem4.oem4 (.const:ti_sysbios_knl_Clock_tickPeriod__C)
                  20010d10    00000004     app_pem4.oem4 (.const:ti_sysbios_knl_Idle_funcList__A)
                  20010d14    00000004     app_pem4.oem4 (.const:ti_sysbios_knl_Mailbox_A_invalidBufSize__C)
                  20010d18    00000004     app_pem4.oem4 (.const:ti_sysbios_knl_Mailbox_Instance_State_dataQue__O)
                  20010d1c    00000004     app_pem4.oem4 (.const:ti_sysbios_knl_Mailbox_Instance_State_dataSem__O)
                  20010d20    00000004     app_pem4.oem4 (.const:ti_sysbios_knl_Mailbox_Instance_State_freeQue__O)
                  20010d24    00000004     app_pem4.oem4 (.const:ti_sysbios_knl_Mailbox_Instance_State_freeSem__O)
                  20010d28    00000004     app_pem4.oem4 (.const:ti_sysbios_knl_Mailbox_Module__diagsEnabled__C)
                  20010d2c    00000004     app_pem4.oem4 (.const:ti_sysbios_knl_Mailbox_Module__diagsIncluded__C)
                  20010d30    00000004     app_pem4.oem4 (.const:ti_sysbios_knl_Mailbox_Module__diagsMask__C)
                  20010d34    00000004     app_pem4.oem4 (.const:ti_sysbios_knl_Mailbox_Object__count__C)
                  20010d38    00000004     app_pem4.oem4 (.const:ti_sysbios_knl_Mailbox_maxTypeAlign__C)
                  20010d3c    00000004     app_pem4.oem4 (.const:ti_sysbios_knl_Semaphore_A_badContext__C)
                  20010d40    00000004     app_pem4.oem4 (.const:ti_sysbios_knl_Semaphore_A_noEvents__C)
                  20010d44    00000004     app_pem4.oem4 (.const:ti_sysbios_knl_Semaphore_A_overflow__C)
                  20010d48    00000004     app_pem4.oem4 (.const:ti_sysbios_knl_Semaphore_A_pendTaskDisabled__C)
                  20010d4c    00000004     app_pem4.oem4 (.const:ti_sysbios_knl_Semaphore_Instance_State_pendQ__O)
                  20010d50    00000004     app_pem4.oem4 (.const:ti_sysbios_knl_Semaphore_LM_pend__C)
                  20010d54    00000004     app_pem4.oem4 (.const:ti_sysbios_knl_Semaphore_LM_post__C)
                  20010d58    00000004     app_pem4.oem4 (.const:ti_sysbios_knl_Semaphore_Module__diagsEnabled__C)
                  20010d5c    00000004     app_pem4.oem4 (.const:ti_sysbios_knl_Semaphore_Module__diagsIncluded__C)
                  20010d60    00000004     app_pem4.oem4 (.const:ti_sysbios_knl_Semaphore_Module__diagsMask__C)
                  20010d64    00000004     app_pem4.oem4 (.const:ti_sysbios_knl_Semaphore_Module__loggerFxn2__C)
                  20010d68    00000004     app_pem4.oem4 (.const:ti_sysbios_knl_Semaphore_Module__loggerFxn4__C)
                  20010d6c    00000004     app_pem4.oem4 (.const:ti_sysbios_knl_Semaphore_Module__loggerObj__C)
                  20010d70    00000004     app_pem4.oem4 (.const:ti_sysbios_knl_Swi_LD_end__C)
                  20010d74    00000004     app_pem4.oem4 (.const:ti_sysbios_knl_Swi_LM_begin__C)
                  20010d78    00000004     app_pem4.oem4 (.const:ti_sysbios_knl_Swi_LM_post__C)
                  20010d7c    00000004     app_pem4.oem4 (.const:ti_sysbios_knl_Swi_Module__diagsEnabled__C)
                  20010d80    00000004     app_pem4.oem4 (.const:ti_sysbios_knl_Swi_Module__diagsIncluded__C)
                  20010d84    00000004     app_pem4.oem4 (.const:ti_sysbios_knl_Swi_Module__diagsMask__C)
                  20010d88    00000004     app_pem4.oem4 (.const:ti_sysbios_knl_Swi_Module__loggerFxn1__C)
                  20010d8c    00000004     app_pem4.oem4 (.const:ti_sysbios_knl_Swi_Module__loggerFxn4__C)
                  20010d90    00000004     app_pem4.oem4 (.const:ti_sysbios_knl_Swi_Module__loggerObj__C)
                  20010d94    00000004     app_pem4.oem4 (.const:ti_sysbios_knl_Swi_Object__count__C)
                  20010d98    00000004     app_pem4.oem4 (.const:ti_sysbios_knl_Task_A_badPriority__C)
                  20010d9c    00000004     app_pem4.oem4 (.const:ti_sysbios_knl_Task_A_badTaskState__C)
                  20010da0    00000004     app_pem4.oem4 (.const:ti_sysbios_knl_Task_A_badThreadType__C)
                  20010da4    00000004     app_pem4.oem4 (.const:ti_sysbios_knl_Task_A_badTimeout__C)
                  20010da8    00000004     app_pem4.oem4 (.const:ti_sysbios_knl_Task_A_noPendElem__C)
                  20010dac    00000004     app_pem4.oem4 (.const:ti_sysbios_knl_Task_A_sleepTaskDisabled__C)
                  20010db0    00000004     app_pem4.oem4 (.const:ti_sysbios_knl_Task_E_spOutOfBounds__C)
                  20010db4    00000004     app_pem4.oem4 (.const:ti_sysbios_knl_Task_E_stackOverflow__C)
                  20010db8    00000004     app_pem4.oem4 (.const:ti_sysbios_knl_Task_LD_block__C)
                  20010dbc    00000004     app_pem4.oem4 (.const:ti_sysbios_knl_Task_LD_exit__C)
                  20010dc0    00000004     app_pem4.oem4 (.const:ti_sysbios_knl_Task_LD_ready__C)
                  20010dc4    00000004     app_pem4.oem4 (.const:ti_sysbios_knl_Task_LM_sleep__C)
                  20010dc8    00000004     app_pem4.oem4 (.const:ti_sysbios_knl_Task_LM_switch__C)
                  20010dcc    00000004     app_pem4.oem4 (.const:ti_sysbios_knl_Task_LM_yield__C)
                  20010dd0    00000004     app_pem4.oem4 (.const:ti_sysbios_knl_Task_Module_State_inactiveQ__O)
                  20010dd4    00000004     app_pem4.oem4 (.const:ti_sysbios_knl_Task_Module__diagsEnabled__C)
                  20010dd8    00000004     app_pem4.oem4 (.const:ti_sysbios_knl_Task_Module__diagsIncluded__C)
                  20010ddc    00000004     app_pem4.oem4 (.const:ti_sysbios_knl_Task_Module__diagsMask__C)
                  20010de0    00000004     app_pem4.oem4 (.const:ti_sysbios_knl_Task_Module__loggerFxn2__C)
                  20010de4    00000004     app_pem4.oem4 (.const:ti_sysbios_knl_Task_Module__loggerFxn4__C)
                  20010de8    00000004     app_pem4.oem4 (.const:ti_sysbios_knl_Task_Module__loggerObj__C)
                  20010dec    00000004     app_pem4.oem4 (.const:ti_sysbios_knl_Task_Object__count__C)
                  20010df0    00000004     app_pem4.oem4 (.const:ti_sysbios_knl_Task_allBlockedFunc__C)
                  20010df4    00000004     app_pem4.oem4 (.const:ti_sysbios_knl_Task_defaultStackHeap__C)
                  20010df8    00000004     app_pem4.oem4 (.const:ti_sysbios_knl_Task_defaultStackSize__C)
                  20010dfc    00000004     app_pem4.oem4 (.const:ti_sysbios_knl_Task_numConstructedTasks__C)
                  20010e00    00000004     app_pem4.oem4 (.const:xdc_runtime_Assert_E_assertFailed__C)
                  20010e04    00000004     app_pem4.oem4 (.const:xdc_runtime_Core_A_initializedParams__C)
                  20010e08    00000004     app_pem4.oem4 (.const:xdc_runtime_Core_Module__diagsEnabled__C)
                  20010e0c    00000004     app_pem4.oem4 (.const:xdc_runtime_Core_Module__diagsIncluded__C)
                  20010e10    00000004     app_pem4.oem4 (.const:xdc_runtime_Core_Module__diagsMask__C)
                  20010e14    00000004     app_pem4.oem4 (.const:xdc_runtime_Error_E_memory__C)
                  20010e18    00000004     app_pem4.oem4 (.const:xdc_runtime_Error_Module__diagsEnabled__C)
                  20010e1c    00000004     app_pem4.oem4 (.const:xdc_runtime_Error_Module__diagsIncluded__C)
                  20010e20    00000004     app_pem4.oem4 (.const:xdc_runtime_Error_Module__diagsMask__C)
                  20010e24    00000004     app_pem4.oem4 (.const:xdc_runtime_Error_Module__loggerFxn8__C)
                  20010e28    00000004     app_pem4.oem4 (.const:xdc_runtime_Error_Module__loggerObj__C)
                  20010e2c    00000004     app_pem4.oem4 (.const:xdc_runtime_Error_policyFxn__C)
                  20010e30    00000004     app_pem4.oem4 (.const:xdc_runtime_Error_raiseHook__C)
                  20010e34    00000004     app_pem4.oem4 (.const:xdc_runtime_IFilterLogger_Interface__BASE__C)
                  20010e38    00000004     app_pem4.oem4 (.const:xdc_runtime_IGateProvider_Interface__BASE__C)
                  20010e3c    00000004     app_pem4.oem4 (.const:xdc_runtime_IHeap_Interface__BASE__C)
                  20010e40    00000004     app_pem4.oem4 (.const:xdc_runtime_ILogger_Interface__BASE__C)
                  20010e44    00000004     app_pem4.oem4 (.const:xdc_runtime_IModule_Interface__BASE__C)
                  20010e48    00000004     app_pem4.oem4 (.const:xdc_runtime_Log_L_error__C)
                  20010e4c    00000004     app_pem4.oem4 (.const:xdc_runtime_LoggerBuf_E_badLevel__C)
                  20010e50    00000004     app_pem4.oem4 (.const:xdc_runtime_LoggerBuf_Module__gateObj__C)
                  20010e54    00000004     app_pem4.oem4 (.const:xdc_runtime_LoggerBuf_Object__count__C)
                  20010e58    00000004     app_pem4.oem4 (.const:xdc_runtime_LoggerBuf_statusLogger__C)
                  20010e5c    00000004     app_pem4.oem4 (.const:xdc_runtime_Memory_defaultHeapInstance__C)
                  20010e60    00000004     app_pem4.oem4 (.const:xdc_runtime_Startup_execImpl__C)
                  20010e64    00000004     app_pem4.oem4 (.const:xdc_runtime_Startup_maxPasses__C)
                  20010e68    00000004     app_pem4.oem4 (.const:xdc_runtime_Startup_sfxnRts__C)
                  20010e6c    00000004     app_pem4.oem4 (.const:xdc_runtime_Startup_sfxnTab__C)
                  20010e70    00000004     app_pem4.oem4 (.const:xdc_runtime_SysMin_bufSize__C)
                  20010e74    00000004     app_pem4.oem4 (.const:xdc_runtime_SysMin_outputFunc__C)
                  20010e78    00000004     app_pem4.oem4 (.const:xdc_runtime_System_Module__gateObj__C)
                  20010e7c    00000004     app_pem4.oem4 (.const:xdc_runtime_System_abortFxn__C)
                  20010e80    00000004     app_pem4.oem4 (.const:xdc_runtime_System_exitFxn__C)
                  20010e84    00000004     app_pem4.oem4 (.const:xdc_runtime_System_extendFxn__C)
                  20010e88    00000004     app_pem4.oem4 (.const:xdc_runtime_System_maxAtexitHandlers__C)
                  20010e8c    00000004     app_pem4.oem4 (.const:xdc_runtime_Text_charTab__C)
                  20010e90    00000004     app_pem4.oem4 (.const:xdc_runtime_Text_nameEmpty__C)
                  20010e94    00000004     app_pem4.oem4 (.const:xdc_runtime_Text_nameStatic__C)
                  20010e98    00000004     app_pem4.oem4 (.const:xdc_runtime_Text_nameUnknown__C)
                  20010e9c    00000004     app_pem4.oem4 (.const:xdc_runtime_Text_nodeTab__C)
                  20010ea0    00000004     app_pem4.oem4 (.const:xdc_runtime_Text_visitRopeFxn__C)
                  20010ea4    00000002     app_pem4.oem4 (.const:ti_sysbios_family_arm_m3_TimestampProvider_configTimer__C)
                  20010ea6    00000002     app_pem4.oem4 (.const:ti_sysbios_gates_GateMutex_Module__id__C)
                  20010ea8    00000002     app_pem4.oem4 (.const:ti_sysbios_hal_Hwi_Module__id__C)
                  20010eaa    00000002     app_pem4.oem4 (.const:ti_sysbios_heaps_HeapMem_Module__id__C)
                  20010eac    00000002     app_pem4.oem4 (.const:ti_sysbios_knl_Clock_Module__id__C)
                  20010eae    00000002     app_pem4.oem4 (.const:ti_sysbios_knl_Clock_Module__loggerDefined__C)
                  20010eb0    00000002     app_pem4.oem4 (.const:ti_sysbios_knl_Mailbox_Module__id__C)
                  20010eb2    00000002     app_pem4.oem4 (.const:ti_sysbios_knl_Semaphore_Module__id__C)
                  20010eb4    00000002     app_pem4.oem4 (.const:ti_sysbios_knl_Semaphore_Module__loggerDefined__C)
                  20010eb6    00000002     app_pem4.oem4 (.const:ti_sysbios_knl_Swi_Module__id__C)
                  20010eb8    00000002     app_pem4.oem4 (.const:ti_sysbios_knl_Swi_Module__loggerDefined__C)
                  20010eba    00000002     app_pem4.oem4 (.const:ti_sysbios_knl_Task_Module__id__C)
                  20010ebc    00000002     app_pem4.oem4 (.const:ti_sysbios_knl_Task_Module__loggerDefined__C)
                  20010ebe    00000002     app_pem4.oem4 (.const:ti_sysbios_knl_Task_initStackFlag__C)
                  20010ec0    00000002     app_pem4.oem4 (.const:xdc_runtime_Core_Module__id__C)
                  20010ec2    00000002     app_pem4.oem4 (.const:xdc_runtime_Error_Module__loggerDefined__C)
                  20010ec4    00000002     app_pem4.oem4 (.const:xdc_runtime_Error_maxDepth__C)
                  20010ec6    00000002     app_pem4.oem4 (.const:xdc_runtime_LoggerBuf_Module__id__C)
                  20010ec8    00000002     app_pem4.oem4 (.const:xdc_runtime_LoggerBuf_filterByLevel__C)
                  20010eca    00000002     app_pem4.oem4 (.const:xdc_runtime_Memory_Module__id__C)
                  20010ecc    00000002     app_pem4.oem4 (.const:xdc_runtime_SysMin_flushAtExit__C)
                  20010ece    00000002     app_pem4.oem4 (.const:xdc_runtime_Text_charCnt__C)
                  20010ed0    00000002     app_pem4.oem4 (.const:xdc_runtime_Text_isLoaded__C)
                  20010ed2    00000002     app_pem4.oem4 (.const:xdc_runtime_Text_registryModsLastId__C)
                  20010ed4    00000002     app_pem4.oem4 (.const:xdc_runtime_Text_unnamedModsLastId__C)

.cinit     0    20010ed8    000001c8     
                  20010ed8    000001a4     (.cinit..data.load) [load image, compression = lzss]
                  2001107c    0000000c     (__TI_handler_table)
                  20011088    00000008     (.cinit..bss.load) [load image, compression = zero_init]
                  20011090    00000010     (__TI_cinit_table)

.bss       0    20017000    000096a1     UNINITIALIZED
                  20017000    00008000     (.common:ti_sysbios_heaps_HeapMem_Instance_State_0_buf__A)
                  2001f000    00000800     app_pem4.oem4 (.bss:taskStackSection)
                  2001f800    00000400     (.common:xdc_runtime_LoggerBuf_Instance_State_0_entryArr__A)
                  2001fc00    00000400     (.common:xdc_runtime_SysMin_Module_State_0_outbuf__A)
                  20020000    0000030c     (.common:ti_sysbios_family_arm_m3_Hwi_dispatchTable)
                  2002030c    00000178     (.common:g_StatMem)
                  20020484    00000120     rtsv7M4_T_le_eabi.lib : trgmsg.obj (.bss:_CIOBUF_)
                  200205a4    00000080     Communicator.obj (.bss:buffer$4)
                  20020624    00000050     (.common:g_ucDinDout)
                  20020674    00000008     Communicator.obj (.bss:_handlers)
                  2002067c    00000008     rtsv7M4_T_le_eabi.lib : trgdrv.obj (.bss:parmbuf)
                  20020684    00000004     Communicator.obj (.bss)
                  20020688    00000004     (.common:DMAMsgQ)
                  2002068c    00000004     (.common:SimpleLinkSpawnTaskHndl)
                  20020690    00000004     (.common:_clientSocket)
                  20020694    00000004     (.common:_socketTaskHandle)
                  20020698    00000004     (.common:g_cDummy)
                  2002069c    00000004     (.common:simpleLink_mailbox)
                  200206a0    00000001     (.common:RxIrqCnt)

.data      0    200206a4    00000400     UNINITIALIZED
                  200206a4    00000080     app_pem4.oem4 (.data:ti_sysbios_knl_Swi_Module_State_0_readyQ__A)
                  20020724    00000080     app_pem4.oem4 (.data:ti_sysbios_knl_Task_Module_State_0_readyQ__A)
                  200207a4    0000004c     app_pem4.oem4 (.data:ti_sysbios_knl_Task_Object__table__V)
                  200207f0    00000044     app_pem4.oem4 (.data:ti_sysbios_knl_Task_Module__state__V)
                  20020834    00000038     app_pem4.oem4 (.data:ti_sysbios_gates_GateMutex_Object__table__V)
                  2002086c    00000034     app_pem4.oem4 (.data:ti_sysbios_family_arm_m3_Hwi_Module__state__V)
                  200208a0    00000030     app_pem4.oem4 (.data:ti_sysbios_family_arm_m3_Timer_Object__table__V)
                  200208d0    00000030     app_pem4.oem4 (.data:ti_sysbios_knl_Swi_Object__table__V)
                  20020900    0000002c     app_pem4.oem4 (.data:ti_sysbios_knl_Clock_Module__state__V)
                  2002092c    00000024     app_pem4.oem4 (.data:ti_sysbios_BIOS_Module__state__V)
                  20020950    00000024     app_pem4.oem4 (.data:xdc_runtime_LoggerBuf_Object__table__V)
                  20020974    0000001c     app_pem4.oem4 (.data:ti_sysbios_knl_Swi_Module__state__V)
                  20020990    00000018     app_pem4.oem4 (.data:ti_sysbios_family_arm_m3_Hwi_Object__table__V)
                  200209a8    00000018     app_pem4.oem4 (.data:ti_sysbios_heaps_HeapMem_Object__table__V)
                  200209c0    00000010     app_pem4.oem4 (.data:xdc_runtime_System_Module_State_0_atexitHandlers__A)
                  200209d0    0000000c     rtsv7M4_T_le_eabi.lib : exit.obj (.data:$O1$$)
                  200209dc    0000000c     Communicator.obj (.data:tempPacket$1)
                  200209e8    0000000c     app_pem4.oem4 (.data:ti_sysbios_family_arm_m3_Timer_Module__state__V)
                  200209f4    0000000c     app_pem4.oem4 (.data:xdc_runtime_SysMin_Module__state__V)
                  20020a00    00000009     simplelink.a : cc_pal.obj (.data)
                  20020a09    00000002     task_wifi.obj (.data)
                  20020a0b    00000001     --HOLE--
                  20020a0c    00000009     simplelink.a : driver.obj (.data)
                  20020a15    00000001     --HOLE--
                  20020a16    00000002     app_pem4.oem4 (.data:ti_sysbios_family_arm_m3_Hwi_Module_State_0_excActive__A)
                  20020a18    00000008     rtsv7M4_T_le_eabi.lib : _lock.obj (.data:$O1$$)
                  20020a20    00000008     app_pem4.oem4 (.data:ti_sysbios_family_arm_m3_Hwi_Module__root__V)
                  20020a28    00000008     app_pem4.oem4 (.data:ti_sysbios_gates_GateHwi_Module__root__V)
                  20020a30    00000008     app_pem4.oem4 (.data:ti_sysbios_gates_GateMutex_Module__root__V)
                  20020a38    00000008     app_pem4.oem4 (.data:ti_sysbios_heaps_HeapMem_Module__root__V)
                  20020a40    00000008     app_pem4.oem4 (.data:ti_sysbios_knl_Mailbox_Module__root__V)
                  20020a48    00000008     app_pem4.oem4 (.data:ti_sysbios_knl_Queue_Module__root__V)
                  20020a50    00000008     app_pem4.oem4 (.data:ti_sysbios_knl_Semaphore_Module__root__V)
                  20020a58    00000008     app_pem4.oem4 (.data:ti_sysbios_knl_Task_Module__root__V)
                  20020a60    00000008     app_pem4.oem4 (.data:xdc_runtime_LoggerBuf_Module__root__V)
                  20020a68    00000008     app_pem4.oem4 (.data:xdc_runtime_Registry_Module__state__V)
                  20020a70    00000008     app_pem4.oem4 (.data:xdc_runtime_Startup_Module__state__V)
                  20020a78    00000008     app_pem4.oem4 (.data:xdc_runtime_System_Module__state__V)
                  20020a80    00000006     app_pem4.oem4 (.data:xdc_runtime_LoggerBuf_Module__state__V)
                  20020a86    00000002     app_pem4.oem4 (.data:xdc_runtime_Error_Module__state__V)
                  20020a88    00000004     rtsv7M4_T_le_eabi.lib : stkdepth_vars.obj (.data)
                  20020a8c    00000004     app_pem4.oem4 (.data:ti_sysbios_family_arm_m3_Hwi_Module_State_0_excContext__A)
                  20020a90    00000004     app_pem4.oem4 (.data:ti_sysbios_family_arm_m3_Hwi_Module_State_0_excStack__A)
                  20020a94    00000004     app_pem4.oem4 (.data:ti_sysbios_family_arm_m3_TimestampProvider_Module__state__V)
[...]
20010bec  xdc_runtime_Startup_lastFxns__C                             
20010bf4  GPIO_PINS                                                   
20010bfe  _SlAcceptCmdCtrl                                            
20010c02  _SlListenCmdCtrl                                            
20010c06  _SlNetAppSendTokenValueCmdCtrl                              
20010c0a  _SlNetAppStartCtrl                                          
20010c0e  _SlRecvCmdCtrl                                              
20010c12  _SlSendCmdCtrl                                              
20010c16  _SlSetSockOptCmdCtrl                                        
20010c1a  _SlSockCloseCmdCtrl                                         
20010c1e  _SlSockSocketCmdCtrl                                        
20010c22  _SlStopCmdCtrl                                              
20010c26  _SlWlanCfgSetCmdCtrl                                        
20010c2a  _SlWlanSetModeCmdCtrl                                       
20010c2e  ti_sysbios_family_arm_m3_Timer_Module__id__C                
20010c30  ti_sysbios_family_arm_m3_Hwi_E_NMI__C                       
20010c34  ti_sysbios_family_arm_m3_Hwi_E_alreadyDefined__C            
20010c38  ti_sysbios_family_arm_m3_Hwi_E_busFault__C                  
20010c3c  ti_sysbios_family_arm_m3_Hwi_E_debugMon__C                  
20010c40  ti_sysbios_family_arm_m3_Hwi_E_hardFault__C                 
20010c44  ti_sysbios_family_arm_m3_Hwi_E_memFault__C                  
20010c48  ti_sysbios_family_arm_m3_Hwi_E_noIsr__C                     
20010c4c  ti_sysbios_family_arm_m3_Hwi_E_reserved__C                  
20010c50  ti_sysbios_family_arm_m3_Hwi_E_svCall__C                    
20010c54  ti_sysbios_family_arm_m3_Hwi_E_usageFault__C                
20010c58  ti_sysbios_family_arm_m3_Hwi_LD_end__C                      
20010c5c  ti_sysbios_family_arm_m3_Hwi_LM_begin__C                    
20010c60  ti_sysbios_family_arm_m3_Hwi_Module__diagsEnabled__C        
20010c64  ti_sysbios_family_arm_m3_Hwi_Module__diagsIncluded__C       
20010c68  ti_sysbios_family_arm_m3_Hwi_Module__diagsMask__C           
20010c6c  ti_sysbios_family_arm_m3_Hwi_Module__loggerFxn1__C          
20010c70  ti_sysbios_family_arm_m3_Hwi_Module__loggerFxn8__C          
20010c74  ti_sysbios_family_arm_m3_Hwi_Module__loggerObj__C           
20010c78  ti_sysbios_family_arm_m3_Hwi_NUM_INTERRUPTS__C              
20010c7c  ti_sysbios_family_arm_m3_Hwi_Object__count__C               
20010c80  ti_sysbios_family_arm_m3_Hwi_ccr__C                         
20010c84  ti_sysbios_family_arm_m3_Hwi_excHandlerFunc__C              
20010c88  ti_sysbios_family_arm_m3_Hwi_excHookFuncs__C                
20010c8c  ti_sysbios_family_arm_m3_Hwi_nullIsrFunc__C                 
20010c90  ti_sysbios_family_arm_m3_Hwi_priGroup__C                    
20010c94  ti_sysbios_family_arm_m3_TaskSupport_stackAlignment__C      
20010c98  ti_sysbios_family_arm_m3_Timer_E_cannotSupport__C           
20010c9c  ti_sysbios_family_arm_m3_Timer_startupNeeded__C             
20010ca0  ti_sysbios_gates_GateMutex_A_badContext__C                  
20010ca4  ti_sysbios_gates_GateMutex_Instance_State_sem__O            
20010ca8  ti_sysbios_gates_GateMutex_Module__diagsEnabled__C          
20010cac  ti_sysbios_gates_GateMutex_Module__diagsIncluded__C         
20010cb0  ti_sysbios_gates_GateMutex_Module__diagsMask__C             
20010cb4  ti_sysbios_hal_Hwi_E_stackOverflow__C                       
20010cb8  ti_sysbios_heaps_HeapMem_A_align__C                         
20010cbc  ti_sysbios_heaps_HeapMem_A_heapSize__C                      
20010cc0  ti_sysbios_heaps_HeapMem_A_invalidFree__C                   
20010cc4  ti_sysbios_heaps_HeapMem_A_zeroBlock__C                     
20010cc8  ti_sysbios_heaps_HeapMem_E_memory__C                        
20010ccc  ti_sysbios_heaps_HeapMem_Module__diagsEnabled__C            
20010cd0  ti_sysbios_heaps_HeapMem_Module__diagsIncluded__C           
20010cd4  ti_sysbios_heaps_HeapMem_Module__diagsMask__C               
20010cd8  ti_sysbios_heaps_HeapMem_Module__gateObj__C                 
20010cdc  ti_sysbios_heaps_HeapMem_Object__count__C                   
20010ce0  ti_sysbios_heaps_HeapMem_reqAlign__C                        
20010ce4  ti_sysbios_knl_Clock_LM_begin__C                            
20010ce8  ti_sysbios_knl_Clock_LM_tick__C                             
20010cec  ti_sysbios_knl_Clock_LW_delayed__C                          
20010cf0  ti_sysbios_knl_Clock_Module_State_clockQ__O                 
20010cf4  ti_sysbios_knl_Clock_Module__diagsEnabled__C                
20010cf8  ti_sysbios_knl_Clock_Module__diagsIncluded__C               
20010cfc  ti_sysbios_knl_Clock_Module__diagsMask__C                   
20010d00  ti_sysbios_knl_Clock_Module__loggerFxn1__C                  
20010d04  ti_sysbios_knl_Clock_Module__loggerFxn2__C                  
20010d08  ti_sysbios_knl_Clock_Module__loggerObj__C                   
20010d0c  ti_sysbios_knl_Clock_tickPeriod__C                          
20010d10  ti_sysbios_knl_Idle_funcList__A                             
20010d14  ti_sysbios_knl_Mailbox_A_invalidBufSize__C                  
20010d18  ti_sysbios_knl_Mailbox_Instance_State_dataQue__O            
20010d1c  ti_sysbios_knl_Mailbox_Instance_State_dataSem__O            
20010d20  ti_sysbios_knl_Mailbox_Instance_State_freeQue__O            
20010d24  ti_sysbios_knl_Mailbox_Instance_State_freeSem__O            
20010d28  ti_sysbios_knl_Mailbox_Module__diagsEnabled__C              
20010d2c  ti_sysbios_knl_Mailbox_Module__diagsIncluded__C             
20010d30  ti_sysbios_knl_Mailbox_Module__diagsMask__C                 
20010d34  ti_sysbios_knl_Mailbox_Object__count__C                     
20010d38  ti_sysbios_knl_Mailbox_maxTypeAlign__C                      
20010d3c  ti_sysbios_knl_Semaphore_A_badContext__C                    
20010d40  ti_sysbios_knl_Semaphore_A_noEvents__C                      
20010d44  ti_sysbios_knl_Semaphore_A_overflow__C                      
20010d48  ti_sysbios_knl_Semaphore_A_pendTaskDisabled__C              
20010d4c  ti_sysbios_knl_Semaphore_Instance_State_pendQ__O            
20010d50  ti_sysbios_knl_Semaphore_LM_pend__C                         
20010d54  ti_sysbios_knl_Semaphore_LM_post__C                         
20010d58  ti_sysbios_knl_Semaphore_Module__diagsEnabled__C            
20010d5c  ti_sysbios_knl_Semaphore_Module__diagsIncluded__C           
20010d60  ti_sysbios_knl_Semaphore_Module__diagsMask__C               
20010d64  ti_sysbios_knl_Semaphore_Module__loggerFxn2__C              
20010d68  ti_sysbios_knl_Semaphore_Module__loggerFxn4__C              
20010d6c  ti_sysbios_knl_Semaphore_Module__loggerObj__C               
20010d70  ti_sysbios_knl_Swi_LD_end__C                                
20010d74  ti_sysbios_knl_Swi_LM_begin__C                              
20010d78  ti_sysbios_knl_Swi_LM_post__C                               
20010d7c  ti_sysbios_knl_Swi_Module__diagsEnabled__C                  
20010d80  ti_sysbios_knl_Swi_Module__diagsIncluded__C                 
20010d84  ti_sysbios_knl_Swi_Module__diagsMask__C                     
20010d88  ti_sysbios_knl_Swi_Module__loggerFxn1__C                    
20010d8c  ti_sysbios_knl_Swi_Module__loggerFxn4__C                    
20010d90  ti_sysbios_knl_Swi_Module__loggerObj__C                     
20010d94  ti_sysbios_knl_Swi_Object__count__C                         
20010d98  ti_sysbios_knl_Task_A_badPriority__C                        
20010d9c  ti_sysbios_knl_Task_A_badTaskState__C                       
20010da0  ti_sysbios_knl_Task_A_badThreadType__C                      
20010da4  ti_sysbios_knl_Task_A_badTimeout__C                         
20010da8  ti_sysbios_knl_Task_A_noPendElem__C                         
20010dac  ti_sysbios_knl_Task_A_sleepTaskDisabled__C                  
20010db0  ti_sysbios_knl_Task_E_spOutOfBounds__C                      
20010db4  ti_sysbios_knl_Task_E_stackOverflow__C                      
20010db8  ti_sysbios_knl_Task_LD_block__C                             
20010dbc  ti_sysbios_knl_Task_LD_exit__C                              
20010dc0  ti_sysbios_knl_Task_LD_ready__C                             
20010dc4  ti_sysbios_knl_Task_LM_sleep__C                             
20010dc8  ti_sysbios_knl_Task_LM_switch__C                            
20010dcc  ti_sysbios_knl_Task_LM_yield__C                             
20010dd0  ti_sysbios_knl_Task_Module_State_inactiveQ__O               
20010dd4  ti_sysbios_knl_Task_Module__diagsEnabled__C                 
20010dd8  ti_sysbios_knl_Task_Module__diagsIncluded__C                
20010ddc  ti_sysbios_knl_Task_Module__diagsMask__C                    
20010de0  ti_sysbios_knl_Task_Module__loggerFxn2__C                   
20010de4  ti_sysbios_knl_Task_Module__loggerFxn4__C                   
20010de8  ti_sysbios_knl_Task_Module__loggerObj__C                    
20010dec  ti_sysbios_knl_Task_Object__count__C                        
20010df0  ti_sysbios_knl_Task_allBlockedFunc__C                       
20010df4  ti_sysbios_knl_Task_defaultStackHeap__C                     
20010df8  ti_sysbios_knl_Task_defaultStackSize__C                     
20010dfc  ti_sysbios_knl_Task_numConstructedTasks__C                  
20010e00  xdc_runtime_Assert_E_assertFailed__C                        
20010e04  xdc_runtime_Core_A_initializedParams__C                     
20010e08  xdc_runtime_Core_Module__diagsEnabled__C                    
20010e0c  xdc_runtime_Core_Module__diagsIncluded__C                   
20010e10  xdc_runtime_Core_Module__diagsMask__C                       
20010e14  xdc_runtime_Error_E_memory__C                               
20010e18  xdc_runtime_Error_Module__diagsEnabled__C                   
20010e1c  xdc_runtime_Error_Module__diagsIncluded__C                  
20010e20  xdc_runtime_Error_Module__diagsMask__C                      
20010e24  xdc_runtime_Error_Module__loggerFxn8__C                     
20010e28  xdc_runtime_Error_Module__loggerObj__C                      
20010e2c  xdc_runtime_Error_policyFxn__C                              
20010e30  xdc_runtime_Error_raiseHook__C                              
20010e34  xdc_runtime_IFilterLogger_Interface__BASE__C                
20010e38  xdc_runtime_IGateProvider_Interface__BASE__C                
20010e3c  xdc_runtime_IHeap_Interface__BASE__C                        
20010e40  xdc_runtime_ILogger_Interface__BASE__C                      
20010e44  xdc_runtime_IModule_Interface__BASE__C                      
20010e48  xdc_runtime_Log_L_error__C                                  
20010e4c  xdc_runtime_LoggerBuf_E_badLevel__C                         
20010e50  xdc_runtime_LoggerBuf_Module__gateObj__C                    
20010e54  xdc_runtime_LoggerBuf_Object__count__C                      
20010e58  xdc_runtime_LoggerBuf_statusLogger__C                       
20010e5c  xdc_runtime_Memory_defaultHeapInstance__C                   
20010e60  xdc_runtime_Startup_execImpl__C                             
20010e64  xdc_runtime_Startup_maxPasses__C                            
20010e68  xdc_runtime_Startup_sfxnRts__C                              
20010e6c  xdc_runtime_Startup_sfxnTab__C                              
20010e70  xdc_runtime_SysMin_bufSize__C                               
20010e74  xdc_runtime_SysMin_outputFunc__C                            
20010e78  xdc_runtime_System_Module__gateObj__C                       
20010e7c  xdc_runtime_System_abortFxn__C                              
20010e80  xdc_runtime_System_exitFxn__C                               
20010e84  xdc_runtime_System_extendFxn__C                             
20010e88  xdc_runtime_System_maxAtexitHandlers__C                     
20010e8c  xdc_runtime_Text_charTab__C                                 
20010e90  xdc_runtime_Text_nameEmpty__C                               
20010e94  xdc_runtime_Text_nameStatic__C                              
20010e98  xdc_runtime_Text_nameUnknown__C                             
20010e9c  xdc_runtime_Text_nodeTab__C                                 
20010ea0  xdc_runtime_Text_visitRopeFxn__C                            
20010ea4  ti_sysbios_family_arm_m3_TimestampProvider_configTimer__C   
20010ea6  ti_sysbios_gates_GateMutex_Module__id__C                    
20010ea8  ti_sysbios_hal_Hwi_Module__id__C                            
20010eaa  ti_sysbios_heaps_HeapMem_Module__id__C                      
20010eac  ti_sysbios_knl_Clock_Module__id__C                          
20010eae  ti_sysbios_knl_Clock_Module__loggerDefined__C               
20010eb0  ti_sysbios_knl_Mailbox_Module__id__C                        
20010eb2  ti_sysbios_knl_Semaphore_Module__id__C                      
20010eb4  ti_sysbios_knl_Semaphore_Module__loggerDefined__C           
20010eb6  ti_sysbios_knl_Swi_Module__id__C                            
20010eb8  ti_sysbios_knl_Swi_Module__loggerDefined__C                 
20010eba  ti_sysbios_knl_Task_Module__id__C                           
20010ebc  ti_sysbios_knl_Task_Module__loggerDefined__C                
20010ebe  ti_sysbios_knl_Task_initStackFlag__C                        
20010ec0  xdc_runtime_Core_Module__id__C                              
20010ec2  xdc_runtime_Error_Module__loggerDefined__C                  
20010ec4  xdc_runtime_Error_maxDepth__C                               
20010ec6  xdc_runtime_LoggerBuf_Module__id__C                         
20010ec8  xdc_runtime_LoggerBuf_filterByLevel__C                      
20010eca  xdc_runtime_Memory_Module__id__C                            
20010ecc  xdc_runtime_SysMin_flushAtExit__C                           
20010ece  xdc_runtime_Text_charCnt__C                                 
20010ed0  xdc_runtime_Text_isLoaded__C                                
20010ed2  xdc_runtime_Text_registryModsLastId__C                      
20010ed4  xdc_runtime_Text_unnamedModsLastId__C                       
20010ed8  __TI_static_base__                                          
2001107c  __TI_Handler_Table_Base                                     
20011088  __TI_Handler_Table_Limit                                    
20011090  __TI_CINIT_Base                                             
200110a0  __TI_CINIT_Limit                                            
20017000  ti_sysbios_heaps_HeapMem_Instance_State_0_buf__A            
2001f000  ti_sysbios_knl_Task_Instance_State_0_stack__A               
2001f800  xdc_runtime_LoggerBuf_Instance_State_0_entryArr__A          
2001fc00  xdc_runtime_SysMin_Module_State_0_outbuf__A                 
20020000  ti_sysbios_family_arm_m3_Hwi_dispatchTable                  
2002030c  g_StatMem                                                   
20020484  __CIOBUF_                                                   
20020624  g_ucDinDout                                                 
20020688  DMAMsgQ                                                     
2002068c  SimpleLinkSpawnTaskHndl                                     
20020690  _clientSocket                                               
20020694  _socketTaskHandle                                           
20020698  g_cDummy                                                    
2002069c  simpleLink_mailbox                                          
200206a0  RxIrqCnt                                                    
200206a4  ti_sysbios_knl_Swi_Module_State_0_readyQ__A                 
20020724  ti_sysbios_knl_Task_Module_State_0_readyQ__A                
200207a4  TSK_idle                                                    
200207a4  ti_sysbios_knl_Task_Object__table__V                        
200207f0  ti_sysbios_knl_Task_Module__state__V                        
20020834  ti_sysbios_gates_GateMutex_Object__table__V                 
2002086c  ti_sysbios_family_arm_m3_Hwi_Module__state__V               
200208a0  ti_sysbios_family_arm_m3_Timer_Object__table__V             
200208d0  ti_sysbios_knl_Swi_Object__table__V                         
20020900  ti_sysbios_knl_Clock_Module__state__V                       
2002092c  ti_sysbios_BIOS_Module__state__V                            
20020950  xdc_runtime_LoggerBuf_Object__table__V                      
20020974  ti_sysbios_knl_Swi_Module__state__V                         
20020990  ti_sysbios_family_arm_m3_Hwi_Object__table__V               
200209a8  ti_sysbios_heaps_HeapMem_Object__table__V                   
200209c0  xdc_runtime_System_Module_State_0_atexitHandlers__A         
200209d0  __TI_cleanup_ptr                                            
200209d4  __TI_dtors_ptr                                              
200209d8  __TI_enable_exit_profile_output                             
200209e8  ti_sysbios_family_arm_m3_Timer_Module__state__V             
200209f4  xdc_runtime_SysMin_Module__state__V                         
20020a00  g_SpiFd                                                     
20020a04  g_pHostIntHdl                                               
20020a08  g_ucDMAEnabled                                              
20020a09  _apState                                                    
20020a0a  _socketState                                                
20020a0c  g_pCB                                                       
20020a10  pPingCallBackFunc                                           
20020a14  gFirstCmdMode                                               
20020a16  ti_sysbios_family_arm_m3_Hwi_Module_State_0_excActive__A    
20020a18  _lock                                                       
20020a1c  _unlock                                                     
20020a20  ti_sysbios_family_arm_m3_Hwi_Module__root__V                
20020a28  ti_sysbios_gates_GateHwi_Module__root__V                    
20020a30  ti_sysbios_gates_GateMutex_Module__root__V                  
20020a38  ti_sysbios_heaps_HeapMem_Module__root__V                    
20020a40  ti_sysbios_knl_Mailbox_Module__root__V                      
20020a48  ti_sysbios_knl_Queue_Module__root__V                        
20020a50  ti_sysbios_knl_Semaphore_Module__root__V                    
20020a58  ti_sysbios_knl_Task_Module__root__V                         
20020a60  xdc_runtime_LoggerBuf_Module__root__V                       
20020a68  xdc_runtime_Registry_Module__state__V                       
20020a70  xdc_runtime_Startup_Module__state__V                        
20020a78  xdc_runtime_System_Module__state__V                         
20020a80  xdc_runtime_LoggerBuf_Module__state__V                      
20020a86  xdc_runtime_Error_Module__state__V                          
20020a88  main_func_sp                                                
20020a8c  ti_sysbios_family_arm_m3_Hwi_Module_State_0_excContext__A   
20020a90  ti_sysbios_family_arm_m3_Hwi_Module_State_0_excStack__A     
20020a94  ti_sysbios_family_arm_m3_TimestampProvider_Module__state__V 
20020a98  ti_sysbios_gates_GateHwi_Object__table__V                   
20020a9c  ti_sysbios_knl_Task_Module_State_0_idleTask__A              
20020aa0  xdc_runtime_Memory_Module__state__V                         
2002e000  __stack                                                     
20030000  __STACK_END                                                 
e000e000  ti_sysbios_family_arm_m3_Hwi_nvic                           
ffffffff  __TI_pprof_out_hndl                                         
ffffffff  __TI_prof_data_size                                         
ffffffff  __TI_prof_data_start                                        
ffffffff  __binit__                                                   
ffffffff  __c_args__                                                  
ffffffff  binit                                                       
UNDEFED   SHT$$INIT_ARRAY$$Base                                       
UNDEFED   SHT$$INIT_ARRAY$$Limit                                      

[859 symbols]
