******************************************************************************
                  TI ARM Linker Unix v16.9.0                   
******************************************************************************
>> Linked Sun Feb 26 05:40:17 2017

OUTPUT FILE NAME:   <Randy_MechHandy.out>
ENTRY POINT SYMBOL: "_c_int00"  address: 2000d751


MEMORY CONFIGURATION

         name            origin    length      used     unused   attr    fill
----------------------  --------  ---------  --------  --------  ----  --------
  SRAM_CODE             20004000   00013000  0000d8c4  0000573c  RW X
  SRAM_DATA             20017000   00019000  0000bb29  0000d4d7  RW X


SEGMENT ALLOCATION MAP

run origin  load origin   length   init length attrs members
----------  ----------- ---------- ----------- ----- -------
20004000    20004000    0000d8d0   0000d8d0    r-x
  20004000    20004000    0000030c   0000030c    r-- .resetVecs
  20004310    20004310    0000b112   0000b112    r-x .text
  2000f424    2000f424    000022de   000022de    r-- .const
  20011708    20011708    000001c8   000001c8    r-- .cinit
20017000    20017000    00009b2c   00000000    rw-
  20017000    20017000    00009729   00000000    rw- .bss
  2002072c    2002072c    00000400   00000000    rw- .data
2002e000    2002e000    00002000   00000000    rw-
  2002e000    2002e000    00002000   00000000    rw- .stack


SECTION ALLOCATION MAP

 output                                  attributes/
section   page    origin      length       input sections
--------  ----  ----------  ----------   ----------------
.init_array 
*          0    20004000    00000000     UNINITIALIZED

.text      0    20004310    0000b112     
                  20004310    000005ec     simplelink.a : driver.obj (.text:_SlDrvMsgRead)
                  200048fc    00000544     ti_rtos.a : osi_tirtos.obj (.text)
                  20004e40    00000430     sysbios.aem4 : BIOS.obj (.text:ti_sysbios_family_arm_m3_Hwi_excDumpRegs__I)
                  20005270    0000039c     task_wifi.obj (.text)
                  2000560c    0000033c     ti.targets.arm.rtsarm.aem4 : System.oem4 (.text:xdc_runtime_System_doPrint__I)
                  20005948    00000324     rtsv7M4_T_le_eabi.lib : trgdrv.obj (.text)
                  20005c6c    00000004     ti.targets.arm.rtsarm.aem4 : LoggerBuf.oem4 (.text:LoggerBuf_instanceStartup)
                  20005c70    00000314     sysbios.aem4 : BIOS.obj (.text:ti_sysbios_knl_Semaphore_pend__E)
                  20005f84    000002dc     Analog.obj (.text)
                  20006260    00000258     sysbios.aem4 : BIOS.obj (.text:ti_sysbios_heaps_HeapMem_free__E)
                  200064b8    00000248     simplelink.a : driver.obj (.text:_SlDrvRxHdrRead)
                  20006700    00000240     sysbios.aem4 : BIOS.obj (.text:ti_sysbios_heaps_HeapMem_alloc__E)
                  20006940    00000234     Communicator.obj (.text)
                  20006b74    00000004     app_pem4.oem4 (.text:ti_sysbios_BIOS_RtsGateProxy_enter__E)
                  20006b78    00000224     sysbios.aem4 : BIOS.obj (.text:ti_sysbios_knl_Task_Instance_finalize__E)
                  20006d9c    00000004     app_pem4.oem4 (.text:ti_sysbios_BIOS_RtsGateProxy_leave__E)
                  20006da0    00000200     sysbios.aem4 : BIOS.obj (.text:ti_sysbios_knl_Task_sleep__E)
                  20006fa0    000001fc     Timer.obj (.text)
                  2000719c    00000004     app_pem4.oem4 (.text:ti_sysbios_family_arm_m3_Hwi_delete)
                  200071a0    000001fc     sysbios.aem4 : BIOS.obj (.text:ti_sysbios_family_arm_m3_Hwi_excHandlerMax__I)
                  2000739c    000001d0     simplelink.a : driver.obj (.text:_SlDrvReleasePoolObj)
                  2000756c    000001cc                  : driver.obj (.text:_SlDrvMsgWrite)
                  20007738    000001c8     sysbios.aem4 : BIOS.obj (.text:ti_sysbios_knl_Task_Instance_init__E)
                  20007900    000001a8     rom_pin_mux_config.obj (.text)
                  20007aa8    0000019c     sysbios.aem4 : BIOS.obj (.text:ti_sysbios_knl_Task_Module_startup__E)
                  20007c44    00000190     simplelink.a : driver.obj (.text:_SlDrvWaitForPoolObj)
                  20007dd4    00000174                  : driver.obj (.text:_SlDrvDriverCBInit)
                  20007f48    00000174     sysbios.aem4 : BIOS.obj (.text:ti_sysbios_family_arm_m3_Hwi_excBusFault__I)
                  200080bc    00000170     simplelink.a : driver.obj (.text:_SlFindAndSetActiveObj)
                  2000822c    00000004     app_pem4.oem4 (.text:ti_sysbios_family_arm_m3_TaskSupport_Module__startupDone__S)
                  20008230    00000164     sysbios.aem4 : BIOS.obj (.text:ti_sysbios_family_arm_m3_Hwi_excUsageFault__I)
                  20008394    00000004     app_pem4.oem4 (.text:ti_sysbios_heaps_HeapMem_Module_GateProxy_enter__E)
                  20008398    00000158     sysbios.aem4 : BIOS.obj (.text:ti_sysbios_knl_Mailbox_Instance_init__E)
                  200084f0    0000014c     simplelink.a : cc_pal.obj (.text:spi_Open)
                  2000863c    00000004     app_pem4.oem4 (.text:ti_sysbios_heaps_HeapMem_Module_GateProxy_leave__E)
                  20008640    0000014c     sysbios.aem4 : BIOS.obj (.text:ti_sysbios_family_arm_m3_Hwi_dispatchC__I)
                  2000878c    00000004     app_pem4.oem4 (.text:ti_sysbios_knl_Clock_TimerProxy_getMaxTicks__E)
                  20008790    00000148     sysbios.aem4 : BIOS.obj (.text:ti_sysbios_family_arm_m3_Hwi_excMemFault__I)
                  200088d8    00000140                  : BIOS.obj (.text:ti_sysbios_knl_Semaphore_post__E)
                  20008a18    0000013c                  : BIOS.obj (.text:ti_sysbios_heaps_HeapMem_Instance_init__E)
                  20008b54    00000004     app_pem4.oem4 (.text:ti_sysbios_knl_Mailbox_delete)
                  20008b58    0000013c     sysbios.aem4 : BIOS.obj (.text:ti_sysbios_knl_Clock_workFunc__E)
                  20008c94    00000138     simplelink.a : socket.obj (.text:sl_Accept)
                  20008dcc    00000134     driverlib.a : prcm.obj (.text:PRCMCC3200MCUInit)
                  20008f00    00000130     ti.targets.arm.rtsarm.aem4 : LoggerBuf.oem4 (.text:xdc_runtime_LoggerBuf_write8__E)
                  20009030    00000128     simplelink.a : driver.obj (.text:_SlDrvDataReadOp)
                  20009158    00000120     ti.targets.arm.rtsarm.aem4 : Error.oem4 (.text:xdc_runtime_Error_policyDefault__E)
                  20009278    0000011c     sysbios.aem4 : BIOS.obj (.text:ti_sysbios_knl_Swi_run__I)
                  20009394    00000108     simplelink.a : socket.obj (.text:sl_Send)
                  2000949c    00000104                  : driver.obj (.text:_SlDrvDataWriteOp)
                  200095a0    00000104     ti.targets.arm.rtsarm.aem4 : Core-mem.oem4 (.text:xdc_runtime_Core_createObject__I)
                  200096a4    000000fe     simplelink.a : netapp.obj (.text:_SlDrvNetAppEventHandler)
                  200097a2    00000002     rtsv7M4_T_le_eabi.lib : i_div0.obj (.text)
                  200097a4    000000fc     ti.targets.arm.rtsarm.aem4 : Startup.oem4 (.text:xdc_runtime_Startup_startMods__I)
                  200098a0    000000fa     rtsv7M4_T_le_eabi.lib : fs_add_t2.obj (.text)
                  2000999a    00000002     app_pem4.oem4 (.text:ti_sysbios_BIOS_nullFunc__I)
                  2000999c    000000f8     ControlLoop.obj (.text)
                  20009a94    000000f8     app_pem4.oem4 (.text:xdc_runtime_System_printfExtend__I)
                  20009b8c    000000f4     simplelink.a : driver.obj (.text:_SlDrvDriverCBDeinit)
                  20009c80    000000f0     driverlib.a : udma.obj (.text:uDMAChannelTransferSet)
                  20009d70    000000dc     simplelink.a : cc_pal.obj (.text:spi_Read)
                  20009e4c    000000d8                  : driver.obj (.text:_SlDrvClassifyRxMsg)
                  20009f24    000000d4                  : device.obj (.text:sl_Stop)
                  20009ff8    000000d4     ti.targets.arm.rtsarm.aem4 : LoggerBuf.oem4 (.text:xdc_runtime_LoggerBuf_write4__E)
                  2000a0cc    000000d0     sysbios.aem4 : m3_Hwi_asm.obj (.text:ti_sysbios_family_arm_m3_Hwi_dispatch__I)
                  2000a19c    000000cc     PID.obj (.text)
                  2000a268    000000cc     sysbios.aem4 : BIOS.obj (.text:ti_sysbios_knl_Task_schedule__I)
                  2000a334    000000cc     ti.targets.arm.rtsarm.aem4 : Core-smem.oem4 (.text:xdc_runtime_Core_constructObject__I)
                  2000a400    000000c8     simplelink.a : netapp.obj (.text:_sl_HandleAsync_DnsGetHostByService)
                  2000a4c8    000000c4     sysbios.aem4 : BIOS.obj (.text:ti_sysbios_family_arm_m3_Hwi_Module_startup__E)
                  2000a58c    000000c0     simplelink.a : driver.obj (.text:_SlRemoveFromList)
                  2000a64c    00000004     app_pem4.oem4 (.text:ti_sysbios_knl_Queue_destruct)
                  2000a650    000000c0     sysbios.aem4 : BIOS.obj (.text:ti_sysbios_knl_Task_exit__E)
                  2000a710    000000bc     simplelink.a : driver.obj (.text:_SlDrvMsgReadCmdCtx)
                  2000a7cc    000000bc                  : device.obj (.text:sl_Start)
                  2000a888    000000bc     sysbios.aem4 : BIOS.obj (.text:ti_sysbios_family_arm_m3_Hwi_excDebugMon__I)
                  2000a944    00000004     app_pem4.oem4 (.text:ti_sysbios_knl_Semaphore_delete)
                  2000a948    000000bc     sysbios.aem4 : BIOS.obj (.text:ti_sysbios_family_arm_m3_Hwi_excHardFault__I)
                  2000aa04    00000004     app_pem4.oem4 (.text:ti_sysbios_knl_Semaphore_destruct)
                  2000aa08    000000bc     sysbios.aem4 : BIOS.obj (.text:ti_sysbios_knl_Task_startCore__E)
                  2000aac4    000000b8     simplelink.a : driver.obj (.text:_SlAsyncEventGenericHandler)
                  2000ab7c    00000004     app_pem4.oem4 (.text:ti_sysbios_knl_Task_delete)
                  2000ab80    000000b4     sysbios.aem4 : BIOS.obj (.text:ti_sysbios_gates_GateMutex_enter__E)
                  2000ac34    00000004     ti.targets.arm.rtsarm.aem4 : Error.oem4 (.text:xdc_runtime_Error_getSite__E)
                  2000ac38    000000b4     sysbios.aem4 : BIOS.obj (.text:ti_sysbios_knl_Task_checkStacks__E)
                  2000acec    00000004     app_pem4.oem4 (.text:xdc_runtime_LoggerBuf_Module_GateProxy_enter__E)
                  2000acf0    000000b4     sysbios.aem4 : BIOS.obj (.text:ti_sysbios_knl_Task_yield__E)
                  2000ada4    00000004     app_pem4.oem4 (.text:xdc_runtime_LoggerBuf_Module_GateProxy_leave__E)
                  2000ada8    000000b0     sysbios.aem4 : BIOS.obj (.text:ti_sysbios_knl_Task_postInit__I)
                  2000ae58    000000ac                  : BIOS.obj (.text:ti_sysbios_knl_Swi_post__E)
                  2000af04    000000a8     driverlib.a : interrupt.obj (.text:IntEnable)
                  2000afac    00000004     app_pem4.oem4 (.text:xdc_runtime_System_Module_GateProxy_enter__E)
                  2000afb0    000000a8     sysbios.aem4 : BIOS.obj (.text:ti_sysbios_knl_Task_blockI__E)
                  2000b058    000000a0     driverlib.a : spi.obj (.text:SPIConfigSetExpClk)
                  2000b0f8    000000a0     auto_init.aem4 : auto_init.oem4 (.text)
                  2000b198    000000a0     sysbios.aem4 : BIOS.obj (.text:ti_sysbios_family_arm_m3_Hwi_Instance_init__E)
                  2000b238    0000009c     simplelink.a : driver.obj (.text:_SlDrvMsgReadSpawnCtx)
                  2000b2d4    0000009c     rtsv7M4_T_le_eabi.lib : memcpy_t2.obj (.text)
                  2000b370    0000009c     sysbios.aem4 : BIOS.obj (.text:ti_sysbios_knl_Semaphore_Instance_init__E)
                  2000b40c    0000009a     ti.targets.arm.rtsarm.aem4 : Text.oem4 (.text:xdc_runtime_Text_putSite__E)
                  2000b4a6    00000002     app_pem4.oem4 (.text:xdc_runtime_Startup_reset__I)
                  2000b4a8    00000098     sysbios.aem4 : BIOS.obj (.text:ti_sysbios_knl_Mailbox_post__E)
                  2000b540    00000094     driverlib.a : prcm.obj (.text:PRCMPeripheralClockGet)
                  2000b5d4    00000094     ti.targets.arm.rtsarm.aem4 : Text.oem4 (.text:xdc_runtime_Text_putMod__E)
                  2000b668    00000092     rtsv7M4_T_le_eabi.lib : fs_div_t2.obj (.text)
                  2000b6fa    00000006     driverlib.a : utils.obj (.text:UtilsDelay)
                  2000b700    00000090     sysbios.aem4 : BIOS.obj (.text:ti_sysbios_knl_Task_unblockI__E)
                  2000b790    0000008c     simplelink.a : cc_pal.obj (.text:SetupDMAReceive)
                  2000b81c    0000008c                  : cc_pal.obj (.text:SetupDMASend)
                  2000b8a8    0000008c                  : netapp.obj (.text:_sl_HandleAsync_DnsGetHostByName)
                  2000b934    0000008c                  : netapp.obj (.text:_sl_HandleAsync_PingResponse)
                  2000b9c0    0000008c                  : cc_pal.obj (.text:spi_Write)
                  2000ba4c    00000004     app_pem4.oem4 (.text:xdc_runtime_System_Module_GateProxy_leave__E)
                  2000ba50    0000008c     sysbios.aem4 : BIOS.obj (.text:ti_sysbios_knl_Mailbox_pend__E)
                  2000badc    00000088     driverlib.a : pin.obj (.text:PinConfigSet)
                  2000bb64    00000088     simplelink.a : socket.obj (.text:sl_Bind)
                  2000bbec    00000004     ti.targets.arm.rtsarm.aem4 : System.oem4 (.text:xdc_runtime_System_aprintf_va__F)
                  2000bbf0    00000088     sysbios.aem4 : BIOS.obj (.text:ti_sysbios_family_arm_m3_Hwi_initNVIC__E)
                  2000bc78    00000088                  : BIOS.obj (.text:ti_sysbios_knl_Mailbox_Module_startup__E)
                  2000bd00    00000084     simplelink.a : cc_pal.obj (.text:NwpPowerOnPreamble)
                  2000bd84    00000080                  : driver.obj (.text:_SlDrvCmdOp)
                  2000be04    00000080                  : cc_pal.obj (.text:spi_Read_CPU)
                  2000be84    00000080                  : cc_pal.obj (.text:spi_Write_CPU)
                  2000bf04    00000080     ti.targets.arm.rtsarm.aem4 : LoggerBuf.oem4 (.text:xdc_runtime_LoggerBuf_setFilterLevel__E)
                  2000bf84    0000007c     simplelink.a : device.obj (.text:_sl_HandleAsync_InitComplete)
                  2000c000    0000007a     rtsv7M4_T_le_eabi.lib : fs_mul_t2.obj (.text)
                  2000c07a    0000007a                           : memset_t2.obj (.text)
                  2000c0f4    00000078     simplelink.a : socket.obj (.text:_sl_HandleAsync_Connect)
                  2000c16c    00000078                  : cc_pal.obj (.text:spi_Close)
                  2000c1e4    00000074     main.obj (.text)
                  2000c258    00000074     simplelink.a : socket.obj (.text:sl_Recv)
                  2000c2cc    00000004     ti.targets.arm.rtsarm.aem4 : System.oem4 (.text:xdc_runtime_System_printf_va__F)
                  2000c2d0    00000074     sysbios.aem4 : BIOS.obj (.text:ti_sysbios_family_arm_m3_Hwi_postInit__I)
                  2000c344    00000004     --HOLE-- [fill = 0]
                  2000c348    00000070                  : BIOS.obj (.text:ti_sysbios_knl_Mailbox_Instance_finalize__E)
                  2000c3b8    00000070     ti.targets.arm.rtsarm.aem4 : Memory.oem4 (.text:xdc_runtime_Memory_alloc__E)
                  2000c428    0000006c     simplelink.a : driver.obj (.text:_SlDrvCmdSend)
                  2000c494    0000006c     ti.targets.arm.rtsarm.aem4 : Error.oem4 (.text:xdc_runtime_Error_print__E)
                  2000c500    0000006c                                : LoggerBuf.oem4 (.text:xdc_runtime_LoggerBuf_getFilterLevel__E)
                  2000c56c    00000068     simplelink.a : netapp.obj (.text:_sl_NetAppSendTokenValue)
                  2000c5d4    00000068     rtsv7M4_T_le_eabi.lib : copy_decompress_lzss.obj (.text:decompress:lzss)
                  2000c63c    00000068                           : trgmsg.obj (.text)
                  2000c6a4    00000068     simplelink.a : socket.obj (.text:sl_SetSockOpt)
                  2000c70c    00000068                  : wlan.obj (.text:sl_WlanSet)
                  2000c774    00000066     ti.targets.arm.rtsarm.aem4 : Core-mem.oem4 (.text:xdc_runtime_Core_deleteObject__I)
                  2000c7da    00000002     --HOLE-- [fill = 0]
                  2000c7dc    00000064     app_pem4.oem4 (.text:ti_sysbios_family_arm_m3_Hwi_create)
                  2000c840    00000064     sysbios.aem4 : BIOS.obj (.text:ti_sysbios_family_arm_m3_TimestampProvider_get64__E)
                  2000c8a4    00000064     app_pem4.oem4 (.text:ti_sysbios_knl_Mailbox_create)
                  2000c908    00000064     driverlib.a : udma.obj (.text:uDMAChannelAttributeDisable)
                  2000c96c    00000064                 : udma.obj (.text:uDMAChannelAttributeEnable)
                  2000c9d0    00000060     rtsv7M4_T_le_eabi.lib : fs_cmp_t2.obj (.text:__aeabi_cfcmple)
                  2000ca30    00000060                           : fs_cmp_t2.obj (.text:__aeabi_cfrcmple)
                  2000ca90    00000060     simplelink.a : socket.obj (.text:_sl_HandleAsync_Accept)
                  2000caf0    00000060     sysbios.aem4 : BIOS.obj (.text:ti_sysbios_knl_Clock_logTick__E)
                  2000cb50    00000060     ti.targets.arm.rtsarm.aem4 : System.oem4 (.text:xdc_runtime_System_formatNum__I)
                  2000cbb0    0000005c     driverlib.a : adc.obj (.text:ADCIntStatus)
                  2000cc0c    0000005c     simplelink.a : socket.obj (.text:sl_Socket)
                  2000cc68    0000005c     sysbios.aem4 : BIOS.obj (.text:ti_sysbios_knl_Swi_restoreHwi__E)
                  2000ccc4    00000004     --HOLE-- [fill = 0]
                  2000ccc8    0000005c                  : BIOS.obj (.text:ti_sysbios_knl_Swi_schedule__I)
                  2000cd24    0000005c     app_pem4.oem4 (.text:ti_sysbios_knl_Task_create)
                  2000cd80    0000005c     app_pem4.oem4 (.text:xdc_runtime_LoggerBuf_Object__create__S)
                  2000cddc    0000005b     ti.targets.arm.rtsarm.aem4 : Text.oem4 (.text:xdc_runtime_Text_putLab__E)
                  2000ce37    00000001     --HOLE-- [fill = 0]
                  2000ce38    00000058     driverlib.a : adc.obj (.text:ADCIntClear)
                  2000ce90    00000058                 : interrupt.obj (.text:IntPendClear)
                  2000cee8    00000058                 : prcm.obj (.text:PRCMPeripheralReset)
                  2000cf40    00000058     sysbios.aem4 : BIOS.obj (.text:ti_sysbios_family_arm_m3_Timer_setPeriod__E)
                  2000cf98    00000054     simplelink.a : socket.obj (.text:_sl_HandleAsync_Select)
                  2000cfec    00000054     rtsv7M4_T_le_eabi.lib : exit.obj (.text)
                  2000d040    00000054     sysbios.aem4 : BIOS.obj (.text:ti_sysbios_family_arm_m3_Timer_start__E)
                  2000d094    00000050     simplelink.a : device.obj (.text:_sl_HandleAsync_Stop)
                  2000d0e4    00000050     ti.targets.arm.rtsarm.aem4 : Startup.oem4 (.text:xdc_runtime_Startup_exec__E)
                  2000d134    00000050                                : Text.oem4 (.text:xdc_runtime_Text_visitRope2__I)
                  2000d184    0000004c     driverlib.a : spi.obj (.text:SPIIntEnable)
                  2000d1d0    0000004c     simplelink.a : driver.obj (.text:_SlDrvProtectAsyncRespSetting)
                  2000d21c    0000004c                  : driver.obj (.text:_SlDrvRxIrqHandler)
                  2000d268    0000004c                  : socket.obj (.text:_sl_BuildAddress)
                  2000d2b4    0000004c     rtsv7M4_T_le_eabi.lib : cpy_tbl.obj (.text)
                  2000d300    0000004c     sysbios.aem4 : m3_TaskSupport_asm.obj (.text:ti_sysbios_family_arm_m3_TaskSupport_buildTaskStack)
                  2000d34c    00000004     --HOLE-- [fill = 0]
                  2000d350    0000004c                  : BIOS.obj (.text:ti_sysbios_heaps_HeapMem_getStats__E)
                  2000d39c    00000004     --HOLE-- [fill = 0]
                  2000d3a0    0000004c                  : BIOS.obj (.text:ti_sysbios_knl_Swi_runLoop__I)
                  2000d3ec    00000004     --HOLE-- [fill = 0]
                  2000d3f0    0000004c                  : BIOS.obj (.text:ti_sysbios_knl_Task_allBlockedFunction__I)
                  2000d43c    0000004c     driverlib.a : udma.obj (.text:uDMAChannelAssign)
                  2000d488    00000048                 : spi.obj (.text:SPIIntClear)
                  2000d4d0    00000048     sysbios.aem4 : BIOS.obj (.text:ti_sysbios_family_arm_m3_Hwi_disableInterrupt__E)
                  2000d518    00000048                  : BIOS.obj (.text:ti_sysbios_family_arm_m3_Hwi_enableInterrupt__E)
                  2000d560    00000048                  : BIOS.obj (.text:ti_sysbios_family_arm_m3_Hwi_excReserved__I)
                  2000d5a8    00000048                  : m3_Hwi_asm_switch.obj (.text:ti_sysbios_family_arm_m3_Hwi_initStacks__E)
                  2000d5f0    00000048                  : BIOS.obj (.text:ti_sysbios_family_arm_m3_Timer_initDevice__I)
                  2000d638    00000048     ti.targets.arm.rtsarm.aem4 : Assert.oem4 (.text:xdc_runtime_Assert_raise__I)
                  2000d680    00000046                                : Core-params.oem4 (.text:xdc_runtime_Core_assignParams__I)
                  2000d6c6    00000002     --HOLE-- [fill = 0]
                  2000d6c8    00000044     driverlib.a : spi.obj (.text:SPIDmaMaskGet)
                  2000d70c    00000044                 : timer.obj (.text:TimerConfigure)
                  2000d750    00000044     boot.aem4 : boot.oem4 (.text)
                  2000d794    00000044     simplelink.a : cc_pal.obj (.text:cc_SetupTransfer)
                  2000d7d8    00000044     sysbios.aem4 : BIOS.obj (.text:ti_sysbios_family_arm_m3_Hwi_getStackInfo__E)
                  2000d81c    00000004     --HOLE-- [fill = 0]
                  2000d820    00000044                  : BIOS.obj (.text:ti_sysbios_knl_Mailbox_postInit__I)
                  2000d864    00000044     ti.targets.arm.rtsarm.aem4 : Error.oem4 (.text:xdc_runtime_Error_setX__E)
                  2000d8a8    00000044                                : LoggerBuf.oem4 (.text:xdc_runtime_LoggerBuf_filterOutEvent__I)
                  2000d8ec    00000044                                : SysMin.oem4 (.text:xdc_runtime_SysMin_flush__E)
                  2000d930    00000040     driverlib.a : pin.obj (.text:PinModeSet)
                  2000d970    00000040     rtsv7M4_T_le_eabi.lib : u_divt2.obj (.text)
                  2000d9b0    00000040     sysbios.aem4 : BIOS.obj (.text:ti_sysbios_family_arm_m3_Timer_Module_startup__E)
                  2000d9f0    0000003e     driverlib.a : adc.obj (.text:ADCIntRegister)
                  2000da2e    0000003c     simplelink.a : netapp.obj (.text:CopyPingResultsToReport)
                  2000da6a    00000002     --HOLE-- [fill = 0]
                  2000da6c    0000003c     driverlib.a : prcm.obj (.text:PRCMPeripheralClkEnable)
                  2000daa8    0000003c     simplelink.a : socket.obj (.text:_sl_TruncatePayloadByProtocol)
                  2000dae4    0000003c                  : socket.obj (.text:sl_Htons)
                  2000db20    0000003c                  : socket.obj (.text:sl_Listen)
                  2000db5c    00000004     --HOLE-- [fill = 0]
                  2000db60    0000003c     sysbios.aem4 : BIOS.obj (.text:ti_sysbios_family_arm_m3_Hwi_excSvCall__I)
                  2000db9c    00000004     --HOLE-- [fill = 0]
                  2000dba0    0000003c                  : BIOS.obj (.text:ti_sysbios_family_arm_m3_TaskSupport_start__E)
                  2000dbdc    00000004     --HOLE-- [fill = 0]
                  2000dbe0    0000003c                  : BIOS.obj (.text:ti_sysbios_heaps_HeapMem_init__I)
                  2000dc1c    00000004     --HOLE-- [fill = 0]
                  2000dc20    0000003c                  : BIOS.obj (.text:ti_sysbios_knl_Swi_startup__E)
                  2000dc5c    0000003c     driverlib.a : udma.obj (.text:uDMAChannelControlSet)
                  2000dc98    0000003c     ti.targets.arm.rtsarm.aem4 : Text.oem4 (.text:xdc_runtime_Text_xprintf__I)
                  2000dcd4    0000003a                                : LoggerBuf.oem4 (.text:xdc_runtime_LoggerBuf_Instance_init__E)
                  2000dd0e    00000038     driverlib.a : adc.obj (.text:ADCChannelEnable)
                  2000dd46    00000002     --HOLE-- [fill = 0]
                  2000dd48    00000038     simplelink.a : cc_pal.obj (.text:NwpPowerOff)
                  2000dd80    00000038     rtsv7M4_T_le_eabi.lib : fs_toi_t2.obj (.text)
                  2000ddb8    00000038     sysbios.aem4 : BIOS.obj (.text:ti_sysbios_family_arm_m3_Hwi_excNoIsr__I)
                  2000ddf0    00000038                  : BIOS.obj (.text:ti_sysbios_knl_Task_processVitalTaskFlag__I)
                  2000de28    00000038     ti.targets.arm.rtsarm.aem4 : SysMin.oem4 (.text:xdc_runtime_SysMin_putch__E)
                  2000de60    00000038                                : System.oem4 (.text:xdc_runtime_System_atexit__E)
                  2000de98    00000036     driverlib.a : gpio.obj (.text:GPIODirModeSet)
                  2000dece    00000002     --HOLE-- [fill = 0]
                  2000ded0    00000034                 : prcm.obj (.text:PRCMPeripheralStatusGet)
                  2000df04    00000034                 : spi.obj (.text:SPIFIFOLevelSet)
                  2000df38    00000034     rtsv7M4_T_le_eabi.lib : fs_tou_t2.obj (.text)
                  2000df6c    00000004     --HOLE-- [fill = 0]
                  2000df70    00000034     sysbios.aem4 : BIOS.obj (.text:ti_sysbios_family_arm_m3_Hwi_excNmi__I)
                  2000dfa4    00000004     --HOLE-- [fill = 0]
                  2000dfa8    00000034                  : BIOS.obj (.text:ti_sysbios_family_arm_m3_Timer_periodicStub__I)
                  2000dfdc    00000004     --HOLE-- [fill = 0]
                  2000dfe0    00000034                  : BIOS.obj (.text:ti_sysbios_hal_Hwi_checkStack)
                  2000e014    00000034     app_pem4.oem4 (.text:ti_sysbios_knl_Semaphore_create)
                  2000e048    00000034     ti.targets.arm.rtsarm.aem4 : Core-label.oem4 (.text:xdc_runtime_Core_assignLabel__I)
                  2000e07c    00000033                                : Text.oem4 (.text:xdc_runtime_Text_printVisFxn__I)
                  2000e0af    00000001     --HOLE-- [fill = 0]
                  2000e0b0    00000032     sysbios.aem4 : BIOS.obj (.text:ti_sysbios_hal_Hwi_initStack)
                  2000e0e2    00000006     ti.targets.arm.rtsarm.aem4 : System.oem4 (.text:xdc_runtime_System_Module_startup__E)
                  2000e0e8    00000032     sysbios.aem4 : BIOS.obj (.text:ti_sysbios_knl_Semaphore_pendTimeout__I)
                  2000e11a    00000030     driverlib.a : pin.obj (.text:PinTypeGPIO)
                  2000e14a    00000030     simplelink.a : device.obj (.text:_SlDrvDeviceEventHandler)
                  2000e17a    00000002     --HOLE-- [fill = 0]
                  2000e17c    00000030                  : socket.obj (.text:sl_Close)
                  2000e1ac    00000030                  : wlan.obj (.text:sl_WlanSetMode)
                  2000e1dc    00000030     app_pem4.oem4 (.text:ti_sysbios_BIOS_atExitFunc__I)
                  2000e20c    00000030     app_pem4.oem4 (.text:ti_sysbios_gates_GateHwi_Object__create__S)
                  2000e23c    00000030     app_pem4.oem4 (.text:ti_sysbios_gates_GateMutex_Object__create__S)
                  2000e26c    00000030     app_pem4.oem4 (.text:ti_sysbios_heaps_HeapMem_Object__create__S)
                  2000e29c    00000030     app_pem4.oem4 (.text:ti_sysbios_knl_Semaphore_construct)
                  2000e2cc    00000030     ti.targets.arm.rtsarm.aem4 : SysMin.oem4 (.text:xdc_runtime_SysMin_abort__E)
                  2000e2fc    00000030                                : System.oem4 (.text:xdc_runtime_System_processAtExit__E)
                  2000e32c    0000002e     app_pem4.oem4 (.text:malloc)
                  2000e35a    00000002     --HOLE-- [fill = 0]
                  2000e35c    0000002c     simplelink.a : cc_pal.obj (.text:DmaSpiSwIntHandler)
                  2000e388    0000002c                  : cc_pal.obj (.text:NwpPowerOn)
                  2000e3b4    0000002c     driverlib.a : prcm.obj (.text:PRCMSysResetCauseGet)
                  2000e3e0    0000002c     app_pem4.oem4 (.text:ti_sysbios_knl_Clock_doTick__I)
                  2000e40c    0000002c     app_pem4.oem4 (.text:ti_sysbios_knl_Queue_construct)
                  2000e438    0000002c     sysbios.aem4 : BIOS.obj (.text:ti_sysbios_knl_Task_restore__E)
                  2000e464    0000002c     ti.targets.arm.rtsarm.aem4 : Text.oem4 (.text:xdc_runtime_Text_cordText__E)
                  2000e490    0000002a     driverlib.a : timer.obj (.text:TimerLoadSet)
                  2000e4ba    0000002a                 : timer.obj (.text:TimerMatchSet)
                  2000e4e4    0000002a                 : timer.obj (.text:TimerPrescaleMatchSet)
                  2000e50e    0000002a                 : timer.obj (.text:TimerPrescaleSet)
                  2000e538    0000002a     ti.targets.arm.rtsarm.aem4 : System.oem4 (.text:xdc_runtime_System_putchar__I)
                  2000e562    00000002     --HOLE-- [fill = 0]
                  2000e564    00000028     driverlib.a : prcm.obj (.text:PRCMPeripheralClkDisable)
                  2000e58c    00000028     simplelink.a : netapp.obj (.text:sl_NetAppStart)
                  2000e5b4    00000004     --HOLE-- [fill = 0]
                  2000e5b8    00000028     sysbios.aem4 : BIOS.obj (.text:ti_sysbios_family_arm_m3_Hwi_Instance_finalize__E)
                  2000e5e0    00000028                  : BIOS.obj (.text:ti_sysbios_knl_Swi_Module_startup__E)
                  2000e608    00000028     ti.targets.arm.rtsarm.aem4 : LoggerBuf.oem4 (.text:xdc_runtime_LoggerBuf_Module_startup__E)
                  2000e630    00000026     simplelink.a : cc_pal.obj (.text:NwpRegisterInterruptHandler)
                  2000e656    00000026     ti.targets.arm.rtsarm.aem4 : System.oem4 (.text:xdc_runtime_System_avprintf__E)
                  2000e67c    00000024     simplelink.a : driver.obj (.text:_SlDrvProtectionObjLockWaitForever)
                  2000e6a0    00000024     rtsv7M4_T_le_eabi.lib : u_tofs_t2.obj (.text)
                  2000e6c4    00000024     app_pem4.oem4 (.text:ti_sysbios_BIOS_errorRaiseHook__I)
                  2000e6e8    00000024     app_pem4.oem4 (.text:ti_sysbios_BIOS_registerRTSLock__I)
                  2000e70c    00000024     app_pem4.oem4 (.text:ti_sysbios_BIOS_removeRTSLock__I)
                  2000e730    00000024     app_pem4.oem4 (.text:ti_sysbios_BIOS_startFunc__I)
                  2000e754    00000004     --HOLE-- [fill = 0]
                  2000e758    00000024     sysbios.aem4 : BIOS.obj (.text:ti_sysbios_family_arm_m3_Hwi_doTaskRestore__I)
                  2000e77c    00000004     --HOLE-- [fill = 0]
                  2000e780    00000024                  : BIOS.obj (.text:ti_sysbios_family_arm_m3_Timer_startup__E)
                  2000e7a4    00000024     app_pem4.oem4 (.text:ti_sysbios_gates_GateMutex_Object__delete__S)
                  2000e7c8    00000024     sysbios.aem4 : BIOS.obj (.text:ti_sysbios_knl_Clock_Module_startup__E)
                  2000e7ec    00000024     app_pem4.oem4 (.text:ti_sysbios_knl_Semaphore_Object__delete__S)
                  2000e810    00000024     ti.targets.arm.rtsarm.aem4 : System.oem4 (.text:xdc_runtime_System_vprintf__E)
                  2000e834    00000022     driverlib.a : spi.obj (.text:SPIReset)
                  2000e856    00000022                 : spi.obj (.text:SPIWordCountSet)
                  2000e878    00000022     app_pem4.oem4 (.text:xdc_runtime_SysMin_output__I)
                  2000e89a    00000020     driverlib.a : gpio.obj (.text:GPIOPinWrite)
                  2000e8ba    00000002     --HOLE-- [fill = 0]
                  2000e8bc    00000020                 : interrupt.obj (.text:IntRegister)
                  2000e8dc    00000020     simplelink.a : driver.obj (.text:_SlDrvProtectionObjUnLock)
                  2000e8fc    00000020     app_pem4.oem4 (.text:ti_sysbios_BIOS_rtsLock__I)
                  2000e91c    00000020     app_pem4.oem4 (.text:ti_sysbios_family_arm_m3_Hwi_Object__delete__S)
                  2000e93c    00000020     sysbios.aem4 : m3_Hwi_asm.obj (.text:ti_sysbios_family_arm_m3_Hwi_excHandlerAsm__I)
                  2000e95c    00000004     --HOLE-- [fill = 0]
                  2000e960    00000020                  : BIOS.obj (.text:ti_sysbios_family_arm_m3_Hwi_excHandler__I)
                  2000e980    00000020                  : BIOS.obj (.text:ti_sysbios_family_arm_m3_TimestampProvider_Module_startup__E)
                  2000e9a0    00000020     app_pem4.oem4 (.text:ti_sysbios_gates_GateHwi_Object__delete__S)
                  2000e9c0    00000020     app_pem4.oem4 (.text:ti_sysbios_heaps_HeapMem_Object__delete__S)
                  2000e9e0    00000020     sysbios.aem4 : BIOS.obj (.text:ti_sysbios_knl_Idle_run__E)
                  2000ea00    00000020     app_pem4.oem4 (.text:ti_sysbios_knl_Mailbox_Object__delete__S)
                  2000ea20    00000020     app_pem4.oem4 (.text:ti_sysbios_knl_Semaphore_Object__destruct__S)
                  2000ea40    00000020     app_pem4.oem4 (.text:ti_sysbios_knl_Task_Object__delete__S)
                  2000ea60    00000020     app_pem4.oem4 (.text:xdc_runtime_LoggerBuf_Object__delete__S)
                  2000ea80    00000020     ti.targets.arm.rtsarm.aem4 : LoggerBuf.oem4 (.text:xdc_runtime_LoggerBuf_reset__E)
                  2000eaa0    00000020                                : Registry.oem4 (.text:xdc_runtime_Registry_findById__E)
                  2000eac0    00000020                                : SysMin.oem4 (.text:xdc_runtime_SysMin_Module_startup__E)
                  2000eae0    0000001e     driverlib.a : timer.obj (.text:TimerEnable)
                  2000eafe    0000001e     simplelink.a : cc_pal.obj (.text:cc_UDMAChannelSelect)
                  2000eb1c    0000001e     sysbios.aem4 : m3_Hwi_asm_switch.obj (.text:ti_sysbios_family_xxx_Hwi_switchAndRunFunc)
                  2000eb3a    0000001c     driverlib.a : adc.obj (.text:ADCFIFOLvlGet)
                  2000eb56    0000001c     simplelink.a : driver.obj (.text:_SlDrvObjLockWaitForever)
                  2000eb72    0000001c                  : driver.obj (.text:_SlDrvSyncObjWaitForever)
                  2000eb8e    00000002     --HOLE-- [fill = 0]
                  2000eb90    0000001c     sysbios.aem4 : BIOS.obj (.text:ti_sysbios_family_arm_m3_Hwi_setPriority__E)
                  2000ebac    00000004     --HOLE-- [fill = 0]
                  2000ebb0    0000001c                  : BIOS.obj (.text:ti_sysbios_gates_GateMutex_Instance_init__E)
                  2000ebcc    0000001c     app_pem4.oem4 (.text:ti_sysbios_knl_Queue_Object__destruct__S)
                  2000ebe8    0000001c     sysbios.aem4 : BIOS.obj (.text:ti_sysbios_knl_Task_enter__I)
                  2000ec04    0000001c     driverlib.a : udma.obj (.text:uDMAChannelEnable)
                  2000ec20    0000001c     ti.targets.arm.rtsarm.aem4 : Error.oem4 (.text:xdc_runtime_Error_raiseX__E)
                  2000ec3c    0000001c                                : Memory.oem4 (.text:xdc_runtime_Memory_valloc__E)
                  2000ec58    0000001c                                : SysMin.oem4 (.text:xdc_runtime_SysMin_exit__E)
                  2000ec74    0000001c                                : System.oem4 (.text:xdc_runtime_System_abort__E)
                  2000ec90    0000001a     driverlib.a : pin.obj (.text:PinTypeTimer)
                  2000ecaa    0000001a                 : spi.obj (.text:SPIDmaDisable)
                  2000ecc4    0000001a                 : spi.obj (.text:SPIDmaEnable)
                  2000ecde    0000001a                 : spi.obj (.text:SPIFIFODisable)
                  2000ecf8    0000001a                 : spi.obj (.text:SPIFIFOEnable)
                  2000ed12    0000001a     app_pem4.oem4 (.text:ti_sysbios_family_arm_m3_Hwi_Handle__label__S)
                  2000ed2c    0000001a     sysbios.aem4 : m3_Hwi_asm.obj (.text:ti_sysbios_family_arm_m3_Hwi_pendSV__I)
                  2000ed46    0000001a     app_pem4.oem4 (.text:ti_sysbios_gates_GateHwi_Handle__label__S)
                  2000ed60    0000001a     app_pem4.oem4 (.text:ti_sysbios_gates_GateMutex_Handle__label__S)
                  2000ed7a    0000001a     app_pem4.oem4 (.text:ti_sysbios_heaps_HeapMem_Handle__label__S)
                  2000ed94    0000001a     app_pem4.oem4 (.text:ti_sysbios_knl_Swi_Handle__label__S)
                  2000edae    0000001a     app_pem4.oem4 (.text:ti_sysbios_knl_Task_Handle__label__S)
                  2000edc8    0000001a     sysbios.aem4 : BIOS.obj (.text:ti_sysbios_knl_Task_sleepTimeout__I)
                  2000ede2    0000001a     app_pem4.oem4 (.text:xdc_runtime_LoggerBuf_Handle__label__S)
                  2000edfc    0000001a     app_pem4.oem4 (.text:xdc_runtime_System_aprintf__E)
                  2000ee16    0000001a     app_pem4.oem4 (.text:xdc_runtime_System_printf__E)
                  2000ee30    00000018     driverlib.a : adc.obj (.text:ADCFIFORead)
                  2000ee48    00000018                 : spi.obj (.text:SPICSDisable)
                  2000ee60    00000018                 : spi.obj (.text:SPICSEnable)
                  2000ee78    00000018                 : spi.obj (.text:SPIDisable)
                  2000ee90    00000018                 : spi.obj (.text:SPIEnable)
                  2000eea8    00000018     simplelink.a : driver.obj (.text:_SlDrvObjUnLock)
                  2000eec0    00000018                  : driver.obj (.text:_SlDrvSyncObjSignal)
                  2000eed8    00000018                  : device.obj (.text:_sl_GetStartResponseConvert)
                  2000eef0    00000018     app_pem4.oem4 (.text:free)
                  2000ef08    00000018     rtsv7M4_T_le_eabi.lib : args_main.obj (.text)
                  2000ef20    00000018     app_pem4.oem4 (.text:ti_sysbios_BIOS_rtsUnlock__I)
                  2000ef38    00000018     app_pem4.oem4 (.text:ti_sysbios_family_arm_m3_Hwi_Module__startupDone__F)
                  2000ef50    00000018     app_pem4.oem4 (.text:ti_sysbios_family_arm_m3_Timer_Module__startupDone__F)
                  2000ef68    00000018     sysbios.aem4 : BIOS.obj (.text:ti_sysbios_gates_GateMutex_leave__E)
                  2000ef80    00000018     ti.targets.arm.rtsarm.aem4 : Error.oem4 (.text:xdc_runtime_Error_check__E)
                  2000ef98    00000018                                : System.oem4 (.text:xdc_runtime_System_exit__E)
                  2000efb0    00000018                                : Text.oem4 (.text:xdc_runtime_Text_ropeText__E)
                  2000efc8    00000016     driverlib.a : prcm.obj (.text:PRCMHIBRegRead)
                  2000efde    00000016                 : prcm.obj (.text:PRCMHIBRegWrite)
                  2000eff4    00000016     simplelink.a : driver.obj (.text:_SlDrvMemZero)
                  2000f00a    00000016     app_pem4.oem4 (.text:ti_sysbios_BIOS_exitFunc__I)
                  2000f020    00000014     driverlib.a : adc.obj (.text:ADCDisable)
                  2000f034    00000014                 : adc.obj (.text:ADCEnable)
                  2000f048    00000014                 : cpu.obj (.text:CPUcpsie)
                  2000f05c    00000014                 : pin.obj (.text:PinTypeADC)
                  2000f070    00000014     rtsv7M4_T_le_eabi.lib : _lock.obj (.text)
                  2000f084    00000014                           : strcpy.obj (.text)
                  2000f098    00000014                           : strlen.obj (.text)
                  2000f0ac    00000014     app_pem4.oem4 (.text:ti_sysbios_family_arm_m3_Hwi_Object__get__S)
                  2000f0c0    00000014     sysbios.aem4 : BIOS.obj (.text:ti_sysbios_family_arm_m3_Hwi_switchFromBootStack__E)
                  2000f0d4    00000014     app_pem4.oem4 (.text:ti_sysbios_heaps_HeapMem_Object__get__S)
                  2000f0e8    00000014     app_pem4.oem4 (.text:ti_sysbios_knl_Swi_Object__get__S)
                  2000f0fc    00000014     app_pem4.oem4 (.text:xdc_runtime_LoggerBuf_Object__get__S)
                  2000f110    00000012     sysbios.aem4 : BIOS.obj (.text:ti_sysbios_hal_Hwi_Module_startup__E)
                  2000f122    00000006     --HOLE-- [fill = 0]
                  2000f128    00000012                  : BIOS.obj (.text:ti_sysbios_hal_Timer_Module_startup__E)
                  2000f13a    00000012     ti.targets.arm.rtsarm.aem4 : LoggerBuf.oem4 (.text:xdc_runtime_LoggerBuf_Instance_finalize__E)
                  2000f14c    00000012                                : LoggerBuf.oem4 (.text:xdc_runtime_LoggerBuf_write1__E)
                  2000f15e    00000012                                : LoggerBuf.oem4 (.text:xdc_runtime_LoggerBuf_write2__E)
                  2000f170    00000012     app_pem4.oem4 (.text:xdc_runtime_Startup_exec__I)
                  2000f182    00000006     --HOLE-- [fill = 0]
                  2000f188    00000010     sysbios.aem4 : BIOS.obj (.text:ti_sysbios_BIOS_setThreadType__E)
                  2000f198    00000010                  : BIOS.obj (.text:ti_sysbios_BIOS_start__E)
                  2000f1a8    00000010                  : BIOS.obj (.text:ti_sysbios_family_arm_m3_Hwi_getHandle__E)
                  2000f1b8    00000010                  : m3_TaskSupport_asm.obj (.text:ti_sysbios_family_arm_m3_TaskSupport_glue)
                  2000f1c8    00000010                  : m3_TaskSupport_asm.obj (.text:ti_sysbios_family_arm_m3_TaskSupport_swap__E)
                  2000f1d8    00000010                  : BIOS.obj (.text:ti_sysbios_gates_GateMutex_Instance_finalize__E)
                  2000f1e8    00000010     app_pem4.oem4 (.text:ti_sysbios_knl_Mailbox_Object__get__S)
                  2000f1f8    00000010     sysbios.aem4 : BIOS.obj (.text:ti_sysbios_knl_Semaphore_Instance_finalize__E)
                  2000f208    00000010                  : BIOS.obj (.text:ti_sysbios_knl_Swi_disable__E)
                  2000f218    00000010     app_pem4.oem4 (.text:ti_sysbios_knl_Task_Object__get__S)
                  2000f228    00000010     sysbios.aem4 : BIOS.obj (.text:ti_sysbios_knl_Task_disable__E)
                  2000f238    00000010     ti.targets.arm.rtsarm.aem4 : Gate.oem4 (.text:xdc_runtime_Gate_leaveSystem__E)
                  2000f248    00000010                                : LoggerBuf.oem4 (.text:xdc_runtime_LoggerBuf_write0__E)
                  2000f258    00000010                                : Memory.oem4 (.text:xdc_runtime_Memory_free__E)
                  2000f268    00000010                                : SysMin.oem4 (.text:xdc_runtime_SysMin_ready__E)
                  2000f278    00000010                                : System.oem4 (.text:xdc_runtime_System_vsnprintf__E)
                  2000f288    00000010     app_pem4.oem4 (.text:xdc_runtime_Text_visitRope__I)
                  2000f298    0000000e     simplelink.a : driver.obj (.text:_SlDrvResetCmdExt)
                  2000f2a6    0000000e     rtsv7M4_T_le_eabi.lib : copy_decompress_none.obj (.text:decompress:none)
                  2000f2b4    00000004     --HOLE-- [fill = 0]
                  2000f2b8    0000000e     sysbios.aem4 : BIOS.obj (.text:ti_sysbios_knl_Idle_loop__E)
                  2000f2c6    00000002     --HOLE-- [fill = 0]
                  2000f2c8    0000000e                  : BIOS.obj (.text:ti_sysbios_knl_Queue_empty__E)
                  2000f2d6    00000002     --HOLE-- [fill = 0]
                  2000f2d8    0000000c     simplelink.a : cc_pal.obj (.text:NwpMaskInterrupt)
                  2000f2e4    0000000c                  : cc_pal.obj (.text:NwpUnMaskInterrupt)
                  2000f2f0    0000000c     rtsv7M4_T_le_eabi.lib : copy_zero_init.obj (.text:decompress:ZI)
                  2000f2fc    0000000c     app_pem4.oem4 (.text:ti_sysbios_family_arm_m3_Hwi_Params__init__S)
                  2000f308    0000000c     sysbios.aem4 : BIOS.obj (.text:ti_sysbios_family_arm_m3_Hwi_disableFxn__E)
                  2000f314    00000004     --HOLE-- [fill = 0]
                  2000f318    0000000c                  : BIOS.obj (.text:ti_sysbios_family_arm_m3_TaskSupport_checkStack__E)
                  2000f324    00000004     --HOLE-- [fill = 0]
                  2000f328    0000000c                  : BIOS.obj (.text:ti_sysbios_family_arm_m3_TaskSupport_getStackAlignment__E)
                  2000f334    00000004     --HOLE-- [fill = 0]
                  2000f338    0000000c                  : BIOS.obj (.text:ti_sysbios_gates_GateHwi_enter__E)
                  2000f344    0000000c     app_pem4.oem4 (.text:ti_sysbios_knl_Queue_Object__get__S)
                  2000f350    0000000c     app_pem4.oem4 (.text:ti_sysbios_knl_Semaphore_Params__init__S)
                  2000f35c    0000000c     app_pem4.oem4 (.text:ti_sysbios_knl_Task_Params__init__S)
                  2000f368    0000000c     ti.targets.arm.rtsarm.aem4 : Error.oem4 (.text:xdc_runtime_Error_init__E)
                  2000f374    0000000c                                : Gate.oem4 (.text:xdc_runtime_Gate_enterSystem__E)
                  2000f380    0000000c                                : Memory.oem4 (.text:xdc_runtime_Memory_calloc__E)
                  2000f38c    0000000c                                : Memory.oem4 (.text:xdc_runtime_Memory_getMaxDefaultTypeAlign__E)
                  2000f398    0000000a     driverlib.a : interrupt.obj (.text:IntMasterEnable)
                  2000f3a2    0000000a     app_pem4.oem4 (.text:xdc_runtime_IHeap_alloc)
                  2000f3ac    0000000a     app_pem4.oem4 (.text:xdc_runtime_IHeap_free)
                  2000f3b6    0000000a     ti.targets.arm.rtsarm.aem4 : LoggerBuf.oem4 (.text:xdc_runtime_LoggerBuf_disable__E)
                  2000f3c0    0000000a                                : LoggerBuf.oem4 (.text:xdc_runtime_LoggerBuf_enable__E)
                  2000f3ca    00000006     --HOLE-- [fill = 0]
                  2000f3d0    00000008     sysbios.aem4 : BIOS.obj (.text:ti_sysbios_family_arm_m3_Hwi_doSwiRestore__I)
                  2000f3d8    00000008                  : BIOS.obj (.text:ti_sysbios_family_arm_m3_Hwi_startup__E)
                  2000f3e0    00000006                  : BIOS.obj (.text:ti_sysbios_family_arm_m3_Hwi_restoreFxn__E)
                  2000f3e6    00000002     --HOLE-- [fill = 0]
                  2000f3e8    00000006                  : BIOS.obj (.text:ti_sysbios_gates_GateHwi_leave__E)
                  2000f3ee    00000002     --HOLE-- [fill = 0]
                  2000f3f0    00000006                  : BIOS.obj (.text:ti_sysbios_heaps_HeapMem_isBlocking__E)
                  2000f3f6    00000002     --HOLE-- [fill = 0]
                  2000f3f8    00000006                  : BIOS.obj (.text:ti_sysbios_knl_Queue_Instance_init__E)
                  2000f3fe    00000002     --HOLE-- [fill = 0]
                  2000f400    00000004                  : BIOS.obj (.text:ti_sysbios_family_arm_m3_Timer_getMaxTicks__E)
                  2000f404    00000004     --HOLE-- [fill = 0]
                  2000f408    00000004                  : BIOS.obj (.text:ti_sysbios_gates_GateHwi_query__E)
                  2000f40c    00000004     --HOLE-- [fill = 0]
                  2000f410    00000004                  : BIOS.obj (.text:ti_sysbios_gates_GateMutex_query__E)
                  2000f414    00000004     --HOLE-- [fill = 0]
                  2000f418    00000004                  : BIOS.obj (.text:ti_sysbios_knl_Task_startup__E)
                  2000f41c    00000004     --HOLE-- [fill = 0]
                  2000f420    00000002                  : BIOS.obj (.text:ti_sysbios_gates_GateHwi_Instance_init__E)

.const     0    2000f424    000022de     
                  2000f424    0000178e     app_pem4.oem4 (.const:xdc_runtime_Text_charTab__A)
                  20010bb2    00000002     app_pem4.oem4 (.const:ti_sysbios_family_arm_m3_Hwi_Module__id__C)
                  20010bb4    00000100     driverlib.a : pin.obj (.const:g_ulPinToPadMap)
                  20010cb4    000000b8     app_pem4.oem4 (.const:xdc_runtime_Text_nodeTab__A)
                  20010d6c    000000a8     driverlib.a : prcm.obj (.const:PRCM_PeriphRegsList)
                  20010e14    00000080                 : interrupt.obj (.const)
                  20010e94    00000048     app_pem4.oem4 (.const:.string)
                  20010edc    0000003c     simplelink.a : driver.obj (.const:OpcodeTranslateTable)
                  20010f18    0000003c                  : wlan.obj (.const)
                  20010f54    0000003c     app_pem4.oem4 (.const:ti_sysbios_knl_Task_Object__PARAMS__C)
                  20010f90    0000003c     app_pem4.oem4 (.const:xdc_runtime_LoggerBuf_Module__FXNS__C)
                  20010fcc    00000038     simplelink.a : driver.obj (.const:_SlActionLookupTable)
                  20011004    00000034                  : driver.obj (.const)
                  20011038    00000034                  : socket.obj (.const)
                  2001106c    00000034     app_pem4.oem4 (.const:ti_sysbios_knl_Mailbox_Object__PARAMS__C)
                  200110a0    00000030     app_pem4.oem4 (.const:ti_sysbios_family_arm_m3_Hwi_Object__PARAMS__C)
                  200110d0    00000030     app_pem4.oem4 (.const:xdc_runtime_Startup_sfxnTab__A)
                  20011100    00000028     simplelink.a : netapp.obj (.const)
                  20011128    00000028     app_pem4.oem4 (.const:ti_sysbios_heaps_HeapMem_Module__FXNS__C)
                  20011150    00000024     app_pem4.oem4 (.const:ti_sysbios_gates_GateHwi_Module__FXNS__C)
                  20011174    00000024     app_pem4.oem4 (.const:ti_sysbios_gates_GateMutex_Module__FXNS__C)
                  20011198    00000024     app_pem4.oem4 (.const:ti_sysbios_heaps_HeapMem_Object__PARAMS__C)
                  200111bc    00000024     app_pem4.oem4 (.const:ti_sysbios_knl_Semaphore_Object__PARAMS__C)
                  200111e0    00000024     app_pem4.oem4 (.const:xdc_runtime_LoggerBuf_Object__PARAMS__C)
                  20011204    00000020     app_pem4.oem4 (.const:ti_sysbios_family_arm_m3_Hwi_Object__DESC__C)
                  20011224    00000020     app_pem4.oem4 (.const:ti_sysbios_gates_GateHwi_Object__DESC__C)
                  20011244    00000020     app_pem4.oem4 (.const:ti_sysbios_gates_GateMutex_Object__DESC__C)
                  20011264    00000020     app_pem4.oem4 (.const:ti_sysbios_heaps_HeapMem_Object__DESC__C)
                  20011284    00000020     app_pem4.oem4 (.const:ti_sysbios_knl_Mailbox_Object__DESC__C)
                  200112a4    00000020     app_pem4.oem4 (.const:ti_sysbios_knl_Queue_Object__DESC__C)
                  200112c4    00000020     app_pem4.oem4 (.const:ti_sysbios_knl_Semaphore_Object__DESC__C)
                  200112e4    00000020     app_pem4.oem4 (.const:ti_sysbios_knl_Task_Object__DESC__C)
                  20011304    00000020     app_pem4.oem4 (.const:xdc_runtime_LoggerBuf_Object__DESC__C)
                  20011324    00000018     driverlib.a : spi.obj (.const)
                  2001133c    00000018     app_pem4.oem4 (.const:ti_sysbios_gates_GateHwi_Object__PARAMS__C)
                  20011354    00000018     app_pem4.oem4 (.const:ti_sysbios_gates_GateMutex_Object__PARAMS__C)
                  2001136c    00000018     app_pem4.oem4 (.const:ti_sysbios_knl_Queue_Object__PARAMS__C)
                  20011384    00000018     app_pem4.oem4 (.const:xdc_runtime_Startup_sfxnRts__A)
                  2001139c    00000014     Timer.obj (.const:GPIO_PORTS)
                  200113b0    00000014     Timer.obj (.const:TIMERS)
                  200113c4    00000014     Timer.obj (.const:TIMER_INSTANCES)
                  200113d8    00000014     simplelink.a : device.obj (.const)
                  200113ec    00000011     ti.targets.arm.rtsarm.aem4 : System.oem4 (.const:.string)
                  200113fd    00000010     simplelink.a : socket.obj (.const:.string)
                  2001140d    00000001     app_pem4.oem4 (.const:xdc_runtime_Error_policy__C)
                  2001140e    00000002     app_pem4.oem4 (.const:ti_sysbios_family_arm_m3_Hwi_Module__loggerDefined__C)
                  20011410    0000000c     app_pem4.oem4 (.const:xdc_runtime_Startup_firstFxns__A)
                  2001141c    00000008     simplelink.a : device.obj (.const:.string)
                  20011424    00000008     Analog.obj (.const:GPIO_SEL_PIN)
                  2001142c    00000008     Analog.obj (.const:GPIO_SEL_PORT)
                  20011434    00000008     app_pem4.oem4 (.const:ti_sysbios_family_arm_m3_Hwi_excHookFuncs__A)
                  2001143c    00000008     app_pem4.oem4 (.const:ti_sysbios_knl_Idle_funcList__C)
                  20011444    00000008     app_pem4.oem4 (.const:xdc_runtime_Startup_firstFxns__C)
                  2001144c    00000008     app_pem4.oem4 (.const:xdc_runtime_Startup_lastFxns__C)
                  20011454    00000005     Timer.obj (.const:.string:GPIO_PINS)
                  20011459    00000001     --HOLE-- [fill = 0]
                  2001145a    00000002     app_pem4.oem4 (.const:ti_sysbios_family_arm_m3_Timer_Module__id__C)
                  2001145c    00000004     app_pem4.oem4 (.const:ti_sysbios_family_arm_m3_Hwi_E_NMI__C)
                  20011460    00000004     app_pem4.oem4 (.const:ti_sysbios_family_arm_m3_Hwi_E_alreadyDefined__C)
                  20011464    00000004     app_pem4.oem4 (.const:ti_sysbios_family_arm_m3_Hwi_E_busFault__C)
                  20011468    00000004     app_pem4.oem4 (.const:ti_sysbios_family_arm_m3_Hwi_E_debugMon__C)
                  2001146c    00000004     app_pem4.oem4 (.const:ti_sysbios_family_arm_m3_Hwi_E_hardFault__C)
                  20011470    00000004     app_pem4.oem4 (.const:ti_sysbios_family_arm_m3_Hwi_E_memFault__C)
                  20011474    00000004     app_pem4.oem4 (.const:ti_sysbios_family_arm_m3_Hwi_E_noIsr__C)
                  20011478    00000004     app_pem4.oem4 (.const:ti_sysbios_family_arm_m3_Hwi_E_reserved__C)
                  2001147c    00000004     app_pem4.oem4 (.const:ti_sysbios_family_arm_m3_Hwi_E_svCall__C)
                  20011480    00000004     app_pem4.oem4 (.const:ti_sysbios_family_arm_m3_Hwi_E_usageFault__C)
                  20011484    00000004     app_pem4.oem4 (.const:ti_sysbios_family_arm_m3_Hwi_LD_end__C)
                  20011488    00000004     app_pem4.oem4 (.const:ti_sysbios_family_arm_m3_Hwi_LM_begin__C)
                  2001148c    00000004     app_pem4.oem4 (.const:ti_sysbios_family_arm_m3_Hwi_Module__diagsEnabled__C)
                  20011490    00000004     app_pem4.oem4 (.const:ti_sysbios_family_arm_m3_Hwi_Module__diagsIncluded__C)
                  20011494    00000004     app_pem4.oem4 (.const:ti_sysbios_family_arm_m3_Hwi_Module__diagsMask__C)
                  20011498    00000004     app_pem4.oem4 (.const:ti_sysbios_family_arm_m3_Hwi_Module__loggerFxn1__C)
                  2001149c    00000004     app_pem4.oem4 (.const:ti_sysbios_family_arm_m3_Hwi_Module__loggerFxn8__C)
                  200114a0    00000004     app_pem4.oem4 (.const:ti_sysbios_family_arm_m3_Hwi_Module__loggerObj__C)
                  200114a4    00000004     app_pem4.oem4 (.const:ti_sysbios_family_arm_m3_Hwi_NUM_INTERRUPTS__C)
                  200114a8    00000004     app_pem4.oem4 (.const:ti_sysbios_family_arm_m3_Hwi_Object__count__C)
                  200114ac    00000004     app_pem4.oem4 (.const:ti_sysbios_family_arm_m3_Hwi_ccr__C)
                  200114b0    00000004     app_pem4.oem4 (.const:ti_sysbios_family_arm_m3_Hwi_excHandlerFunc__C)
                  200114b4    00000004     app_pem4.oem4 (.const:ti_sysbios_family_arm_m3_Hwi_excHookFuncs__C)
                  200114b8    00000004     app_pem4.oem4 (.const:ti_sysbios_family_arm_m3_Hwi_nullIsrFunc__C)
                  200114bc    00000004     app_pem4.oem4 (.const:ti_sysbios_family_arm_m3_Hwi_priGroup__C)
                  200114c0    00000004     app_pem4.oem4 (.const:ti_sysbios_family_arm_m3_TaskSupport_stackAlignment__C)
                  200114c4    00000004     app_pem4.oem4 (.const:ti_sysbios_family_arm_m3_Timer_E_cannotSupport__C)
                  200114c8    00000004     app_pem4.oem4 (.const:ti_sysbios_family_arm_m3_Timer_startupNeeded__C)
                  200114cc    00000004     app_pem4.oem4 (.const:ti_sysbios_gates_GateMutex_A_badContext__C)
                  200114d0    00000004     app_pem4.oem4 (.const:ti_sysbios_gates_GateMutex_Instance_State_sem__O)
                  200114d4    00000004     app_pem4.oem4 (.const:ti_sysbios_gates_GateMutex_Module__diagsEnabled__C)
                  200114d8    00000004     app_pem4.oem4 (.const:ti_sysbios_gates_GateMutex_Module__diagsIncluded__C)
                  200114dc    00000004     app_pem4.oem4 (.const:ti_sysbios_gates_GateMutex_Module__diagsMask__C)
                  200114e0    00000004     app_pem4.oem4 (.const:ti_sysbios_hal_Hwi_E_stackOverflow__C)
                  200114e4    00000004     app_pem4.oem4 (.const:ti_sysbios_heaps_HeapMem_A_align__C)
                  200114e8    00000004     app_pem4.oem4 (.const:ti_sysbios_heaps_HeapMem_A_heapSize__C)
                  200114ec    00000004     app_pem4.oem4 (.const:ti_sysbios_heaps_HeapMem_A_invalidFree__C)
                  200114f0    00000004     app_pem4.oem4 (.const:ti_sysbios_heaps_HeapMem_A_zeroBlock__C)
                  200114f4    00000004     app_pem4.oem4 (.const:ti_sysbios_heaps_HeapMem_E_memory__C)
                  200114f8    00000004     app_pem4.oem4 (.const:ti_sysbios_heaps_HeapMem_Module__diagsEnabled__C)
                  200114fc    00000004     app_pem4.oem4 (.const:ti_sysbios_heaps_HeapMem_Module__diagsIncluded__C)
                  20011500    00000004     app_pem4.oem4 (.const:ti_sysbios_heaps_HeapMem_Module__diagsMask__C)
                  20011504    00000004     app_pem4.oem4 (.const:ti_sysbios_heaps_HeapMem_Module__gateObj__C)
                  20011508    00000004     app_pem4.oem4 (.const:ti_sysbios_heaps_HeapMem_Object__count__C)
                  2001150c    00000004     app_pem4.oem4 (.const:ti_sysbios_heaps_HeapMem_reqAlign__C)
                  20011510    00000004     app_pem4.oem4 (.const:ti_sysbios_knl_Clock_LM_begin__C)
                  20011514    00000004     app_pem4.oem4 (.const:ti_sysbios_knl_Clock_LM_tick__C)
                  20011518    00000004     app_pem4.oem4 (.const:ti_sysbios_knl_Clock_LW_delayed__C)
                  2001151c    00000004     app_pem4.oem4 (.const:ti_sysbios_knl_Clock_Module_State_clockQ__O)
                  20011520    00000004     app_pem4.oem4 (.const:ti_sysbios_knl_Clock_Module__diagsEnabled__C)
                  20011524    00000004     app_pem4.oem4 (.const:ti_sysbios_knl_Clock_Module__diagsIncluded__C)
                  20011528    00000004     app_pem4.oem4 (.const:ti_sysbios_knl_Clock_Module__diagsMask__C)
                  2001152c    00000004     app_pem4.oem4 (.const:ti_sysbios_knl_Clock_Module__loggerFxn1__C)
                  20011530    00000004     app_pem4.oem4 (.const:ti_sysbios_knl_Clock_Module__loggerFxn2__C)
                  20011534    00000004     app_pem4.oem4 (.const:ti_sysbios_knl_Clock_Module__loggerObj__C)
                  20011538    00000004     app_pem4.oem4 (.const:ti_sysbios_knl_Clock_tickPeriod__C)
                  2001153c    00000004     app_pem4.oem4 (.const:ti_sysbios_knl_Idle_funcList__A)
                  20011540    00000004     app_pem4.oem4 (.const:ti_sysbios_knl_Mailbox_A_invalidBufSize__C)
                  20011544    00000004     app_pem4.oem4 (.const:ti_sysbios_knl_Mailbox_Instance_State_dataQue__O)
                  20011548    00000004     app_pem4.oem4 (.const:ti_sysbios_knl_Mailbox_Instance_State_dataSem__O)
                  2001154c    00000004     app_pem4.oem4 (.const:ti_sysbios_knl_Mailbox_Instance_State_freeQue__O)
                  20011550    00000004     app_pem4.oem4 (.const:ti_sysbios_knl_Mailbox_Instance_State_freeSem__O)
                  20011554    00000004     app_pem4.oem4 (.const:ti_sysbios_knl_Mailbox_Module__diagsEnabled__C)
                  20011558    00000004     app_pem4.oem4 (.const:ti_sysbios_knl_Mailbox_Module__diagsIncluded__C)
                  2001155c    00000004     app_pem4.oem4 (.const:ti_sysbios_knl_Mailbox_Module__diagsMask__C)
                  20011560    00000004     app_pem4.oem4 (.const:ti_sysbios_knl_Mailbox_Object__count__C)
                  20011564    00000004     app_pem4.oem4 (.const:ti_sysbios_knl_Mailbox_maxTypeAlign__C)
                  20011568    00000004     app_pem4.oem4 (.const:ti_sysbios_knl_Semaphore_A_badContext__C)
                  2001156c    00000004     app_pem4.oem4 (.const:ti_sysbios_knl_Semaphore_A_noEvents__C)
                  20011570    00000004     app_pem4.oem4 (.const:ti_sysbios_knl_Semaphore_A_overflow__C)
                  20011574    00000004     app_pem4.oem4 (.const:ti_sysbios_knl_Semaphore_A_pendTaskDisabled__C)
                  20011578    00000004     app_pem4.oem4 (.const:ti_sysbios_knl_Semaphore_Instance_State_pendQ__O)
                  2001157c    00000004     app_pem4.oem4 (.const:ti_sysbios_knl_Semaphore_LM_pend__C)
                  20011580    00000004     app_pem4.oem4 (.const:ti_sysbios_knl_Semaphore_LM_post__C)
                  20011584    00000004     app_pem4.oem4 (.const:ti_sysbios_knl_Semaphore_Module__diagsEnabled__C)
                  20011588    00000004     app_pem4.oem4 (.const:ti_sysbios_knl_Semaphore_Module__diagsIncluded__C)
                  2001158c    00000004     app_pem4.oem4 (.const:ti_sysbios_knl_Semaphore_Module__diagsMask__C)
                  20011590    00000004     app_pem4.oem4 (.const:ti_sysbios_knl_Semaphore_Module__loggerFxn2__C)
                  20011594    00000004     app_pem4.oem4 (.const:ti_sysbios_knl_Semaphore_Module__loggerFxn4__C)
                  20011598    00000004     app_pem4.oem4 (.const:ti_sysbios_knl_Semaphore_Module__loggerObj__C)
                  2001159c    00000004     app_pem4.oem4 (.const:ti_sysbios_knl_Swi_LD_end__C)
                  200115a0    00000004     app_pem4.oem4 (.const:ti_sysbios_knl_Swi_LM_begin__C)
                  200115a4    00000004     app_pem4.oem4 (.const:ti_sysbios_knl_Swi_LM_post__C)
                  200115a8    00000004     app_pem4.oem4 (.const:ti_sysbios_knl_Swi_Module__diagsEnabled__C)
                  200115ac    00000004     app_pem4.oem4 (.const:ti_sysbios_knl_Swi_Module__diagsIncluded__C)
                  200115b0    00000004     app_pem4.oem4 (.const:ti_sysbios_knl_Swi_Module__diagsMask__C)
                  200115b4    00000004     app_pem4.oem4 (.const:ti_sysbios_knl_Swi_Module__loggerFxn1__C)
                  200115b8    00000004     app_pem4.oem4 (.const:ti_sysbios_knl_Swi_Module__loggerFxn4__C)
                  200115bc    00000004     app_pem4.oem4 (.const:ti_sysbios_knl_Swi_Module__loggerObj__C)
                  200115c0    00000004     app_pem4.oem4 (.const:ti_sysbios_knl_Swi_Object__count__C)
                  200115c4    00000004     app_pem4.oem4 (.const:ti_sysbios_knl_Task_A_badPriority__C)
                  200115c8    00000004     app_pem4.oem4 (.const:ti_sysbios_knl_Task_A_badTaskState__C)
                  200115cc    00000004     app_pem4.oem4 (.const:ti_sysbios_knl_Task_A_badThreadType__C)
                  200115d0    00000004     app_pem4.oem4 (.const:ti_sysbios_knl_Task_A_badTimeout__C)
                  200115d4    00000004     app_pem4.oem4 (.const:ti_sysbios_knl_Task_A_noPendElem__C)
                  200115d8    00000004     app_pem4.oem4 (.const:ti_sysbios_knl_Task_A_sleepTaskDisabled__C)
                  200115dc    00000004     app_pem4.oem4 (.const:ti_sysbios_knl_Task_E_spOutOfBounds__C)
                  200115e0    00000004     app_pem4.oem4 (.const:ti_sysbios_knl_Task_E_stackOverflow__C)
                  200115e4    00000004     app_pem4.oem4 (.const:ti_sysbios_knl_Task_LD_block__C)
                  200115e8    00000004     app_pem4.oem4 (.const:ti_sysbios_knl_Task_LD_exit__C)
                  200115ec    00000004     app_pem4.oem4 (.const:ti_sysbios_knl_Task_LD_ready__C)
                  200115f0    00000004     app_pem4.oem4 (.const:ti_sysbios_knl_Task_LM_sleep__C)
                  200115f4    00000004     app_pem4.oem4 (.const:ti_sysbios_knl_Task_LM_switch__C)
                  200115f8    00000004     app_pem4.oem4 (.const:ti_sysbios_knl_Task_LM_yield__C)
                  200115fc    00000004     app_pem4.oem4 (.const:ti_sysbios_knl_Task_Module_State_inactiveQ__O)
                  20011600    00000004     app_pem4.oem4 (.const:ti_sysbios_knl_Task_Module__diagsEnabled__C)
                  20011604    00000004     app_pem4.oem4 (.const:ti_sysbios_knl_Task_Module__diagsIncluded__C)
                  20011608    00000004     app_pem4.oem4 (.const:ti_sysbios_knl_Task_Module__diagsMask__C)
                  2001160c    00000004     app_pem4.oem4 (.const:ti_sysbios_knl_Task_Module__loggerFxn2__C)
                  20011610    00000004     app_pem4.oem4 (.const:ti_sysbios_knl_Task_Module__loggerFxn4__C)
                  20011614    00000004     app_pem4.oem4 (.const:ti_sysbios_knl_Task_Module__loggerObj__C)
                  20011618    00000004     app_pem4.oem4 (.const:ti_sysbios_knl_Task_Object__count__C)
                  2001161c    00000004     app_pem4.oem4 (.const:ti_sysbios_knl_Task_allBlockedFunc__C)
                  20011620    00000004     app_pem4.oem4 (.const:ti_sysbios_knl_Task_defaultStackHeap__C)
                  20011624    00000004     app_pem4.oem4 (.const:ti_sysbios_knl_Task_defaultStackSize__C)
                  20011628    00000004     app_pem4.oem4 (.const:ti_sysbios_knl_Task_numConstructedTasks__C)
                  2001162c    00000004     app_pem4.oem4 (.const:xdc_runtime_Assert_E_assertFailed__C)
                  20011630    00000004     app_pem4.oem4 (.const:xdc_runtime_Core_A_initializedParams__C)
                  20011634    00000004     app_pem4.oem4 (.const:xdc_runtime_Core_Module__diagsEnabled__C)
                  20011638    00000004     app_pem4.oem4 (.const:xdc_runtime_Core_Module__diagsIncluded__C)
                  2001163c    00000004     app_pem4.oem4 (.const:xdc_runtime_Core_Module__diagsMask__C)
                  20011640    00000004     app_pem4.oem4 (.const:xdc_runtime_Error_E_memory__C)
                  20011644    00000004     app_pem4.oem4 (.const:xdc_runtime_Error_Module__diagsEnabled__C)
                  20011648    00000004     app_pem4.oem4 (.const:xdc_runtime_Error_Module__diagsIncluded__C)
                  2001164c    00000004     app_pem4.oem4 (.const:xdc_runtime_Error_Module__diagsMask__C)
                  20011650    00000004     app_pem4.oem4 (.const:xdc_runtime_Error_Module__loggerFxn8__C)
                  20011654    00000004     app_pem4.oem4 (.const:xdc_runtime_Error_Module__loggerObj__C)
                  20011658    00000004     app_pem4.oem4 (.const:xdc_runtime_Error_policyFxn__C)
                  2001165c    00000004     app_pem4.oem4 (.const:xdc_runtime_Error_raiseHook__C)
                  20011660    00000004     app_pem4.oem4 (.const:xdc_runtime_IFilterLogger_Interface__BASE__C)
                  20011664    00000004     app_pem4.oem4 (.const:xdc_runtime_IGateProvider_Interface__BASE__C)
                  20011668    00000004     app_pem4.oem4 (.const:xdc_runtime_IHeap_Interface__BASE__C)
                  2001166c    00000004     app_pem4.oem4 (.const:xdc_runtime_ILogger_Interface__BASE__C)
                  20011670    00000004     app_pem4.oem4 (.const:xdc_runtime_IModule_Interface__BASE__C)
                  20011674    00000004     app_pem4.oem4 (.const:xdc_runtime_Log_L_error__C)
                  20011678    00000004     app_pem4.oem4 (.const:xdc_runtime_LoggerBuf_E_badLevel__C)
                  2001167c    00000004     app_pem4.oem4 (.const:xdc_runtime_LoggerBuf_Module__gateObj__C)
                  20011680    00000004     app_pem4.oem4 (.const:xdc_runtime_LoggerBuf_Object__count__C)
                  20011684    00000004     app_pem4.oem4 (.const:xdc_runtime_LoggerBuf_statusLogger__C)
                  20011688    00000004     app_pem4.oem4 (.const:xdc_runtime_Memory_defaultHeapInstance__C)
                  2001168c    00000004     app_pem4.oem4 (.const:xdc_runtime_Startup_execImpl__C)
                  20011690    00000004     app_pem4.oem4 (.const:xdc_runtime_Startup_maxPasses__C)
                  20011694    00000004     app_pem4.oem4 (.const:xdc_runtime_Startup_sfxnRts__C)
                  20011698    00000004     app_pem4.oem4 (.const:xdc_runtime_Startup_sfxnTab__C)
                  2001169c    00000004     app_pem4.oem4 (.const:xdc_runtime_SysMin_bufSize__C)
                  200116a0    00000004     app_pem4.oem4 (.const:xdc_runtime_SysMin_outputFunc__C)
                  200116a4    00000004     app_pem4.oem4 (.const:xdc_runtime_System_Module__gateObj__C)
                  200116a8    00000004     app_pem4.oem4 (.const:xdc_runtime_System_abortFxn__C)
                  200116ac    00000004     app_pem4.oem4 (.const:xdc_runtime_System_exitFxn__C)
                  200116b0    00000004     app_pem4.oem4 (.const:xdc_runtime_System_extendFxn__C)
                  200116b4    00000004     app_pem4.oem4 (.const:xdc_runtime_System_maxAtexitHandlers__C)
                  200116b8    00000004     app_pem4.oem4 (.const:xdc_runtime_Text_charTab__C)
                  200116bc    00000004     app_pem4.oem4 (.const:xdc_runtime_Text_nameEmpty__C)
                  200116c0    00000004     app_pem4.oem4 (.const:xdc_runtime_Text_nameStatic__C)
                  200116c4    00000004     app_pem4.oem4 (.const:xdc_runtime_Text_nameUnknown__C)
                  200116c8    00000004     app_pem4.oem4 (.const:xdc_runtime_Text_nodeTab__C)
                  200116cc    00000004     app_pem4.oem4 (.const:xdc_runtime_Text_visitRopeFxn__C)
                  200116d0    00000002     app_pem4.oem4 (.const:ti_sysbios_family_arm_m3_TimestampProvider_configTimer__C)
                  200116d2    00000002     app_pem4.oem4 (.const:ti_sysbios_gates_GateMutex_Module__id__C)
                  200116d4    00000002     app_pem4.oem4 (.const:ti_sysbios_hal_Hwi_Module__id__C)
                  200116d6    00000002     app_pem4.oem4 (.const:ti_sysbios_heaps_HeapMem_Module__id__C)
                  200116d8    00000002     app_pem4.oem4 (.const:ti_sysbios_knl_Clock_Module__id__C)
                  200116da    00000002     app_pem4.oem4 (.const:ti_sysbios_knl_Clock_Module__loggerDefined__C)
                  200116dc    00000002     app_pem4.oem4 (.const:ti_sysbios_knl_Mailbox_Module__id__C)
                  200116de    00000002     app_pem4.oem4 (.const:ti_sysbios_knl_Semaphore_Module__id__C)
                  200116e0    00000002     app_pem4.oem4 (.const:ti_sysbios_knl_Semaphore_Module__loggerDefined__C)
                  200116e2    00000002     app_pem4.oem4 (.const:ti_sysbios_knl_Swi_Module__id__C)
                  200116e4    00000002     app_pem4.oem4 (.const:ti_sysbios_knl_Swi_Module__loggerDefined__C)
                  200116e6    00000002     app_pem4.oem4 (.const:ti_sysbios_knl_Task_Module__id__C)
                  200116e8    00000002     app_pem4.oem4 (.const:ti_sysbios_knl_Task_Module__loggerDefined__C)
                  200116ea    00000002     app_pem4.oem4 (.const:ti_sysbios_knl_Task_initStackFlag__C)
                  200116ec    00000002     app_pem4.oem4 (.const:xdc_runtime_Core_Module__id__C)
                  200116ee    00000002     app_pem4.oem4 (.const:xdc_runtime_Error_Module__loggerDefined__C)
                  200116f0    00000002     app_pem4.oem4 (.const:xdc_runtime_Error_maxDepth__C)
                  200116f2    00000002     app_pem4.oem4 (.const:xdc_runtime_LoggerBuf_Module__id__C)
                  200116f4    00000002     app_pem4.oem4 (.const:xdc_runtime_LoggerBuf_filterByLevel__C)
                  200116f6    00000002     app_pem4.oem4 (.const:xdc_runtime_Memory_Module__id__C)
                  200116f8    00000002     app_pem4.oem4 (.const:xdc_runtime_SysMin_flushAtExit__C)
                  200116fa    00000002     app_pem4.oem4 (.const:xdc_runtime_Text_charCnt__C)
                  200116fc    00000002     app_pem4.oem4 (.const:xdc_runtime_Text_isLoaded__C)
                  200116fe    00000002     app_pem4.oem4 (.const:xdc_runtime_Text_registryModsLastId__C)
                  20011700    00000002     app_pem4.oem4 (.const:xdc_runtime_Text_unnamedModsLastId__C)

.cinit     0    20011708    000001c8     
                  20011708    000001a1     (.cinit..data.load) [load image, compression = lzss]
                  200118a9    00000003     --HOLE-- [fill = 0]
                  200118ac    0000000c     (__TI_handler_table)
                  200118b8    00000008     (.cinit..bss.load) [load image, compression = zero_init]
                  200118c0    00000010     (__TI_cinit_table)

.bss       0    20017000    00009729     UNINITIALIZED
                  20017000    00008000     (.common:ti_sysbios_heaps_HeapMem_Instance_State_0_buf__A)
                  2001f000    00000800     app_pem4.oem4 (.bss:taskStackSection)
                  2001f800    00000400     (.common:xdc_runtime_LoggerBuf_Instance_State_0_entryArr__A)
                  2001fc00    00000400     (.common:xdc_runtime_SysMin_Module_State_0_outbuf__A)
                  20020000    0000030c     (.common:ti_sysbios_family_arm_m3_Hwi_dispatchTable)
                  2002030c    00000178     simplelink.a : driver.obj (.bss:g_StatMem)
                  20020484    00000120     rtsv7M4_T_le_eabi.lib : trgmsg.obj (.bss:_CIOBUF_)
                  200205a4    00000080     Communicator.obj (.bss:buffer$4)
                  20020624    00000078     ControlLoop.obj (.bss:__pid)
                  2002069c    00000050     simplelink.a : cc_pal.obj (.bss:g_ucDinDout)
                  200206ec    00000010     Analog.obj (.bss)
                  200206fc    00000008     Communicator.obj (.bss:_handlers)
                  20020704    00000008     rtsv7M4_T_le_eabi.lib : trgdrv.obj (.bss:parmbuf)
                  2002070c    00000004     Communicator.obj (.bss)
                  20020710    00000004     (.common:DMAMsgQ)
                  20020714    00000004     (.common:SimpleLinkSpawnTaskHndl)
                  20020718    00000004     (.common:_clientSocket)
                  2002071c    00000004     (.common:_socketTaskHandle)
                  20020720    00000004     (.common:g_cDummy)
                  20020724    00000004     (.common:simpleLink_mailbox)
                  20020728    00000001     (.common:RxIrqCnt)

.data      0    2002072c    00000400     UNINITIALIZED
                  2002072c    00000080     app_pem4.oem4 (.data:ti_sysbios_knl_Swi_Module_State_0_readyQ__A)
                  200207ac    00000080     app_pem4.oem4 (.data:ti_sysbios_knl_Task_Module_State_0_readyQ__A)
                  2002082c    0000004c     app_pem4.oem4 (.data:ti_sysbios_knl_Task_Object__table__V)
                  20020878    00000044     app_pem4.oem4 (.data:ti_sysbios_knl_Task_Module__state__V)
                  200208bc    00000038     app_pem4.oem4 (.data:ti_sysbios_gates_GateMutex_Object__table__V)
                  200208f4    00000034     app_pem4.oem4 (.data:ti_sysbios_family_arm_m3_Hwi_Module__state__V)
                  20020928    00000030     app_pem4.oem4 (.data:ti_sysbios_family_arm_m3_Timer_Object__table__V)
                  20020958    00000030     app_pem4.oem4 (.data:ti_sysbios_knl_Swi_Object__table__V)
                  20020988    0000002c     app_pem4.oem4 (.data:ti_sysbios_knl_Clock_Module__state__V)
                  200209b4    00000024     app_pem4.oem4 (.data:ti_sysbios_BIOS_Module__state__V)
                  200209d8    00000024     app_pem4.oem4 (.data:xdc_runtime_LoggerBuf_Object__table__V)
                  200209fc    0000001c     app_pem4.oem4 (.data:ti_sysbios_knl_Swi_Module__state__V)
                  20020a18    00000018     app_pem4.oem4 (.data:ti_sysbios_family_arm_m3_Hwi_Object__table__V)
                  20020a30    00000018     app_pem4.oem4 (.data:ti_sysbios_heaps_HeapMem_Object__table__V)
                  20020a48    00000010     app_pem4.oem4 (.data:xdc_runtime_System_Module_State_0_atexitHandlers__A)
                  20020a58    0000000c     rtsv7M4_T_le_eabi.lib : exit.obj (.data:$O1$$)
                  20020a64    0000000c     Communicator.obj (.data:tempPacket$1)
                  20020a70    0000000c     app_pem4.oem4 (.data:ti_sysbios_family_arm_m3_Timer_Module__state__V)
                  20020a7c    0000000c     app_pem4.oem4 (.data:xdc_runtime_SysMin_Module__state__V)
                  20020a88    00000009     simplelink.a : cc_pal.obj (.data)
                  20020a91    00000002     task_wifi.obj (.data)
                  20020a93    00000001     --HOLE--
                  20020a94    00000009     simplelink.a : driver.obj (.data)
                  20020a9d    00000001     --HOLE--
                  20020a9e    00000002     app_pem4.oem4 (.data:ti_sysbios_family_arm_m3_Hwi_Module_State_0_excActive__A)
                  20020aa0    00000008     rtsv7M4_T_le_eabi.lib : _lock.obj (.data:$O1$$)
                  20020aa8    00000008     app_pem4.oem4 (.data:ti_sysbios_family_arm_m3_Hwi_Module__root__V)
                  20020ab0    00000008     app_pem4.oem4 (.data:ti_sysbios_gates_GateHwi_Module__root__V)
                  20020ab8    00000008     app_pem4.oem4 (.data:ti_sysbios_gates_GateMutex_Module__root__V)
                  20020ac0    00000008     app_pem4.oem4 (.data:ti_sysbios_heaps_HeapMem_Module__root__V)
                  20020ac8    00000008     app_pem4.oem4 (.data:ti_sysbios_knl_Mailbox_Module__root__V)
                  20020ad0    00000008     app_pem4.oem4 (.data:ti_sysbios_knl_Queue_Module__root__V)
                  20020ad8    00000008     app_pem4.oem4 (.data:ti_sysbios_knl_Semaphore_Module__root__V)
                  20020ae0    00000008     app_pem4.oem4 (.data:ti_sysbios_knl_Task_Module__root__V)
                  20020ae8    00000008     app_pem4.oem4 (.data:xdc_runtime_LoggerBuf_Module__root__V)
                  20020af0    00000008     app_pem4.oem4 (.data:xdc_runtime_Registry_Module__state__V)
                  20020af8    00000008     app_pem4.oem4 (.data:xdc_runtime_Startup_Module__state__V)
                  20020b00    00000008     app_pem4.oem4 (.data:xdc_runtime_System_Module__state__V)
                  20020b08    00000006     app_pem4.oem4 (.data:xdc_runtime_LoggerBuf_Module__state__V)
                  20020b0e    00000002     app_pem4.oem4 (.data:xdc_runtime_Error_Module__state__V)
                  20020b10    00000004     rtsv7M4_T_le_eabi.lib : stkdepth_vars.obj (.data)
                  20020b14    00000004     app_pem4.oem4 (.data:ti_sysbios_family_arm_m3_Hwi_Module_State_0_excContext__A)
                  20020b18    00000004     app_pem4.oem4 (.data:ti_sysbios_family_arm_m3_Hwi_Module_State_0_excStack__A)
[...]
200113e4  _SlDeviceGetCmdCtrl                                         
200113e8  _SlDeviceSetCmdCtrl                                         
200113fd  _SlPayloadByProtocolLUT                                     
2001140d  xdc_runtime_Error_policy__C                                 
2001140e  ti_sysbios_family_arm_m3_Hwi_Module__loggerDefined__C       
20011410  xdc_runtime_Startup_firstFxns__A                            
2001141c  StartResponseLUT                                            
20011424  GPIO_SEL_PIN                                                
2001142c  GPIO_SEL_PORT                                               
20011434  ti_sysbios_family_arm_m3_Hwi_excHookFuncs__A                
2001143c  ti_sysbios_knl_Idle_funcList__C                             
20011444  xdc_runtime_Startup_firstFxns__C                            
2001144c  xdc_runtime_Startup_lastFxns__C                             
20011454  GPIO_PINS                                                   
2001145a  ti_sysbios_family_arm_m3_Timer_Module__id__C                
2001145c  ti_sysbios_family_arm_m3_Hwi_E_NMI__C                       
20011460  ti_sysbios_family_arm_m3_Hwi_E_alreadyDefined__C            
20011464  ti_sysbios_family_arm_m3_Hwi_E_busFault__C                  
20011468  ti_sysbios_family_arm_m3_Hwi_E_debugMon__C                  
2001146c  ti_sysbios_family_arm_m3_Hwi_E_hardFault__C                 
20011470  ti_sysbios_family_arm_m3_Hwi_E_memFault__C                  
20011474  ti_sysbios_family_arm_m3_Hwi_E_noIsr__C                     
20011478  ti_sysbios_family_arm_m3_Hwi_E_reserved__C                  
2001147c  ti_sysbios_family_arm_m3_Hwi_E_svCall__C                    
20011480  ti_sysbios_family_arm_m3_Hwi_E_usageFault__C                
20011484  ti_sysbios_family_arm_m3_Hwi_LD_end__C                      
20011488  ti_sysbios_family_arm_m3_Hwi_LM_begin__C                    
2001148c  ti_sysbios_family_arm_m3_Hwi_Module__diagsEnabled__C        
20011490  ti_sysbios_family_arm_m3_Hwi_Module__diagsIncluded__C       
20011494  ti_sysbios_family_arm_m3_Hwi_Module__diagsMask__C           
20011498  ti_sysbios_family_arm_m3_Hwi_Module__loggerFxn1__C          
2001149c  ti_sysbios_family_arm_m3_Hwi_Module__loggerFxn8__C          
200114a0  ti_sysbios_family_arm_m3_Hwi_Module__loggerObj__C           
200114a4  ti_sysbios_family_arm_m3_Hwi_NUM_INTERRUPTS__C              
200114a8  ti_sysbios_family_arm_m3_Hwi_Object__count__C               
200114ac  ti_sysbios_family_arm_m3_Hwi_ccr__C                         
200114b0  ti_sysbios_family_arm_m3_Hwi_excHandlerFunc__C              
200114b4  ti_sysbios_family_arm_m3_Hwi_excHookFuncs__C                
200114b8  ti_sysbios_family_arm_m3_Hwi_nullIsrFunc__C                 
200114bc  ti_sysbios_family_arm_m3_Hwi_priGroup__C                    
200114c0  ti_sysbios_family_arm_m3_TaskSupport_stackAlignment__C      
200114c4  ti_sysbios_family_arm_m3_Timer_E_cannotSupport__C           
200114c8  ti_sysbios_family_arm_m3_Timer_startupNeeded__C             
200114cc  ti_sysbios_gates_GateMutex_A_badContext__C                  
200114d0  ti_sysbios_gates_GateMutex_Instance_State_sem__O            
200114d4  ti_sysbios_gates_GateMutex_Module__diagsEnabled__C          
200114d8  ti_sysbios_gates_GateMutex_Module__diagsIncluded__C         
200114dc  ti_sysbios_gates_GateMutex_Module__diagsMask__C             
200114e0  ti_sysbios_hal_Hwi_E_stackOverflow__C                       
200114e4  ti_sysbios_heaps_HeapMem_A_align__C                         
200114e8  ti_sysbios_heaps_HeapMem_A_heapSize__C                      
200114ec  ti_sysbios_heaps_HeapMem_A_invalidFree__C                   
200114f0  ti_sysbios_heaps_HeapMem_A_zeroBlock__C                     
200114f4  ti_sysbios_heaps_HeapMem_E_memory__C                        
200114f8  ti_sysbios_heaps_HeapMem_Module__diagsEnabled__C            
200114fc  ti_sysbios_heaps_HeapMem_Module__diagsIncluded__C           
20011500  ti_sysbios_heaps_HeapMem_Module__diagsMask__C               
20011504  ti_sysbios_heaps_HeapMem_Module__gateObj__C                 
20011508  ti_sysbios_heaps_HeapMem_Object__count__C                   
2001150c  ti_sysbios_heaps_HeapMem_reqAlign__C                        
20011510  ti_sysbios_knl_Clock_LM_begin__C                            
20011514  ti_sysbios_knl_Clock_LM_tick__C                             
20011518  ti_sysbios_knl_Clock_LW_delayed__C                          
2001151c  ti_sysbios_knl_Clock_Module_State_clockQ__O                 
20011520  ti_sysbios_knl_Clock_Module__diagsEnabled__C                
20011524  ti_sysbios_knl_Clock_Module__diagsIncluded__C               
20011528  ti_sysbios_knl_Clock_Module__diagsMask__C                   
2001152c  ti_sysbios_knl_Clock_Module__loggerFxn1__C                  
20011530  ti_sysbios_knl_Clock_Module__loggerFxn2__C                  
20011534  ti_sysbios_knl_Clock_Module__loggerObj__C                   
20011538  ti_sysbios_knl_Clock_tickPeriod__C                          
2001153c  ti_sysbios_knl_Idle_funcList__A                             
20011540  ti_sysbios_knl_Mailbox_A_invalidBufSize__C                  
20011544  ti_sysbios_knl_Mailbox_Instance_State_dataQue__O            
20011548  ti_sysbios_knl_Mailbox_Instance_State_dataSem__O            
2001154c  ti_sysbios_knl_Mailbox_Instance_State_freeQue__O            
20011550  ti_sysbios_knl_Mailbox_Instance_State_freeSem__O            
20011554  ti_sysbios_knl_Mailbox_Module__diagsEnabled__C              
20011558  ti_sysbios_knl_Mailbox_Module__diagsIncluded__C             
2001155c  ti_sysbios_knl_Mailbox_Module__diagsMask__C                 
20011560  ti_sysbios_knl_Mailbox_Object__count__C                     
20011564  ti_sysbios_knl_Mailbox_maxTypeAlign__C                      
20011568  ti_sysbios_knl_Semaphore_A_badContext__C                    
2001156c  ti_sysbios_knl_Semaphore_A_noEvents__C                      
20011570  ti_sysbios_knl_Semaphore_A_overflow__C                      
20011574  ti_sysbios_knl_Semaphore_A_pendTaskDisabled__C              
20011578  ti_sysbios_knl_Semaphore_Instance_State_pendQ__O            
2001157c  ti_sysbios_knl_Semaphore_LM_pend__C                         
20011580  ti_sysbios_knl_Semaphore_LM_post__C                         
20011584  ti_sysbios_knl_Semaphore_Module__diagsEnabled__C            
20011588  ti_sysbios_knl_Semaphore_Module__diagsIncluded__C           
2001158c  ti_sysbios_knl_Semaphore_Module__diagsMask__C               
20011590  ti_sysbios_knl_Semaphore_Module__loggerFxn2__C              
20011594  ti_sysbios_knl_Semaphore_Module__loggerFxn4__C              
20011598  ti_sysbios_knl_Semaphore_Module__loggerObj__C               
2001159c  ti_sysbios_knl_Swi_LD_end__C                                
200115a0  ti_sysbios_knl_Swi_LM_begin__C                              
200115a4  ti_sysbios_knl_Swi_LM_post__C                               
200115a8  ti_sysbios_knl_Swi_Module__diagsEnabled__C                  
200115ac  ti_sysbios_knl_Swi_Module__diagsIncluded__C                 
200115b0  ti_sysbios_knl_Swi_Module__diagsMask__C                     
200115b4  ti_sysbios_knl_Swi_Module__loggerFxn1__C                    
200115b8  ti_sysbios_knl_Swi_Module__loggerFxn4__C                    
200115bc  ti_sysbios_knl_Swi_Module__loggerObj__C                     
200115c0  ti_sysbios_knl_Swi_Object__count__C                         
200115c4  ti_sysbios_knl_Task_A_badPriority__C                        
200115c8  ti_sysbios_knl_Task_A_badTaskState__C                       
200115cc  ti_sysbios_knl_Task_A_badThreadType__C                      
200115d0  ti_sysbios_knl_Task_A_badTimeout__C                         
200115d4  ti_sysbios_knl_Task_A_noPendElem__C                         
200115d8  ti_sysbios_knl_Task_A_sleepTaskDisabled__C                  
200115dc  ti_sysbios_knl_Task_E_spOutOfBounds__C                      
200115e0  ti_sysbios_knl_Task_E_stackOverflow__C                      
200115e4  ti_sysbios_knl_Task_LD_block__C                             
200115e8  ti_sysbios_knl_Task_LD_exit__C                              
200115ec  ti_sysbios_knl_Task_LD_ready__C                             
200115f0  ti_sysbios_knl_Task_LM_sleep__C                             
200115f4  ti_sysbios_knl_Task_LM_switch__C                            
200115f8  ti_sysbios_knl_Task_LM_yield__C                             
200115fc  ti_sysbios_knl_Task_Module_State_inactiveQ__O               
20011600  ti_sysbios_knl_Task_Module__diagsEnabled__C                 
20011604  ti_sysbios_knl_Task_Module__diagsIncluded__C                
20011608  ti_sysbios_knl_Task_Module__diagsMask__C                    
2001160c  ti_sysbios_knl_Task_Module__loggerFxn2__C                   
20011610  ti_sysbios_knl_Task_Module__loggerFxn4__C                   
20011614  ti_sysbios_knl_Task_Module__loggerObj__C                    
20011618  ti_sysbios_knl_Task_Object__count__C                        
2001161c  ti_sysbios_knl_Task_allBlockedFunc__C                       
20011620  ti_sysbios_knl_Task_defaultStackHeap__C                     
20011624  ti_sysbios_knl_Task_defaultStackSize__C                     
20011628  ti_sysbios_knl_Task_numConstructedTasks__C                  
2001162c  xdc_runtime_Assert_E_assertFailed__C                        
20011630  xdc_runtime_Core_A_initializedParams__C                     
20011634  xdc_runtime_Core_Module__diagsEnabled__C                    
20011638  xdc_runtime_Core_Module__diagsIncluded__C                   
2001163c  xdc_runtime_Core_Module__diagsMask__C                       
20011640  xdc_runtime_Error_E_memory__C                               
20011644  xdc_runtime_Error_Module__diagsEnabled__C                   
20011648  xdc_runtime_Error_Module__diagsIncluded__C                  
2001164c  xdc_runtime_Error_Module__diagsMask__C                      
20011650  xdc_runtime_Error_Module__loggerFxn8__C                     
20011654  xdc_runtime_Error_Module__loggerObj__C                      
20011658  xdc_runtime_Error_policyFxn__C                              
2001165c  xdc_runtime_Error_raiseHook__C                              
20011660  xdc_runtime_IFilterLogger_Interface__BASE__C                
20011664  xdc_runtime_IGateProvider_Interface__BASE__C                
20011668  xdc_runtime_IHeap_Interface__BASE__C                        
2001166c  xdc_runtime_ILogger_Interface__BASE__C                      
20011670  xdc_runtime_IModule_Interface__BASE__C                      
20011674  xdc_runtime_Log_L_error__C                                  
20011678  xdc_runtime_LoggerBuf_E_badLevel__C                         
2001167c  xdc_runtime_LoggerBuf_Module__gateObj__C                    
20011680  xdc_runtime_LoggerBuf_Object__count__C                      
20011684  xdc_runtime_LoggerBuf_statusLogger__C                       
20011688  xdc_runtime_Memory_defaultHeapInstance__C                   
2001168c  xdc_runtime_Startup_execImpl__C                             
20011690  xdc_runtime_Startup_maxPasses__C                            
20011694  xdc_runtime_Startup_sfxnRts__C                              
20011698  xdc_runtime_Startup_sfxnTab__C                              
2001169c  xdc_runtime_SysMin_bufSize__C                               
200116a0  xdc_runtime_SysMin_outputFunc__C                            
200116a4  xdc_runtime_System_Module__gateObj__C                       
200116a8  xdc_runtime_System_abortFxn__C                              
200116ac  xdc_runtime_System_exitFxn__C                               
200116b0  xdc_runtime_System_extendFxn__C                             
200116b4  xdc_runtime_System_maxAtexitHandlers__C                     
200116b8  xdc_runtime_Text_charTab__C                                 
200116bc  xdc_runtime_Text_nameEmpty__C                               
200116c0  xdc_runtime_Text_nameStatic__C                              
200116c4  xdc_runtime_Text_nameUnknown__C                             
200116c8  xdc_runtime_Text_nodeTab__C                                 
200116cc  xdc_runtime_Text_visitRopeFxn__C                            
200116d0  ti_sysbios_family_arm_m3_TimestampProvider_configTimer__C   
200116d2  ti_sysbios_gates_GateMutex_Module__id__C                    
200116d4  ti_sysbios_hal_Hwi_Module__id__C                            
200116d6  ti_sysbios_heaps_HeapMem_Module__id__C                      
200116d8  ti_sysbios_knl_Clock_Module__id__C                          
200116da  ti_sysbios_knl_Clock_Module__loggerDefined__C               
200116dc  ti_sysbios_knl_Mailbox_Module__id__C                        
200116de  ti_sysbios_knl_Semaphore_Module__id__C                      
200116e0  ti_sysbios_knl_Semaphore_Module__loggerDefined__C           
200116e2  ti_sysbios_knl_Swi_Module__id__C                            
200116e4  ti_sysbios_knl_Swi_Module__loggerDefined__C                 
200116e6  ti_sysbios_knl_Task_Module__id__C                           
200116e8  ti_sysbios_knl_Task_Module__loggerDefined__C                
200116ea  ti_sysbios_knl_Task_initStackFlag__C                        
200116ec  xdc_runtime_Core_Module__id__C                              
200116ee  xdc_runtime_Error_Module__loggerDefined__C                  
200116f0  xdc_runtime_Error_maxDepth__C                               
200116f2  xdc_runtime_LoggerBuf_Module__id__C                         
200116f4  xdc_runtime_LoggerBuf_filterByLevel__C                      
200116f6  xdc_runtime_Memory_Module__id__C                            
200116f8  xdc_runtime_SysMin_flushAtExit__C                           
200116fa  xdc_runtime_Text_charCnt__C                                 
200116fc  xdc_runtime_Text_isLoaded__C                                
200116fe  xdc_runtime_Text_registryModsLastId__C                      
20011700  xdc_runtime_Text_unnamedModsLastId__C                       
20011708  __TI_static_base__                                          
200118ac  __TI_Handler_Table_Base                                     
200118b8  __TI_Handler_Table_Limit                                    
200118c0  __TI_CINIT_Base                                             
200118d0  __TI_CINIT_Limit                                            
20017000  ti_sysbios_heaps_HeapMem_Instance_State_0_buf__A            
2001f000  ti_sysbios_knl_Task_Instance_State_0_stack__A               
2001f800  xdc_runtime_LoggerBuf_Instance_State_0_entryArr__A          
2001fc00  xdc_runtime_SysMin_Module_State_0_outbuf__A                 
20020000  ti_sysbios_family_arm_m3_Hwi_dispatchTable                  
2002030c  g_StatMem                                                   
20020484  __CIOBUF_                                                   
2002069c  g_ucDinDout                                                 
20020710  DMAMsgQ                                                     
20020714  SimpleLinkSpawnTaskHndl                                     
20020718  _clientSocket                                               
2002071c  _socketTaskHandle                                           
20020720  g_cDummy                                                    
20020724  simpleLink_mailbox                                          
20020728  RxIrqCnt                                                    
2002072c  ti_sysbios_knl_Swi_Module_State_0_readyQ__A                 
200207ac  ti_sysbios_knl_Task_Module_State_0_readyQ__A                
2002082c  TSK_idle                                                    
2002082c  ti_sysbios_knl_Task_Object__table__V                        
20020878  ti_sysbios_knl_Task_Module__state__V                        
200208bc  ti_sysbios_gates_GateMutex_Object__table__V                 
200208f4  ti_sysbios_family_arm_m3_Hwi_Module__state__V               
20020928  ti_sysbios_family_arm_m3_Timer_Object__table__V             
20020958  ti_sysbios_knl_Swi_Object__table__V                         
20020988  ti_sysbios_knl_Clock_Module__state__V                       
200209b4  ti_sysbios_BIOS_Module__state__V                            
200209d8  xdc_runtime_LoggerBuf_Object__table__V                      
200209fc  ti_sysbios_knl_Swi_Module__state__V                         
20020a18  ti_sysbios_family_arm_m3_Hwi_Object__table__V               
20020a30  ti_sysbios_heaps_HeapMem_Object__table__V                   
20020a48  xdc_runtime_System_Module_State_0_atexitHandlers__A         
20020a58  __TI_cleanup_ptr                                            
20020a5c  __TI_dtors_ptr                                              
20020a60  __TI_enable_exit_profile_output                             
20020a70  ti_sysbios_family_arm_m3_Timer_Module__state__V             
20020a7c  xdc_runtime_SysMin_Module__state__V                         
20020a88  g_SpiFd                                                     
20020a8c  g_pHostIntHdl                                               
20020a90  g_ucDMAEnabled                                              
20020a91  _apState                                                    
20020a92  _socketState                                                
20020a94  g_pCB                                                       
20020a98  pPingCallBackFunc                                           
20020a9c  gFirstCmdMode                                               
20020a9e  ti_sysbios_family_arm_m3_Hwi_Module_State_0_excActive__A    
20020aa0  _lock                                                       
20020aa4  _unlock                                                     
20020aa8  ti_sysbios_family_arm_m3_Hwi_Module__root__V                
20020ab0  ti_sysbios_gates_GateHwi_Module__root__V                    
20020ab8  ti_sysbios_gates_GateMutex_Module__root__V                  
20020ac0  ti_sysbios_heaps_HeapMem_Module__root__V                    
20020ac8  ti_sysbios_knl_Mailbox_Module__root__V                      
20020ad0  ti_sysbios_knl_Queue_Module__root__V                        
20020ad8  ti_sysbios_knl_Semaphore_Module__root__V                    
20020ae0  ti_sysbios_knl_Task_Module__root__V                         
20020ae8  xdc_runtime_LoggerBuf_Module__root__V                       
20020af0  xdc_runtime_Registry_Module__state__V                       
20020af8  xdc_runtime_Startup_Module__state__V                        
20020b00  xdc_runtime_System_Module__state__V                         
20020b08  xdc_runtime_LoggerBuf_Module__state__V                      
20020b0e  xdc_runtime_Error_Module__state__V                          
20020b10  main_func_sp                                                
20020b14  ti_sysbios_family_arm_m3_Hwi_Module_State_0_excContext__A   
20020b18  ti_sysbios_family_arm_m3_Hwi_Module_State_0_excStack__A     
20020b1c  ti_sysbios_family_arm_m3_TimestampProvider_Module__state__V 
20020b20  ti_sysbios_gates_GateHwi_Object__table__V                   
20020b24  ti_sysbios_knl_Task_Module_State_0_idleTask__A              
20020b28  xdc_runtime_Memory_Module__state__V                         
2002e000  __stack                                                     
20030000  __STACK_END                                                 
e000e000  ti_sysbios_family_arm_m3_Hwi_nvic                           
ffffffff  __TI_pprof_out_hndl                                         
ffffffff  __TI_prof_data_size                                         
ffffffff  __TI_prof_data_start                                        
ffffffff  __binit__                                                   
ffffffff  __c_args__                                                  
ffffffff  binit                                                       
UNDEFED   SHT$$INIT_ARRAY$$Base                                       
UNDEFED   SHT$$INIT_ARRAY$$Limit                                      

[906 symbols]
